Archive member included to satisfy reference by file (symbol)

/usr/lib/gcc/arm-none-eabi/10.3.1/../../../arm-none-eabi/lib/thumb/v7e-m+fp/hard/libg.a(lib_a-atexit.o)
                              /usr/lib/gcc/arm-none-eabi/10.3.1/../../../arm-none-eabi/lib/thumb/v7e-m+fp/hard/crt0.o (atexit)
/usr/lib/gcc/arm-none-eabi/10.3.1/../../../arm-none-eabi/lib/thumb/v7e-m+fp/hard/libg.a(lib_a-ctype_.o)
                              build/parser.o (_ctype_)
/usr/lib/gcc/arm-none-eabi/10.3.1/../../../arm-none-eabi/lib/thumb/v7e-m+fp/hard/libg.a(lib_a-errno.o)
                              build/syscall.o (__errno)
/usr/lib/gcc/arm-none-eabi/10.3.1/../../../arm-none-eabi/lib/thumb/v7e-m+fp/hard/libg.a(lib_a-exit.o)
                              /usr/lib/gcc/arm-none-eabi/10.3.1/../../../arm-none-eabi/lib/thumb/v7e-m+fp/hard/crt0.o (exit)
/usr/lib/gcc/arm-none-eabi/10.3.1/../../../arm-none-eabi/lib/thumb/v7e-m+fp/hard/libg.a(lib_a-fini.o)
                              /usr/lib/gcc/arm-none-eabi/10.3.1/../../../arm-none-eabi/lib/thumb/v7e-m+fp/hard/crt0.o (__libc_fini_array)
/usr/lib/gcc/arm-none-eabi/10.3.1/../../../arm-none-eabi/lib/thumb/v7e-m+fp/hard/libg.a(lib_a-impure.o)
                              /usr/lib/gcc/arm-none-eabi/10.3.1/../../../arm-none-eabi/lib/thumb/v7e-m+fp/hard/libg.a(lib_a-exit.o) (_global_impure_ptr)
/usr/lib/gcc/arm-none-eabi/10.3.1/../../../arm-none-eabi/lib/thumb/v7e-m+fp/hard/libg.a(lib_a-init.o)
                              /usr/lib/gcc/arm-none-eabi/10.3.1/../../../arm-none-eabi/lib/thumb/v7e-m+fp/hard/crt0.o (__libc_init_array)
/usr/lib/gcc/arm-none-eabi/10.3.1/../../../arm-none-eabi/lib/thumb/v7e-m+fp/hard/libg.a(lib_a-memset.o)
                              /usr/lib/gcc/arm-none-eabi/10.3.1/../../../arm-none-eabi/lib/thumb/v7e-m+fp/hard/crt0.o (memset)
/usr/lib/gcc/arm-none-eabi/10.3.1/../../../arm-none-eabi/lib/thumb/v7e-m+fp/hard/libg.a(lib_a-printf.o)
                              build/main.o (printf)
/usr/lib/gcc/arm-none-eabi/10.3.1/../../../arm-none-eabi/lib/thumb/v7e-m+fp/hard/libg.a(lib_a-putchar.o)
                              build/parser.o (putchar)
/usr/lib/gcc/arm-none-eabi/10.3.1/../../../arm-none-eabi/lib/thumb/v7e-m+fp/hard/libg.a(lib_a-puts.o)
                              build/main.o (puts)
/usr/lib/gcc/arm-none-eabi/10.3.1/../../../arm-none-eabi/lib/thumb/v7e-m+fp/hard/libg.a(lib_a-setvbuf.o)
                              build/terminal.o (setvbuf)
/usr/lib/gcc/arm-none-eabi/10.3.1/../../../arm-none-eabi/lib/thumb/v7e-m+fp/hard/libg.a(lib_a-strcasecmp.o)
                              build/parser.o (strcasecmp)
/usr/lib/gcc/arm-none-eabi/10.3.1/../../../arm-none-eabi/lib/thumb/v7e-m+fp/hard/libg.a(lib_a-strcpy.o)
                              build/parser.o (strcpy)
/usr/lib/gcc/arm-none-eabi/10.3.1/../../../arm-none-eabi/lib/thumb/v7e-m+fp/hard/libg.a(lib_a-strlen.o)
                              build/parser.o (strlen)
/usr/lib/gcc/arm-none-eabi/10.3.1/../../../arm-none-eabi/lib/thumb/v7e-m+fp/hard/libg.a(lib_a-strtok.o)
                              build/parser.o (strtok)
/usr/lib/gcc/arm-none-eabi/10.3.1/../../../arm-none-eabi/lib/thumb/v7e-m+fp/hard/libg.a(lib_a-strtok_r.o)
                              /usr/lib/gcc/arm-none-eabi/10.3.1/../../../arm-none-eabi/lib/thumb/v7e-m+fp/hard/libg.a(lib_a-strtok.o) (__strtok_r)
/usr/lib/gcc/arm-none-eabi/10.3.1/../../../arm-none-eabi/lib/thumb/v7e-m+fp/hard/libg.a(lib_a-strtol.o)
                              build/parser.o (strtol)
/usr/lib/gcc/arm-none-eabi/10.3.1/../../../arm-none-eabi/lib/thumb/v7e-m+fp/hard/libg.a(lib_a-strtoul.o)
                              build/parser.o (strtoul)
/usr/lib/gcc/arm-none-eabi/10.3.1/../../../arm-none-eabi/lib/thumb/v7e-m+fp/hard/libg.a(lib_a-vfprintf.o)
                              /usr/lib/gcc/arm-none-eabi/10.3.1/../../../arm-none-eabi/lib/thumb/v7e-m+fp/hard/libg.a(lib_a-printf.o) (_vfprintf_r)
/usr/lib/gcc/arm-none-eabi/10.3.1/../../../arm-none-eabi/lib/thumb/v7e-m+fp/hard/libg.a(lib_a-wsetup.o)
                              /usr/lib/gcc/arm-none-eabi/10.3.1/../../../arm-none-eabi/lib/thumb/v7e-m+fp/hard/libg.a(lib_a-vfprintf.o) (__swsetup_r)
/usr/lib/gcc/arm-none-eabi/10.3.1/../../../arm-none-eabi/lib/thumb/v7e-m+fp/hard/libg.a(lib_a-__atexit.o)
                              /usr/lib/gcc/arm-none-eabi/10.3.1/../../../arm-none-eabi/lib/thumb/v7e-m+fp/hard/libg.a(lib_a-atexit.o) (__register_exitproc)
/usr/lib/gcc/arm-none-eabi/10.3.1/../../../arm-none-eabi/lib/thumb/v7e-m+fp/hard/libg.a(lib_a-__call_atexit.o)
                              /usr/lib/gcc/arm-none-eabi/10.3.1/../../../arm-none-eabi/lib/thumb/v7e-m+fp/hard/libg.a(lib_a-exit.o) (__call_exitprocs)
/usr/lib/gcc/arm-none-eabi/10.3.1/../../../arm-none-eabi/lib/thumb/v7e-m+fp/hard/libg.a(lib_a-dtoa.o)
                              /usr/lib/gcc/arm-none-eabi/10.3.1/../../../arm-none-eabi/lib/thumb/v7e-m+fp/hard/libg.a(lib_a-vfprintf.o) (_dtoa_r)
[...]
Memory Configuration

Name             Origin             Length             Attributes
FLASH            0x0000000008000000 0x0000000000040000 xr
RAM              0x0000000020000000 0x000000000000a000 xrw
CCMRAM           0x0000000010000000 0x0000000000002000 rw
*default*        0x0000000000000000 0xffffffffffffffff

Linker script and memory map

LOAD /usr/lib/gcc/arm-none-eabi/10.3.1/thumb/v7e-m+fp/hard/crti.o
LOAD /usr/lib/gcc/arm-none-eabi/10.3.1/thumb/v7e-m+fp/hard/crtbegin.o
LOAD /usr/lib/gcc/arm-none-eabi/10.3.1/../../../arm-none-eabi/lib/thumb/v7e-m+fp/hard/crt0.o
LOAD build/main.o
LOAD build/mes/bc_hook.o
LOAD build/mes/bc_asm.o
LOAD build/mes/watchdog.o
LOAD build/mycode.o
LOAD build/mytest.o
LOAD build/monitor.o
LOAD build/parser.o
LOAD build/dump.o
LOAD build/syscall.o
LOAD build/terminal.o
LOAD build/decoder/decoder.o
LOAD build/decoder/STM32F30x_decoder.o
LOAD build/Drivers/CMSIS/Device/ST/STM32F3xx/Source/Templates/system_stm32f3xx.o
LOAD build/Drivers/STM32F3xx_HAL_Driver/Src/stm32f3xx_hal_rcc.o
LOAD build/Drivers/STM32F3xx_HAL_Driver/Src/stm32f3xx_hal.o
LOAD build/Drivers/STM32F3xx_HAL_Driver/Src/stm32f3xx_hal_cortex.o
LOAD build/Drivers/STM32F3xx_HAL_Driver/Src/stm32f3xx_hal_uart.o
LOAD build/Drivers/STM32F3xx_HAL_Driver/Src/stm32f3xx_hal_gpio.o
LOAD build/Drivers/STM32F3xx_HAL_Driver/Src/stm32f3xx_hal_pcd.o
LOAD build/Drivers/STM32F3xx_HAL_Driver/Src/stm32f3xx_hal_pcd_ex.o
LOAD build/Drivers/STM32F3xx_HAL_Driver/Src/stm32f3xx_hal_i2c.o
LOAD build/Drivers/STM32F3xx_HAL_Driver/Src/stm32f3xx_hal_spi.o
LOAD build/Drivers/STM32F3xx_HAL_Driver/Src/stm32f3xx_hal_iwdg.o
LOAD build/Drivers/STM32_USB_Device_Library/Core/Src/usbd_core.o
LOAD build/Drivers/STM32_USB_Device_Library/Core/Src/usbd_ctlreq.o
LOAD build/Drivers/STM32_USB_Device_Library/Core/Src/usbd_ioreq.o
LOAD build/Drivers/STM32_USB_Device_Library/Class/CDC/Src/usbd_cdc.o
LOAD build/usbd_conf.o
LOAD build/usbd_desc.o
LOAD build/usbd_cdc_interface.o
LOAD build/Drivers/BSP/STM32F3-Discovery/stm32f3_discovery.o
LOAD build/Drivers/BSP/STM32F3-Discovery/stm32f3_discovery_accelerometer.o
LOAD build/Drivers/BSP/STM32F3-Discovery/stm32f3_discovery_gyroscope.o
LOAD build/Drivers/BSP/Components/lsm303dlhc/lsm303dlhc.o
LOAD build/Drivers/BSP/Components/l3gd20/l3gd20.o
LOAD build/Drivers/BSP/Components/i3g4250d/i3g4250d.o
LOAD build/Drivers/BSP/Components/lsm303agr/lsm303agr.o
LOAD build/Drivers/CMSIS/Device/ST/STM32F3xx/Source/Templates/gcc/startup_stm32f303xc.o
START GROUP
LOAD /usr/lib/gcc/arm-none-eabi/10.3.1/thumb/v7e-m+fp/hard/libgcc.a
LOAD /usr/lib/gcc/arm-none-eabi/10.3.1/../../../arm-none-eabi/lib/thumb/v7e-m+fp/hard/libg.a
LOAD /usr/lib/gcc/arm-none-eabi/10.3.1/../../../arm-none-eabi/lib/thumb/v7e-m+fp/hard/libc.a
END GROUP
START GROUP
LOAD /usr/lib/gcc/arm-none-eabi/10.3.1/thumb/v7e-m+fp/hard/libgcc.a
LOAD /usr/lib/gcc/arm-none-eabi/10.3.1/../../../arm-none-eabi/lib/thumb/v7e-m+fp/hard/libc.a
LOAD /usr/lib/gcc/arm-none-eabi/10.3.1/../../../arm-none-eabi/lib/thumb/v7e-m+fp/hard/libnosys.a
END GROUP
LOAD /usr/lib/gcc/arm-none-eabi/10.3.1/thumb/v7e-m+fp/hard/crtend.o
LOAD /usr/lib/gcc/arm-none-eabi/10.3.1/thumb/v7e-m+fp/hard/crtn.o
                0x0000000020008000                _estack = 0x20008000
                0x0000000000001000                _Min_Heap_Size = 0x1000
                0x0000000000000400                _Min_Stack_Size = 0x400

.isr_vector     0x0000000008000000      0x188
                0x0000000008000000                . = ALIGN (0x4)
 *(.isr_vector)
 .isr_vector    0x0000000008000000      0x188 build/Drivers/CMSIS/Device/ST/STM32F3xx/Source/Templates/gcc/startup_stm32f303xc.o
                0x0000000008000000                g_pfnVectors
                0x0000000008000188                . = ALIGN (0x4)

.text           0x00000000080001c0     0xcc98
                0x00000000080001c0                . = ALIGN (0x4)
 *(.text)
 .text          0x00000000080001c0       0x88 /usr/lib/gcc/arm-none-eabi/10.3.1/thumb/v7e-m+fp/hard/crtbegin.o
 .text          0x0000000008000248      0x3f0 build/mes/bc_asm.o
                0x0000000008000248                add_test
                0x000000000800029c                bc_led_demo_a2
                0x0000000008000314                get_string
                0x0000000008000324                bc_Game
                0x0000000008000408                accel_test
                0x0000000008000440                bc_tilt
                0x000000000800056c                lab8
                0x0000000008000584                _bc_a5_tick_handler
                0x00000000080005a0                _bc_a5_tick_check
 .text          0x0000000008000638       0x38 build/mycode.o
                0x0000000008000638                mytest
                0x0000000008000650                my_Tick
                0x0000000008000664                my_Loop
                0x0000000008000668                my_Init
 .text          0x0000000008000670        0xc /usr/lib/gcc/arm-none-eabi/10.3.1/../../../arm-none-eabi/lib/thumb/v7e-m+fp/hard/libg.a(lib_a-atexit.o)
                0x0000000008000670                atexit
 .text          0x000000000800067c        0xc /usr/lib/gcc/arm-none-eabi/10.3.1/../../../arm-none-eabi/lib/thumb/v7e-m+fp/hard/libg.a(lib_a-errno.o)
                0x000000000800067c                __errno
 .text          0x0000000008000688       0x2c /usr/lib/gcc/arm-none-eabi/10.3.1/../../../arm-none-eabi/lib/thumb/v7e-m+fp/hard/libg.a(lib_a-fini.o)
                0x0000000008000688                __libc_fini_array
 .text          0x00000000080006b4       0x48 /usr/lib/gcc/arm-none-eabi/10.3.1/../../../arm-none-eabi/lib/thumb/v7e-m+fp/hard/libg.a(lib_a-init.o)
                0x00000000080006b4                __libc_init_array
 .text          0x00000000080006fc       0xa4 /usr/lib/gcc/arm-none-eabi/10.3.1/../../../arm-none-eabi/lib/thumb/v7e-m+fp/hard/libg.a(lib_a-memset.o)
                0x00000000080006fc                memset
 .text          0x00000000080007a0       0x48 /usr/lib/gcc/arm-none-eabi/10.3.1/../../../arm-none-eabi/lib/thumb/v7e-m+fp/hard/libg.a(lib_a-printf.o)
                0x00000000080007a0                _printf_r
                0x00000000080007c0                printf
 .text          0x00000000080007e8       0x18 /usr/lib/gcc/arm-none-eabi/10.3.1/../../../arm-none-eabi/lib/thumb/v7e-m+fp/hard/libg.a(lib_a-putchar.o)
                0x00000000080007e8                _putchar_r
                0x00000000080007f0                putchar
 .text          0x0000000008000800       0x78 /usr/lib/gcc/arm-none-eabi/10.3.1/../../../arm-none-eabi/lib/thumb/v7e-m+fp/hard/libg.a(lib_a-puts.o)
                0x0000000008000800                _puts_r
                0x0000000008000868                puts
 .text          0x0000000008000878      0x174 /usr/lib/gcc/arm-none-eabi/10.3.1/../../../arm-none-eabi/lib/thumb/v7e-m+fp/hard/libg.a(lib_a-setvbuf.o)
                0x0000000008000878                setvbuf
 .text          0x00000000080009ec       0x4c /usr/lib/gcc/arm-none-eabi/10.3.1/../../../arm-none-eabi/lib/thumb/v7e-m+fp/hard/libg.a(lib_a-strcasecmp.o)
                0x00000000080009ec                strcasecmp
 .text          0x0000000008000a38       0xbc /usr/lib/gcc/arm-none-eabi/10.3.1/../../../arm-none-eabi/lib/thumb/v7e-m+fp/hard/libg.a(lib_a-strcpy.o)
                0x0000000008000a38                strcpy
 *fill*         0x0000000008000af4        0xc 
 .text          0x0000000008000b00       0xdc /usr/lib/gcc/arm-none-eabi/10.3.1/../../../arm-none-eabi/lib/thumb/v7e-m+fp/hard/libg.a(lib_a-strlen.o)
                0x0000000008000b00                strlen
 .text          0x0000000008000bdc       0x10 /usr/lib/gcc/arm-none-eabi/10.3.1/../../../arm-none-eabi/lib/thumb/v7e-m+fp/hard/libg.a(lib_a-strtok.o)
                0x0000000008000bdc                strtok
 .text          0x0000000008000bec       0x6c /usr/lib/gcc/arm-none-eabi/10.3.1/../../../arm-none-eabi/lib/thumb/v7e-m+fp/hard/libg.a(lib_a-strtok_r.o)
                0x0000000008000bec                __strtok_r
                0x0000000008000c50                strtok_r
 .text          0x0000000008000c58      0x170 /usr/lib/gcc/arm-none-eabi/10.3.1/../../../arm-none-eabi/lib/thumb/v7e-m+fp/hard/libg.a(lib_a-strtoul.o)
                0x0000000008000d94                _strtoul_r
                0x0000000008000d98                strtoul_l
                0x0000000008000db0                strtoul
 .text          0x0000000008000dc8     0x159c /usr/lib/gcc/arm-none-eabi/10.3.1/../../../arm-none-eabi/lib/thumb/v7e-m+fp/hard/libg.a(lib_a-vfprintf.o)
                0x0000000008000dc8                _vfprintf_r
                0x00000000080022dc                vfprintf
 .text          0x0000000008002364       0xd4 /usr/lib/gcc/arm-none-eabi/10.3.1/../../../arm-none-eabi/lib/thumb/v7e-m+fp/hard/libg.a(lib_a-wsetup.o)
                0x0000000008002364                __swsetup_r
 .text          0x0000000008002438       0x68 /usr/lib/gcc/arm-none-eabi/10.3.1/../../../arm-none-eabi/lib/thumb/v7e-m+fp/hard/libg.a(lib_a-__atexit.o)
                0x0000000008002438                __register_exitproc
 .text          0x00000000080024a0     0x1064 /usr/lib/gcc/arm-none-eabi/10.3.1/../../../arm-none-eabi/lib/thumb/v7e-m+fp/hard/libg.a(lib_a-dtoa.o)
                0x00000000080025c8                _dtoa_r
 .text          0x0000000008003504      0x1ac /usr/lib/gcc/arm-none-eabi/10.3.1/../../../arm-none-eabi/lib/thumb/v7e-m+fp/hard/libg.a(lib_a-fflush.o)
                0x0000000008003504                __sflush_r
                0x0000000008003634                _fflush_r
                0x0000000008003660                fflush
 .text          0x00000000080036b0      0x218 /usr/lib/gcc/arm-none-eabi/10.3.1/../../../arm-none-eabi/lib/thumb/v7e-m+fp/hard/libg.a(lib_a-findfp.o)
                0x00000000080036b4                _cleanup_r
                0x000000000800379c                __sfmoreglue
                0x00000000080037cc                __sfp
                0x0000000008003874                _cleanup
                0x0000000008003888                __sinit
                0x0000000008003890                __sfp_lock_acquire
                0x0000000008003894                __sfp_lock_release
                0x0000000008003898                __sinit_lock_acquire
                0x000000000800389c                __sinit_lock_release
                0x00000000080038a0                __fp_lock_all
                0x00000000080038b4                __fp_unlock_all
 .text          0x00000000080038c8      0x2ac /usr/lib/gcc/arm-none-eabi/10.3.1/../../../arm-none-eabi/lib/thumb/v7e-m+fp/hard/libg.a(lib_a-freer.o)
                0x00000000080038c8                _malloc_trim_r
                0x0000000008003968                _free_r
 .text          0x0000000008003b74      0x2f0 /usr/lib/gcc/arm-none-eabi/10.3.1/../../../arm-none-eabi/lib/thumb/v7e-m+fp/hard/libg.a(lib_a-fvwrite.o)
                0x0000000008003b74                __sfvwrite_r
 .text          0x0000000008003e64       0x88 /usr/lib/gcc/arm-none-eabi/10.3.1/../../../arm-none-eabi/lib/thumb/v7e-m+fp/hard/libg.a(lib_a-fwalk.o)
                0x0000000008003e64                _fwalk
                0x0000000008003ea4                _fwalk_reent
 .text          0x0000000008003eec       0x14 /usr/lib/gcc/arm-none-eabi/10.3.1/../../../arm-none-eabi/lib/thumb/v7e-m+fp/hard/libg.a(lib_a-localeconv.o)
                0x0000000008003eec                __localeconv_l
                0x0000000008003ef0                _localeconv_r
                0x0000000008003ef8                localeconv
 .text          0x0000000008003f00      0x140 /usr/lib/gcc/arm-none-eabi/10.3.1/../../../arm-none-eabi/lib/thumb/v7e-m+fp/hard/libg.a(lib_a-makebuf.o)
                0x0000000008003f00                __smakebuf_r
                0x0000000008003fe0                __swhatbuf_r
 .text          0x0000000008004040       0x20 /usr/lib/gcc/arm-none-eabi/10.3.1/../../../arm-none-eabi/lib/thumb/v7e-m+fp/hard/libg.a(lib_a-malloc.o)
                0x0000000008004040                malloc
                0x0000000008004050                free
 .text          0x0000000008004060      0x554 /usr/lib/gcc/arm-none-eabi/10.3.1/../../../arm-none-eabi/lib/thumb/v7e-m+fp/hard/libg.a(lib_a-mallocr.o)
                0x0000000008004060                _malloc_r
 *fill*         0x00000000080045b4        0xc 
 .text          0x00000000080045c0       0xa0 /usr/lib/gcc/arm-none-eabi/10.3.1/../../../arm-none-eabi/lib/thumb/v7e-m+fp/hard/libg.a(lib_a-memchr.o)
                0x00000000080045c0                memchr
 .text          0x0000000008004660      0x134 /usr/lib/gcc/arm-none-eabi/10.3.1/../../../arm-none-eabi/lib/thumb/v7e-m+fp/hard/libg.a(lib_a-memcpy.o)
                0x0000000008004660                memcpy
 .text          0x0000000008004794       0xf8 /usr/lib/gcc/arm-none-eabi/10.3.1/../../../arm-none-eabi/lib/thumb/v7e-m+fp/hard/libg.a(lib_a-memmove.o)
                0x0000000008004794                memmove
 .text          0x000000000800488c        0x8 /usr/lib/gcc/arm-none-eabi/10.3.1/../../../arm-none-eabi/lib/thumb/v7e-m+fp/hard/libg.a(lib_a-mlock.o)
                0x000000000800488c                __malloc_lock
                0x0000000008004890                __malloc_unlock
 .text          0x0000000008004894      0xaa0 /usr/lib/gcc/arm-none-eabi/10.3.1/../../../arm-none-eabi/lib/thumb/v7e-m+fp/hard/libg.a(lib_a-mprec.o)
                0x0000000008004894                _Balloc
                0x00000000080048e0                _Bfree
                0x00000000080048f4                __multadd
                0x000000000800499c                __s2b
                0x0000000008004a50                __hi0bits
                0x0000000008004a90                __lo0bits
                0x0000000008004af0                __i2b
                0x0000000008004b4c                __multiply
                0x0000000008004ca8                __pow5mult
                0x0000000008004d68                __lshift
                0x0000000008004e58                __mcmp
                0x0000000008004e9c                __mdiff
                0x0000000008004fe8                __ulp
                0x0000000008005048                __b2d
                0x0000000008005108                __d2b
                0x00000000080051d8                __ratio
                0x0000000008005234                _mprec_log10
                0x0000000008005274                __copybits
                0x00000000080052d0                __any_on
 .text          0x0000000008005334       0xb8 /usr/lib/gcc/arm-none-eabi/10.3.1/../../../arm-none-eabi/lib/thumb/v7e-m+fp/hard/libg.a(lib_a-putc.o)
                0x0000000008005334                _putc_r
                0x000000000800538c                putc
 .text          0x00000000080053ec      0x3d8 /usr/lib/gcc/arm-none-eabi/10.3.1/../../../arm-none-eabi/lib/thumb/v7e-m+fp/hard/libg.a(lib_a-reallocr.o)
                0x00000000080053ec                _realloc_r
 .text          0x00000000080057c4       0x90 /usr/lib/gcc/arm-none-eabi/10.3.1/../../../arm-none-eabi/lib/thumb/v7e-m+fp/hard/libg.a(lib_a-stdio.o)
                0x00000000080057c4                __sread
                0x00000000080057e8                __seofread
                0x00000000080057ec                __swrite
                0x000000000800582c                __sseek
                0x000000000800584c                __sclose
 .text          0x0000000008005854      0xd44 /usr/lib/gcc/arm-none-eabi/10.3.1/../../../arm-none-eabi/lib/thumb/v7e-m+fp/hard/libg.a(lib_a-vfiprintf.o)
                0x00000000080058cc                __sprint_r
                0x00000000080058e4                _vfiprintf_r
                0x0000000008006510                vfiprintf
 .text          0x0000000008006598       0xc8 /usr/lib/gcc/arm-none-eabi/10.3.1/../../../arm-none-eabi/lib/thumb/v7e-m+fp/hard/libg.a(lib_a-wbuf.o)
                0x0000000008006598                __swbuf_r
                0x0000000008006648                __swbuf
 .text          0x0000000008006660       0x4c /usr/lib/gcc/arm-none-eabi/10.3.1/../../../arm-none-eabi/lib/thumb/v7e-m+fp/hard/libg.a(lib_a-assert.o)
                0x0000000008006660                __assert_func
                0x00000000080066a0                __assert
 .text          0x00000000080066ac       0x60 /usr/lib/gcc/arm-none-eabi/10.3.1/../../../arm-none-eabi/lib/thumb/v7e-m+fp/hard/libg.a(lib_a-callocr.o)
                0x00000000080066ac                _calloc_r
 .text          0x000000000800670c       0xd4 /usr/lib/gcc/arm-none-eabi/10.3.1/../../../arm-none-eabi/lib/thumb/v7e-m+fp/hard/libg.a(lib_a-fclose.o)
                0x0000000008006770                _fclose_r
                0x00000000080067a4                fclose
 .text          0x00000000080067e0       0x44 /usr/lib/gcc/arm-none-eabi/10.3.1/../../../arm-none-eabi/lib/thumb/v7e-m+fp/hard/libg.a(lib_a-fiprintf.o)
                0x00000000080067e0                _fiprintf_r
                0x00000000080067fc                fiprintf
 .text          0x0000000008006824      0x118 /usr/lib/gcc/arm-none-eabi/10.3.1/../../../arm-none-eabi/lib/thumb/v7e-m+fp/hard/libg.a(lib_a-fputwc.o)
                0x0000000008006824                __fputwc
                0x00000000080068cc                _fputwc_r
                0x00000000080068f4                fputwc
 .text          0x000000000800693c       0x8c /usr/lib/gcc/arm-none-eabi/10.3.1/../../../arm-none-eabi/lib/thumb/v7e-m+fp/hard/libg.a(lib_a-locale.o)
                0x000000000800693c                _setlocale_r
                0x000000000800697c                __locale_mb_cur_max
                0x0000000008006988                setlocale
 .text          0x00000000080069c8       0x40 /usr/lib/gcc/arm-none-eabi/10.3.1/../../../arm-none-eabi/lib/thumb/v7e-m+fp/hard/libg.a(lib_a-mbtowc_r.o)
                0x00000000080069c8                _mbtowc_r
                0x00000000080069dc                __ascii_mbtowc
 *fill*         0x0000000008006a08       0x18 
 .text          0x0000000008006a20      0x2dc /usr/lib/gcc/arm-none-eabi/10.3.1/../../../arm-none-eabi/lib/thumb/v7e-m+fp/hard/libg.a(lib_a-strcmp.o)
                0x0000000008006a28                strcmp
 .text          0x0000000008006cfc       0x88 /usr/lib/gcc/arm-none-eabi/10.3.1/../../../arm-none-eabi/lib/thumb/v7e-m+fp/hard/libg.a(lib_a-wcrtomb.o)
                0x0000000008006cfc                _wcrtomb_r
                0x0000000008006d38                wcrtomb
 .text          0x0000000008006d84       0x30 /usr/lib/gcc/arm-none-eabi/10.3.1/../../../arm-none-eabi/lib/thumb/v7e-m+fp/hard/libg.a(lib_a-wctomb_r.o)
                0x0000000008006d84                _wctomb_r
                0x0000000008006d98                __ascii_wctomb
 .text          0x0000000008006db4       0x10 /usr/lib/gcc/arm-none-eabi/10.3.1/../../../arm-none-eabi/lib/thumb/v7e-m+fp/hard/libg.a(lib_a-abort.o)
                0x0000000008006db4                abort
 .text          0x0000000008006dc4      0x288 /usr/lib/gcc/arm-none-eabi/10.3.1/../../../arm-none-eabi/lib/thumb/v7e-m+fp/hard/libg.a(lib_a-signal.o)
                0x0000000008006dc4                _init_signal_r
                0x0000000008006df4                _signal_r
                0x0000000008006e40                _raise_r
                0x0000000008006e98                __sigtramp_r
                0x0000000008006efc                raise
                0x0000000008006f58                signal
                0x0000000008006fac                _init_signal
                0x0000000008006fe4                __sigtramp
 .text          0x000000000800704c       0x30 /usr/lib/gcc/arm-none-eabi/10.3.1/../../../arm-none-eabi/lib/thumb/v7e-m+fp/hard/libg.a(lib_a-signalr.o)
                0x000000000800704c                _kill_r
                0x0000000008007078                _getpid_r
 .text          0x000000000800707c      0x378 /usr/lib/gcc/arm-none-eabi/10.3.1/thumb/v7e-m+fp/hard/libgcc.a(_arm_addsubdf3.o)
                0x000000000800707c                __aeabi_drsub
                0x0000000008007084                __aeabi_dsub
                0x0000000008007084                __subdf3
                0x0000000008007088                __adddf3
                0x0000000008007088                __aeabi_dadd
                0x0000000008007300                __aeabi_ui2d
                0x0000000008007300                __floatunsidf
                0x0000000008007320                __floatsidf
                0x0000000008007320                __aeabi_i2d
                0x0000000008007344                __extendsfdf2
                0x0000000008007344                __aeabi_f2d
                0x0000000008007388                __aeabi_ul2d
                0x0000000008007388                __floatundidf
                0x0000000008007398                __floatdidf
                0x0000000008007398                __aeabi_l2d
 .text          0x00000000080073f4      0x424 /usr/lib/gcc/arm-none-eabi/10.3.1/thumb/v7e-m+fp/hard/libgcc.a(_arm_muldivdf3.o)
                0x00000000080073f4                __aeabi_dmul
                0x00000000080073f4                __muldf3
                0x0000000008007648                __aeabi_ddiv
                0x0000000008007648                __divdf3
 .text          0x0000000008007818      0x110 /usr/lib/gcc/arm-none-eabi/10.3.1/thumb/v7e-m+fp/hard/libgcc.a(_arm_cmpdf2.o)
                0x0000000008007818                __gtdf2
                0x0000000008007818                __gedf2
                0x0000000008007820                __ltdf2
                0x0000000008007820                __ledf2
                0x0000000008007828                __cmpdf2
                0x0000000008007828                __eqdf2
                0x0000000008007828                __nedf2
                0x00000000080078a4                __aeabi_cdrcmple
                0x00000000080078b4                __aeabi_cdcmple
                0x00000000080078b4                __aeabi_cdcmpeq
                0x00000000080078c4                __aeabi_dcmpeq
                0x00000000080078d8                __aeabi_dcmplt
                0x00000000080078ec                __aeabi_dcmple
                0x0000000008007900                __aeabi_dcmpge
                0x0000000008007914                __aeabi_dcmpgt
 .text          0x0000000008007928       0x2c /usr/lib/gcc/arm-none-eabi/10.3.1/thumb/v7e-m+fp/hard/libgcc.a(_arm_unorddf2.o)
                0x0000000008007928                __aeabi_dcmpun
                0x0000000008007928                __unorddf2
 .text          0x0000000008007954       0x50 /usr/lib/gcc/arm-none-eabi/10.3.1/thumb/v7e-m+fp/hard/libgcc.a(_arm_fixdfsi.o)
                0x0000000008007954                __fixdfsi
                0x0000000008007954                __aeabi_d2iz
 .text          0x00000000080079a4       0x30 /usr/lib/gcc/arm-none-eabi/10.3.1/thumb/v7e-m+fp/hard/libgcc.a(_aeabi_uldivmod.o)
                0x00000000080079a4                __aeabi_uldivmod
 .text          0x00000000080079d4      0x2d0 /usr/lib/gcc/arm-none-eabi/10.3.1/thumb/v7e-m+fp/hard/libgcc.a(_udivmoddi4.o)
                0x00000000080079d4                __udivmoddi4
 .text          0x0000000008007ca4        0x4 /usr/lib/gcc/arm-none-eabi/10.3.1/thumb/v7e-m+fp/hard/libgcc.a(_dvmd_tls.o)
                0x0000000008007ca4                __aeabi_ldiv0
                0x0000000008007ca4                __aeabi_idiv0
 .text          0x0000000008007ca8       0x10 /usr/lib/gcc/arm-none-eabi/10.3.1/../../../arm-none-eabi/lib/thumb/v7e-m+fp/hard/libnosys.a(getpid.o)
                0x0000000008007ca8                _getpid
 .text          0x0000000008007cb8       0x10 /usr/lib/gcc/arm-none-eabi/10.3.1/../../../arm-none-eabi/lib/thumb/v7e-m+fp/hard/libnosys.a(kill.o)
                0x0000000008007cb8                _kill
 .text          0x0000000008007cc8        0x4 /usr/lib/gcc/arm-none-eabi/10.3.1/../../../arm-none-eabi/lib/thumb/v7e-m+fp/hard/libnosys.a(_exit.o)
                0x0000000008007cc8                _exit
 *(.text*)
 .text.CmdLED   0x0000000008007ccc       0x5c build/main.o
                0x0000000008007ccc                CmdLED
 .text.CmdAccel
                0x0000000008007d28       0x28 build/main.o
                0x0000000008007d28                CmdAccel
 .text.CmdGyro  0x0000000008007d50       0x4c build/main.o
                0x0000000008007d50                CmdGyro
 .text.CmdButton
                0x0000000008007d9c       0x2c build/main.o
                0x0000000008007d9c                CmdButton
 .text.Error_Handler
                0x0000000008007dc8        0xa build/main.o
                0x0000000008007dc8                Error_Handler
 *fill*         0x0000000008007dd2        0x2 
 .text.startup.main
                0x0000000008007dd4       0x9c build/main.o
                0x0000000008007dd4                main
 .text.SysTick_Handler
                0x0000000008007e70        0xe build/main.o
                0x0000000008007e70                SysTick_Handler
 .text.EXTI0_IRQHandler
                0x0000000008007e7e       0x12 build/main.o
                0x0000000008007e7e                EXTI0_IRQHandler
 .text.getString
                0x0000000008007e90       0x20 build/mes/bc_hook.o
                0x0000000008007e90                getString
 .text.bcGame   0x0000000008007eb0       0x48 build/mes/bc_hook.o
                0x0000000008007eb0                bcGame
 .text.ticks    0x0000000008007ef8       0x18 build/mes/bc_hook.o
                0x0000000008007ef8                ticks
 .text.AddTest  0x0000000008007f10       0x48 build/mes/bc_hook.o
                0x0000000008007f10                AddTest
 .text._bc_A2   0x0000000008007f58       0x50 build/mes/bc_hook.o
                0x0000000008007f58                _bc_A2
 .text.TiltGame
                0x0000000008007fa8       0x5c build/mes/bc_hook.o
                0x0000000008007fa8                TiltGame
 .text.lab_eight
                0x0000000008008004       0x30 build/mes/bc_hook.o
                0x0000000008008004                lab_eight
 .text.wdogTest
                0x0000000008008034       0x3c build/mes/bc_hook.o
                0x0000000008008034                wdogTest
 .text.tickHandler
                0x0000000008008070       0x44 build/mes/bc_hook.o
                0x0000000008008070                tickHandler
 .text.mes_InitIWDG
                0x00000000080080b4       0x34 build/mes/watchdog.o
                0x00000000080080b4                mes_InitIWDG
 .text.mes_IWDGStart
                0x00000000080080e8       0x20 build/mes/watchdog.o
                0x00000000080080e8                mes_IWDGStart
 .text.mes_IWDGRefresh
                0x0000000008008108       0x20 build/mes/watchdog.o
                0x0000000008008108                mes_IWDGRefresh
 .text.CmdTest  0x0000000008008128       0x30 build/mytest.o
                0x0000000008008128                CmdTest
 .text.CmdW     0x0000000008008158       0x1c build/monitor.o
                0x0000000008008158                CmdW
 .text.CmdR     0x0000000008008174       0x20 build/monitor.o
                0x0000000008008174                CmdR
 .text.parse    0x0000000008008194       0xf8 build/parser.o
                0x0000000008008194                parse
 .text.TaskInput
                0x000000000800828c      0x13c build/parser.o
                0x000000000800828c                TaskInput
 .text.fetch_uint32_arg
                0x00000000080083c8       0x28 build/parser.o
                0x00000000080083c8                fetch_uint32_arg
 .text.fetch_string_arg
                0x00000000080083f0       0x20 build/parser.o
                0x00000000080083f0                fetch_string_arg
 .text.DumpBuffer
                0x0000000008008410       0xb0 build/dump.o
                0x0000000008008410                DumpBuffer
 .text.CmdDump  0x00000000080084c0       0x54 build/dump.o
                0x00000000080084c0                CmdDump
 .text._sbrk_r  0x0000000008008514       0x30 build/syscall.o
                0x0000000008008514                _sbrk_r
 .text._close_r
                0x0000000008008544        0x6 build/syscall.o
                0x0000000008008544                _close_r
 .text._fstat_r
                0x000000000800854a        0xa build/syscall.o
                0x000000000800854a                _fstat_r
 .text._isatty_r
                0x0000000008008554        0x4 build/syscall.o
                0x0000000008008554                _isatty_r
 .text._lseek_r
                0x0000000008008558        0x4 build/syscall.o
                0x0000000008008558                _lseek_r
 .text.USBD_CDC_DataIn
                0x000000000800855c       0x7c build/terminal.o
 .text.CmdStats
                0x00000000080085d8       0x4c build/terminal.o
                0x00000000080085d8                CmdStats
 .text.TerminalInit
                0x0000000008008624       0x7c build/terminal.o
                0x0000000008008624                TerminalInit
 .text.TerminalRead
                0x00000000080086a0       0x4c build/terminal.o
                0x00000000080086a0                TerminalRead
 .text._read_r  0x00000000080086ec        0xa build/terminal.o
                0x00000000080086ec                _read_r
 .text.TerminalReadNonBlock
                0x00000000080086f6       0x10 build/terminal.o
                0x00000000080086f6                TerminalReadNonBlock
 .text.TerminalReadAnyNonBlock
                0x0000000008008706       0x12 build/terminal.o
                0x0000000008008706                TerminalReadAnyNonBlock
 .text.TerminalOutputBufferWrite
                0x0000000008008718       0xe8 build/terminal.o
                0x0000000008008718                TerminalOutputBufferWrite
 .text._write_r
                0x0000000008008800       0x40 build/terminal.o
                0x0000000008008800                _write_r
 .text.TerminalInputBufferWrite
                0x0000000008008840       0x64 build/terminal.o
                0x0000000008008840                TerminalInputBufferWrite
 .text.USB_LP_CAN_RX0_IRQHandler
                0x00000000080088a4        0xc build/terminal.o
                0x00000000080088a4                USB_LP_CAN_RX0_IRQHandler
 .text.Uncompress
                0x00000000080088b0       0x7c build/decoder/decoder.o
 .text.DecodeReadRegister
                0x000000000800892c       0x54 build/decoder/decoder.o
                0x000000000800892c                DecodeReadRegister
 .text.DecodeWriteRegister
                0x0000000008008980       0x54 build/decoder/decoder.o
                0x0000000008008980                DecodeWriteRegister
 .text.DecodeField
                0x00000000080089d4       0x50 build/decoder/decoder.o
                0x00000000080089d4                DecodeField
 .text.DecodeRegister
                0x0000000008008a24       0x60 build/decoder/decoder.o
                0x0000000008008a24                DecodeRegister
 .text.DecodePeripheral
                0x0000000008008a84       0x54 build/decoder/decoder.o
                0x0000000008008a84                DecodePeripheral
 .text.DecodePrintPeripherals
                0x0000000008008ad8       0x54 build/decoder/decoder.o
                0x0000000008008ad8                DecodePrintPeripherals
 .text.DecodePrintRegisters
                0x0000000008008b2c       0x64 build/decoder/decoder.o
                0x0000000008008b2c                DecodePrintRegisters
 .text.CmdDecode
                0x0000000008008b90      0x270 build/decoder/decoder.o
                0x0000000008008b90                CmdDecode
 .text.SystemInit
                0x0000000008008e00       0x68 build/Drivers/CMSIS/Device/ST/STM32F3xx/Source/Templates/system_stm32f3xx.o
                0x0000000008008e00                SystemInit
 .text.HAL_RCC_OscConfig
                0x0000000008008e68      0x5bc build/Drivers/STM32F3xx_HAL_Driver/Src/stm32f3xx_hal_rcc.o
                0x0000000008008e68                HAL_RCC_OscConfig
 .text.HAL_RCC_ClockConfig
                0x0000000008009424      0x2b0 build/Drivers/STM32F3xx_HAL_Driver/Src/stm32f3xx_hal_rcc.o
                0x0000000008009424                HAL_RCC_ClockConfig
 .text.HAL_RCC_GetSysClockFreq
                0x00000000080096d4       0x6c build/Drivers/STM32F3xx_HAL_Driver/Src/stm32f3xx_hal_rcc.o
                0x00000000080096d4                HAL_RCC_GetSysClockFreq
 .text.HAL_RCC_GetHCLKFreq
                0x0000000008009740       0x38 build/Drivers/STM32F3xx_HAL_Driver/Src/stm32f3xx_hal_rcc.o
                0x0000000008009740                HAL_RCC_GetHCLKFreq
 .text.HAL_MspInit
                0x0000000008009778        0x2 build/Drivers/STM32F3xx_HAL_Driver/Src/stm32f3xx_hal.o
                0x0000000008009778                HAL_MspInit
 .text.HAL_InitTick
                0x000000000800977a       0x28 build/Drivers/STM32F3xx_HAL_Driver/Src/stm32f3xx_hal.o
                0x000000000800977a                HAL_InitTick
 *fill*         0x00000000080097a2        0x2 
 .text.HAL_Init
                0x00000000080097a4       0x24 build/Drivers/STM32F3xx_HAL_Driver/Src/stm32f3xx_hal.o
                0x00000000080097a4                HAL_Init
 .text.HAL_IncTick
                0x00000000080097c8       0x10 build/Drivers/STM32F3xx_HAL_Driver/Src/stm32f3xx_hal.o
                0x00000000080097c8                HAL_IncTick
 .text.HAL_GetTick
                0x00000000080097d8        0xc build/Drivers/STM32F3xx_HAL_Driver/Src/stm32f3xx_hal.o
                0x00000000080097d8                HAL_GetTick
 .text.HAL_Delay
                0x00000000080097e4       0x1a build/Drivers/STM32F3xx_HAL_Driver/Src/stm32f3xx_hal.o
                0x00000000080097e4                HAL_Delay
 *fill*         0x00000000080097fe        0x2 
 .text.HAL_NVIC_SetPriorityGrouping
                0x0000000008009800       0x24 build/Drivers/STM32F3xx_HAL_Driver/Src/stm32f3xx_hal_cortex.o
                0x0000000008009800                HAL_NVIC_SetPriorityGrouping
 .text.HAL_NVIC_SetPriority
                0x0000000008009824       0x68 build/Drivers/STM32F3xx_HAL_Driver/Src/stm32f3xx_hal_cortex.o
                0x0000000008009824                HAL_NVIC_SetPriority
 .text.HAL_NVIC_EnableIRQ
                0x000000000800988c       0x18 build/Drivers/STM32F3xx_HAL_Driver/Src/stm32f3xx_hal_cortex.o
                0x000000000800988c                HAL_NVIC_EnableIRQ
 .text.HAL_SYSTICK_Config
                0x00000000080098a4       0x28 build/Drivers/STM32F3xx_HAL_Driver/Src/stm32f3xx_hal_cortex.o
                0x00000000080098a4                HAL_SYSTICK_Config
 .text.HAL_GPIO_Init
                0x00000000080098cc      0x188 build/Drivers/STM32F3xx_HAL_Driver/Src/stm32f3xx_hal_gpio.o
                0x00000000080098cc                HAL_GPIO_Init
 .text.HAL_GPIO_ReadPin
                0x0000000008009a54        0xc build/Drivers/STM32F3xx_HAL_Driver/Src/stm32f3xx_hal_gpio.o
                0x0000000008009a54                HAL_GPIO_ReadPin
 .text.HAL_GPIO_WritePin
                0x0000000008009a60        0xa build/Drivers/STM32F3xx_HAL_Driver/Src/stm32f3xx_hal_gpio.o
                0x0000000008009a60                HAL_GPIO_WritePin
 .text.HAL_GPIO_TogglePin
                0x0000000008009a6a        0x8 build/Drivers/STM32F3xx_HAL_Driver/Src/stm32f3xx_hal_gpio.o
                0x0000000008009a6a                HAL_GPIO_TogglePin
 .text.HAL_GPIO_EXTI_Callback
                0x0000000008009a72        0x2 build/Drivers/STM32F3xx_HAL_Driver/Src/stm32f3xx_hal_gpio.o
                0x0000000008009a72                HAL_GPIO_EXTI_Callback
 .text.HAL_GPIO_EXTI_IRQHandler
                0x0000000008009a74       0x18 build/Drivers/STM32F3xx_HAL_Driver/Src/stm32f3xx_hal_gpio.o
                0x0000000008009a74                HAL_GPIO_EXTI_IRQHandler
 .text.HAL_PCD_Init
                0x0000000008009a8c       0x92 build/Drivers/STM32F3xx_HAL_Driver/Src/stm32f3xx_hal_pcd.o
                0x0000000008009a8c                HAL_PCD_Init
 .text.HAL_PCD_Start
                0x0000000008009b1e        0xc build/Drivers/STM32F3xx_HAL_Driver/Src/stm32f3xx_hal_pcd.o
                0x0000000008009b1e                HAL_PCD_Start
 .text.HAL_PCD_SetAddress
                0x0000000008009b2a       0x2c build/Drivers/STM32F3xx_HAL_Driver/Src/stm32f3xx_hal_pcd.o
                0x0000000008009b2a                HAL_PCD_SetAddress
 *fill*         0x0000000008009b56        0x2 
 .text.HAL_PCD_EP_Open
                0x0000000008009b58      0x2e4 build/Drivers/STM32F3xx_HAL_Driver/Src/stm32f3xx_hal_pcd.o
                0x0000000008009b58                HAL_PCD_EP_Open
 .text.HAL_PCD_EP_Close
                0x0000000008009e3c      0x1b8 build/Drivers/STM32F3xx_HAL_Driver/Src/stm32f3xx_hal_pcd.o
                0x0000000008009e3c                HAL_PCD_EP_Close
 .text.HAL_PCD_EP_Receive
                0x0000000008009ff4       0xc8 build/Drivers/STM32F3xx_HAL_Driver/Src/stm32f3xx_hal_pcd.o
                0x0000000008009ff4                HAL_PCD_EP_Receive
 .text.HAL_PCD_EP_GetRxCount
                0x000000000800a0bc       0x10 build/Drivers/STM32F3xx_HAL_Driver/Src/stm32f3xx_hal_pcd.o
                0x000000000800a0bc                HAL_PCD_EP_GetRxCount
 .text.HAL_PCD_EP_Transmit
                0x000000000800a0cc      0x116 build/Drivers/STM32F3xx_HAL_Driver/Src/stm32f3xx_hal_pcd.o
                0x000000000800a0cc                HAL_PCD_EP_Transmit
 *fill*         0x000000000800a1e2        0x2 
 .text.HAL_PCD_IRQHandler
                0x000000000800a1e4      0x488 build/Drivers/STM32F3xx_HAL_Driver/Src/stm32f3xx_hal_pcd.o
                0x000000000800a1e4                HAL_PCD_IRQHandler
 .text.HAL_PCD_EP_SetStall
                0x000000000800a66c       0xa0 build/Drivers/STM32F3xx_HAL_Driver/Src/stm32f3xx_hal_pcd.o
                0x000000000800a66c                HAL_PCD_EP_SetStall
 .text.HAL_PCD_EP_ClrStall
                0x000000000800a70c       0xbc build/Drivers/STM32F3xx_HAL_Driver/Src/stm32f3xx_hal_pcd.o
                0x000000000800a70c                HAL_PCD_EP_ClrStall
 .text.HAL_PCDEx_PMAConfig
                0x000000000800a7c8       0x36 build/Drivers/STM32F3xx_HAL_Driver/Src/stm32f3xx_hal_pcd_ex.o
                0x000000000800a7c8                HAL_PCDEx_PMAConfig
 .text.PCD_WritePMA
                0x000000000800a7fe       0x1c build/Drivers/STM32F3xx_HAL_Driver/Src/stm32f3xx_hal_pcd_ex.o
                0x000000000800a7fe                PCD_WritePMA
 .text.PCD_ReadPMA
                0x000000000800a81a       0x1c build/Drivers/STM32F3xx_HAL_Driver/Src/stm32f3xx_hal_pcd_ex.o
                0x000000000800a81a                PCD_ReadPMA
 .text.HAL_PCDEx_SetConnectionState
                0x000000000800a836        0x2 build/Drivers/STM32F3xx_HAL_Driver/Src/stm32f3xx_hal_pcd_ex.o
                0x000000000800a836                HAL_PCDEx_SetConnectionState
 .text.I2C_TransferConfig
                0x000000000800a838       0x2a build/Drivers/STM32F3xx_HAL_Driver/Src/stm32f3xx_hal_i2c.o
 .text.I2C_IsAcknowledgeFailed
                0x000000000800a862       0x98 build/Drivers/STM32F3xx_HAL_Driver/Src/stm32f3xx_hal_i2c.o
 .text.I2C_WaitOnTXISFlagUntilTimeout
                0x000000000800a8fa       0x54 build/Drivers/STM32F3xx_HAL_Driver/Src/stm32f3xx_hal_i2c.o
 .text.I2C_WaitOnFlagUntilTimeout
                0x000000000800a94e       0x64 build/Drivers/STM32F3xx_HAL_Driver/Src/stm32f3xx_hal_i2c.o
 .text.I2C_RequestMemoryWrite
                0x000000000800a9b2       0x66 build/Drivers/STM32F3xx_HAL_Driver/Src/stm32f3xx_hal_i2c.o
 .text.I2C_RequestMemoryRead
                0x000000000800aa18       0x64 build/Drivers/STM32F3xx_HAL_Driver/Src/stm32f3xx_hal_i2c.o
 .text.I2C_WaitOnSTOPFlagUntilTimeout
                0x000000000800aa7c       0x50 build/Drivers/STM32F3xx_HAL_Driver/Src/stm32f3xx_hal_i2c.o
 .text.HAL_I2C_MspInit
                0x000000000800aacc        0x2 build/Drivers/STM32F3xx_HAL_Driver/Src/stm32f3xx_hal_i2c.o
                0x000000000800aacc                HAL_I2C_MspInit
 .text.HAL_I2C_Init
                0x000000000800aace       0x90 build/Drivers/STM32F3xx_HAL_Driver/Src/stm32f3xx_hal_i2c.o
                0x000000000800aace                HAL_I2C_Init
 .text.HAL_I2C_MspDeInit
                0x000000000800ab5e        0x2 build/Drivers/STM32F3xx_HAL_Driver/Src/stm32f3xx_hal_i2c.o
                0x000000000800ab5e                HAL_I2C_MspDeInit
 .text.HAL_I2C_DeInit
                0x000000000800ab60       0x2e build/Drivers/STM32F3xx_HAL_Driver/Src/stm32f3xx_hal_i2c.o
                0x000000000800ab60                HAL_I2C_DeInit
 .text.HAL_I2C_Mem_Write
                0x000000000800ab8e      0x104 build/Drivers/STM32F3xx_HAL_Driver/Src/stm32f3xx_hal_i2c.o
                0x000000000800ab8e                HAL_I2C_Mem_Write
 .text.HAL_I2C_Mem_Read
                0x000000000800ac92      0x10e build/Drivers/STM32F3xx_HAL_Driver/Src/stm32f3xx_hal_i2c.o
                0x000000000800ac92                HAL_I2C_Mem_Read
 .text.HAL_I2C_GetState
                0x000000000800ada0        0x6 build/Drivers/STM32F3xx_HAL_Driver/Src/stm32f3xx_hal_i2c.o
                0x000000000800ada0                HAL_I2C_GetState
 .text.SPI_WaitFifoStateUntilTimeout
                0x000000000800ada6       0x94 build/Drivers/STM32F3xx_HAL_Driver/Src/stm32f3xx_hal_spi.o
 .text.SPI_WaitFlagStateUntilTimeout
                0x000000000800ae3a       0x82 build/Drivers/STM32F3xx_HAL_Driver/Src/stm32f3xx_hal_spi.o
 .text.SPI_EndRxTxTransaction
                0x000000000800aebc       0x4c build/Drivers/STM32F3xx_HAL_Driver/Src/stm32f3xx_hal_spi.o
 .text.HAL_SPI_MspInit
                0x000000000800af08        0x2 build/Drivers/STM32F3xx_HAL_Driver/Src/stm32f3xx_hal_spi.o
                0x000000000800af08                HAL_SPI_MspInit
 .text.HAL_SPI_Init
                0x000000000800af0a       0xa4 build/Drivers/STM32F3xx_HAL_Driver/Src/stm32f3xx_hal_spi.o
                0x000000000800af0a                HAL_SPI_Init
 .text.HAL_SPI_MspDeInit
                0x000000000800afae        0x2 build/Drivers/STM32F3xx_HAL_Driver/Src/stm32f3xx_hal_spi.o
                0x000000000800afae                HAL_SPI_MspDeInit
 .text.HAL_SPI_DeInit
                0x000000000800afb0       0x2a build/Drivers/STM32F3xx_HAL_Driver/Src/stm32f3xx_hal_spi.o
                0x000000000800afb0                HAL_SPI_DeInit
 .text.HAL_SPI_TransmitReceive
                0x000000000800afda      0x270 build/Drivers/STM32F3xx_HAL_Driver/Src/stm32f3xx_hal_spi.o
                0x000000000800afda                HAL_SPI_TransmitReceive
 .text.HAL_SPI_GetState
                0x000000000800b24a        0x6 build/Drivers/STM32F3xx_HAL_Driver/Src/stm32f3xx_hal_spi.o
                0x000000000800b24a                HAL_SPI_GetState
 .text.HAL_IWDG_MspInit
                0x000000000800b250        0x2 build/Drivers/STM32F3xx_HAL_Driver/Src/stm32f3xx_hal_iwdg.o
                0x000000000800b250                HAL_IWDG_MspInit
 .text.HAL_IWDG_Init
                0x000000000800b252       0x9e build/Drivers/STM32F3xx_HAL_Driver/Src/stm32f3xx_hal_iwdg.o
                0x000000000800b252                HAL_IWDG_Init
 .text.HAL_IWDG_Start
                0x000000000800b2f0       0x74 build/Drivers/STM32F3xx_HAL_Driver/Src/stm32f3xx_hal_iwdg.o
                0x000000000800b2f0                HAL_IWDG_Start
 .text.HAL_IWDG_Refresh
                0x000000000800b364       0x50 build/Drivers/STM32F3xx_HAL_Driver/Src/stm32f3xx_hal_iwdg.o
                0x000000000800b364                HAL_IWDG_Refresh
 .text.USBD_Init
                0x000000000800b3b4       0x2a build/Drivers/STM32_USB_Device_Library/Core/Src/usbd_core.o
                0x000000000800b3b4                USBD_Init
 .text.USBD_RegisterClass
                0x000000000800b3de        0xe build/Drivers/STM32_USB_Device_Library/Core/Src/usbd_core.o
                0x000000000800b3de                USBD_RegisterClass
 .text.USBD_Start
                0x000000000800b3ec        0xa build/Drivers/STM32_USB_Device_Library/Core/Src/usbd_core.o
                0x000000000800b3ec                USBD_Start
 .text.USBD_SetClassConfig
                0x000000000800b3f6       0x16 build/Drivers/STM32_USB_Device_Library/Core/Src/usbd_core.o
                0x000000000800b3f6                USBD_SetClassConfig
 .text.USBD_ClrClassConfig
                0x000000000800b40c        0xe build/Drivers/STM32_USB_Device_Library/Core/Src/usbd_core.o
                0x000000000800b40c                USBD_ClrClassConfig
 .text.USBD_LL_SetupStage
                0x000000000800b41a       0x5a build/Drivers/STM32_USB_Device_Library/Core/Src/usbd_core.o
                0x000000000800b41a                USBD_LL_SetupStage
 .text.USBD_LL_DataOutStage
                0x000000000800b474       0x60 build/Drivers/STM32_USB_Device_Library/Core/Src/usbd_core.o
                0x000000000800b474                USBD_LL_DataOutStage
 .text.USBD_LL_DataInStage
                0x000000000800b4d4       0x8c build/Drivers/STM32_USB_Device_Library/Core/Src/usbd_core.o
                0x000000000800b4d4                USBD_LL_DataInStage
 .text.USBD_LL_Reset
                0x000000000800b560       0x3e build/Drivers/STM32_USB_Device_Library/Core/Src/usbd_core.o
                0x000000000800b560                USBD_LL_Reset
 .text.USBD_LL_SetSpeed
                0x000000000800b59e        0x6 build/Drivers/STM32_USB_Device_Library/Core/Src/usbd_core.o
                0x000000000800b59e                USBD_LL_SetSpeed
 .text.USBD_LL_SOF
                0x000000000800b5a4       0x18 build/Drivers/STM32_USB_Device_Library/Core/Src/usbd_core.o
                0x000000000800b5a4                USBD_LL_SOF
 .text.USBD_CtlError.constprop.0
                0x000000000800b5bc       0x16 build/Drivers/STM32_USB_Device_Library/Core/Src/usbd_ctlreq.o
 *fill*         0x000000000800b5d2        0x2 
 .text.USBD_StdDevReq
                0x000000000800b5d4      0x1f4 build/Drivers/STM32_USB_Device_Library/Core/Src/usbd_ctlreq.o
                0x000000000800b5d4                USBD_StdDevReq
 .text.USBD_StdItfReq
                0x000000000800b7c8       0x30 build/Drivers/STM32_USB_Device_Library/Core/Src/usbd_ctlreq.o
                0x000000000800b7c8                USBD_StdItfReq
 .text.USBD_StdEPReq
                0x000000000800b7f8       0xae build/Drivers/STM32_USB_Device_Library/Core/Src/usbd_ctlreq.o
                0x000000000800b7f8                USBD_StdEPReq
 .text.USBD_ParseSetupRequest
                0x000000000800b8a6       0x28 build/Drivers/STM32_USB_Device_Library/Core/Src/usbd_ctlreq.o
                0x000000000800b8a6                USBD_ParseSetupRequest
 .text.USBD_GetString
                0x000000000800b8ce       0x38 build/Drivers/STM32_USB_Device_Library/Core/Src/usbd_ctlreq.o
                0x000000000800b8ce                USBD_GetString
 .text.USBD_CtlSendData
                0x000000000800b906       0x1a build/Drivers/STM32_USB_Device_Library/Core/Src/usbd_ioreq.o
                0x000000000800b906                USBD_CtlSendData
 .text.USBD_CtlContinueSendData
                0x000000000800b920       0x10 build/Drivers/STM32_USB_Device_Library/Core/Src/usbd_ioreq.o
                0x000000000800b920                USBD_CtlContinueSendData
 .text.USBD_CtlPrepareRx
                0x000000000800b930       0x1a build/Drivers/STM32_USB_Device_Library/Core/Src/usbd_ioreq.o
                0x000000000800b930                USBD_CtlPrepareRx
 .text.USBD_CtlContinueRx
                0x000000000800b94a       0x10 build/Drivers/STM32_USB_Device_Library/Core/Src/usbd_ioreq.o
                0x000000000800b94a                USBD_CtlContinueRx
 .text.USBD_CtlSendStatus
                0x000000000800b95a       0x16 build/Drivers/STM32_USB_Device_Library/Core/Src/usbd_ioreq.o
                0x000000000800b95a                USBD_CtlSendStatus
 .text.USBD_CtlReceiveStatus
                0x000000000800b970       0x16 build/Drivers/STM32_USB_Device_Library/Core/Src/usbd_ioreq.o
                0x000000000800b970                USBD_CtlReceiveStatus
 .text.USBD_CDC_DataIn
                0x000000000800b986       0x12 build/Drivers/STM32_USB_Device_Library/Class/CDC/Src/usbd_cdc.o
 .text.USBD_CDC_EP0_RxReady
                0x000000000800b998       0x28 build/Drivers/STM32_USB_Device_Library/Class/CDC/Src/usbd_cdc.o
 .text.USBD_CDC_GetFSCfgDesc
                0x000000000800b9c0        0xc build/Drivers/STM32_USB_Device_Library/Class/CDC/Src/usbd_cdc.o
 .text.USBD_CDC_GetHSCfgDesc
                0x000000000800b9cc        0xc build/Drivers/STM32_USB_Device_Library/Class/CDC/Src/usbd_cdc.o
 .text.USBD_CDC_GetOtherSpeedCfgDesc
                0x000000000800b9d8        0xc build/Drivers/STM32_USB_Device_Library/Class/CDC/Src/usbd_cdc.o
 .text.USBD_CDC_GetDeviceQualifierDescriptor
                0x000000000800b9e4        0xc build/Drivers/STM32_USB_Device_Library/Class/CDC/Src/usbd_cdc.o
                0x000000000800b9e4                USBD_CDC_GetDeviceQualifierDescriptor
 .text.USBD_CDC_DataOut
                0x000000000800b9f0       0x2e build/Drivers/STM32_USB_Device_Library/Class/CDC/Src/usbd_cdc.o
 .text.USBD_CDC_Setup
                0x000000000800ba1e       0x56 build/Drivers/STM32_USB_Device_Library/Class/CDC/Src/usbd_cdc.o
 .text.USBD_CDC_DeInit
                0x000000000800ba74       0x3a build/Drivers/STM32_USB_Device_Library/Class/CDC/Src/usbd_cdc.o
 .text.USBD_CDC_Init
                0x000000000800baae       0x8c build/Drivers/STM32_USB_Device_Library/Class/CDC/Src/usbd_cdc.o
 .text.USBD_CDC_RegisterInterface
                0x000000000800bb3a        0xe build/Drivers/STM32_USB_Device_Library/Class/CDC/Src/usbd_cdc.o
                0x000000000800bb3a                USBD_CDC_RegisterInterface
 .text.USBD_CDC_SetTxBuffer
                0x000000000800bb48       0x10 build/Drivers/STM32_USB_Device_Library/Class/CDC/Src/usbd_cdc.o
                0x000000000800bb48                USBD_CDC_SetTxBuffer
 .text.USBD_CDC_SetRxBuffer
                0x000000000800bb58        0xc build/Drivers/STM32_USB_Device_Library/Class/CDC/Src/usbd_cdc.o
                0x000000000800bb58                USBD_CDC_SetRxBuffer
 .text.USBD_CDC_TransmitPacket
                0x000000000800bb64       0x2e build/Drivers/STM32_USB_Device_Library/Class/CDC/Src/usbd_cdc.o
                0x000000000800bb64                USBD_CDC_TransmitPacket
 .text.USBD_CDC_ReceivePacket
                0x000000000800bb92       0x2e build/Drivers/STM32_USB_Device_Library/Class/CDC/Src/usbd_cdc.o
                0x000000000800bb92                USBD_CDC_ReceivePacket
 .text.HAL_PCD_MspInit
                0x000000000800bbc0       0x98 build/usbd_conf.o
                0x000000000800bbc0                HAL_PCD_MspInit
 .text.HAL_PCD_SetupStageCallback
                0x000000000800bc58        0xc build/usbd_conf.o
                0x000000000800bc58                HAL_PCD_SetupStageCallback
 .text.HAL_PCD_DataOutStageCallback
                0x000000000800bc64       0x12 build/usbd_conf.o
                0x000000000800bc64                HAL_PCD_DataOutStageCallback
 .text.HAL_PCD_DataInStageCallback
                0x000000000800bc76       0x10 build/usbd_conf.o
                0x000000000800bc76                HAL_PCD_DataInStageCallback
 .text.HAL_PCD_SOFCallback
                0x000000000800bc86        0x8 build/usbd_conf.o
                0x000000000800bc86                HAL_PCD_SOFCallback
 .text.HAL_PCD_ResetCallback
                0x000000000800bc8e       0x1a build/usbd_conf.o
                0x000000000800bc8e                HAL_PCD_ResetCallback
 .text.HAL_PCD_SuspendCallback
                0x000000000800bca8        0x2 build/usbd_conf.o
                0x000000000800bca8                HAL_PCD_SuspendCallback
 .text.HAL_PCD_ResumeCallback
                0x000000000800bcaa        0x2 build/usbd_conf.o
                0x000000000800bcaa                HAL_PCD_ResumeCallback
 .text.USBD_LL_Init
                0x000000000800bcac       0x7c build/usbd_conf.o
                0x000000000800bcac                USBD_LL_Init
 .text.USBD_LL_Start
                0x000000000800bd28        0xe build/usbd_conf.o
                0x000000000800bd28                USBD_LL_Start
 .text.USBD_LL_OpenEP
                0x000000000800bd36       0x14 build/usbd_conf.o
                0x000000000800bd36                USBD_LL_OpenEP
 .text.USBD_LL_CloseEP
                0x000000000800bd4a        0xe build/usbd_conf.o
                0x000000000800bd4a                USBD_LL_CloseEP
 .text.USBD_LL_StallEP
                0x000000000800bd58        0xe build/usbd_conf.o
                0x000000000800bd58                USBD_LL_StallEP
 .text.USBD_LL_ClearStallEP
                0x000000000800bd66        0xe build/usbd_conf.o
                0x000000000800bd66                USBD_LL_ClearStallEP
 .text.USBD_LL_IsStallEP
                0x000000000800bd74       0x26 build/usbd_conf.o
                0x000000000800bd74                USBD_LL_IsStallEP
 .text.USBD_LL_SetUSBAddress
                0x000000000800bd9a        0xe build/usbd_conf.o
                0x000000000800bd9a                USBD_LL_SetUSBAddress
 .text.USBD_LL_Transmit
                0x000000000800bda8        0xe build/usbd_conf.o
                0x000000000800bda8                USBD_LL_Transmit
 .text.USBD_LL_PrepareReceive
                0x000000000800bdb6        0xe build/usbd_conf.o
                0x000000000800bdb6                USBD_LL_PrepareReceive
 .text.USBD_LL_GetRxDataSize
                0x000000000800bdc4        0xc build/usbd_conf.o
                0x000000000800bdc4                USBD_LL_GetRxDataSize
 .text.USBD_static_malloc
                0x000000000800bdd0        0x8 build/usbd_conf.o
                0x000000000800bdd0                USBD_static_malloc
 .text.USBD_static_free
                0x000000000800bdd8        0x2 build/usbd_conf.o
                0x000000000800bdd8                USBD_static_free
 *fill*         0x000000000800bdda        0x2 
 .text.USBD_VCP_DeviceDescriptor
                0x000000000800bddc        0xc build/usbd_desc.o
                0x000000000800bddc                USBD_VCP_DeviceDescriptor
 .text.USBD_VCP_LangIDStrDescriptor
                0x000000000800bde8        0xc build/usbd_desc.o
                0x000000000800bde8                USBD_VCP_LangIDStrDescriptor
 .text.IntToUnicode
                0x000000000800bdf4       0x2a build/usbd_desc.o
 *fill*         0x000000000800be1e        0x2 
 .text.USBD_VCP_SerialStrDescriptor
                0x000000000800be20       0x3c build/usbd_desc.o
                0x000000000800be20                USBD_VCP_SerialStrDescriptor
 .text.USBD_VCP_ProductStrDescriptor
                0x000000000800be5c       0x1c build/usbd_desc.o
                0x000000000800be5c                USBD_VCP_ProductStrDescriptor
 .text.USBD_VCP_ManufacturerStrDescriptor
                0x000000000800be78       0x1c build/usbd_desc.o
                0x000000000800be78                USBD_VCP_ManufacturerStrDescriptor
 .text.USBD_VCP_ConfigStrDescriptor
                0x000000000800be94       0x1c build/usbd_desc.o
                0x000000000800be94                USBD_VCP_ConfigStrDescriptor
 .text.USBD_VCP_InterfaceStrDescriptor
                0x000000000800beb0       0x1c build/usbd_desc.o
                0x000000000800beb0                USBD_VCP_InterfaceStrDescriptor
 .text.CDC_Itf_DeInit
                0x000000000800becc        0x4 build/usbd_cdc_interface.o
 .text.CDC_Itf_Control
                0x000000000800bed0       0x48 build/usbd_cdc_interface.o
 .text.CDC_Itf_Receive
                0x000000000800bf18       0x1c build/usbd_cdc_interface.o
 .text.CDC_Itf_Init
                0x000000000800bf34       0x18 build/usbd_cdc_interface.o
 .text.SPIx_Init
                0x000000000800bf4c       0x88 build/Drivers/BSP/STM32F3-Discovery/stm32f3_discovery.o
 .text.SPIx_WriteRead
                0x000000000800bfd4       0x40 build/Drivers/BSP/STM32F3-Discovery/stm32f3_discovery.o
 .text.I2Cx_Init
                0x000000000800c014       0x74 build/Drivers/BSP/STM32F3-Discovery/stm32f3_discovery.o
 .text.BSP_LED_Init
                0x000000000800c088       0x6c build/Drivers/BSP/STM32F3-Discovery/stm32f3_discovery.o
                0x000000000800c088                BSP_LED_Init
 .text.BSP_LED_On
                0x000000000800c0f4       0x1c build/Drivers/BSP/STM32F3-Discovery/stm32f3_discovery.o
                0x000000000800c0f4                BSP_LED_On
 .text.BSP_LED_Off
                0x000000000800c110       0x1c build/Drivers/BSP/STM32F3-Discovery/stm32f3_discovery.o
                0x000000000800c110                BSP_LED_Off
 .text.BSP_LED_Toggle
                0x000000000800c12c       0x18 build/Drivers/BSP/STM32F3-Discovery/stm32f3_discovery.o
                0x000000000800c12c                BSP_LED_Toggle
 .text.BSP_PB_Init
                0x000000000800c144       0x74 build/Drivers/BSP/STM32F3-Discovery/stm32f3_discovery.o
                0x000000000800c144                BSP_PB_Init
 .text.BSP_PB_GetState
                0x000000000800c1b8       0x14 build/Drivers/BSP/STM32F3-Discovery/stm32f3_discovery.o
                0x000000000800c1b8                BSP_PB_GetState
 .text.GYRO_IO_Init
                0x000000000800c1cc       0x60 build/Drivers/BSP/STM32F3-Discovery/stm32f3_discovery.o
                0x000000000800c1cc                GYRO_IO_Init
 .text.GYRO_IO_Write
                0x000000000800c22c       0x44 build/Drivers/BSP/STM32F3-Discovery/stm32f3_discovery.o
                0x000000000800c22c                GYRO_IO_Write
 .text.GYRO_IO_Read
                0x000000000800c270       0x48 build/Drivers/BSP/STM32F3-Discovery/stm32f3_discovery.o
                0x000000000800c270                GYRO_IO_Read
 .text.COMPASSACCELERO_IO_Init
                0x000000000800c2b8       0x64 build/Drivers/BSP/STM32F3-Discovery/stm32f3_discovery.o
                0x000000000800c2b8                COMPASSACCELERO_IO_Init
 .text.COMPASSACCELERO_IO_ITConfig
                0x000000000800c31c       0x48 build/Drivers/BSP/STM32F3-Discovery/stm32f3_discovery.o
                0x000000000800c31c                COMPASSACCELERO_IO_ITConfig
 .text.COMPASSACCELERO_IO_Write
                0x000000000800c364       0x3c build/Drivers/BSP/STM32F3-Discovery/stm32f3_discovery.o
                0x000000000800c364                COMPASSACCELERO_IO_Write
 .text.COMPASSACCELERO_IO_Read
                0x000000000800c3a0       0x40 build/Drivers/BSP/STM32F3-Discovery/stm32f3_discovery.o
                0x000000000800c3a0                COMPASSACCELERO_IO_Read
 .text.BSP_ACCELERO_Init
                0x000000000800c3e0       0x40 build/Drivers/BSP/STM32F3-Discovery/stm32f3_discovery_accelerometer.o
                0x000000000800c3e0                BSP_ACCELERO_Init
 .text.BSP_ACCELERO_GetXYZ
                0x000000000800c420       0x10 build/Drivers/BSP/STM32F3-Discovery/stm32f3_discovery_accelerometer.o
                0x000000000800c420                BSP_ACCELERO_GetXYZ
 .text.BSP_GYRO_Init
                0x000000000800c430       0x68 build/Drivers/BSP/STM32F3-Discovery/stm32f3_discovery_gyroscope.o
                0x000000000800c430                BSP_GYRO_Init
 .text.BSP_GYRO_GetXYZ
                0x000000000800c498       0x10 build/Drivers/BSP/STM32F3-Discovery/stm32f3_discovery_gyroscope.o
                0x000000000800c498                BSP_GYRO_GetXYZ
 .text.LSM303DLHC_AccDeInit
                0x000000000800c4a8        0x2 build/Drivers/BSP/Components/lsm303dlhc/lsm303dlhc.o
                0x000000000800c4a8                LSM303DLHC_AccDeInit
 .text.LSM303DLHC_AccInit
                0x000000000800c4aa       0x20 build/Drivers/BSP/Components/lsm303dlhc/lsm303dlhc.o
                0x000000000800c4aa                LSM303DLHC_AccInit
 .text.LSM303DLHC_AccReadID
                0x000000000800c4ca       0x12 build/Drivers/BSP/Components/lsm303dlhc/lsm303dlhc.o
                0x000000000800c4ca                LSM303DLHC_AccReadID
 .text.LSM303DLHC_AccRebootCmd
                0x000000000800c4dc       0x1c build/Drivers/BSP/Components/lsm303dlhc/lsm303dlhc.o
                0x000000000800c4dc                LSM303DLHC_AccRebootCmd
 .text.LSM303DLHC_AccFilterConfig
                0x000000000800c4f8       0x20 build/Drivers/BSP/Components/lsm303dlhc/lsm303dlhc.o
                0x000000000800c4f8                LSM303DLHC_AccFilterConfig
 .text.LSM303DLHC_AccFilterCmd
                0x000000000800c518       0x20 build/Drivers/BSP/Components/lsm303dlhc/lsm303dlhc.o
                0x000000000800c518                LSM303DLHC_AccFilterCmd
 .text.LSM303DLHC_AccReadXYZ
                0x000000000800c538       0xae build/Drivers/BSP/Components/lsm303dlhc/lsm303dlhc.o
                0x000000000800c538                LSM303DLHC_AccReadXYZ
 .text.LSM303DLHC_AccFilterClickCmd
                0x000000000800c5e6       0x20 build/Drivers/BSP/Components/lsm303dlhc/lsm303dlhc.o
                0x000000000800c5e6                LSM303DLHC_AccFilterClickCmd
 .text.LSM303DLHC_AccIT1Enable
                0x000000000800c606       0x1c build/Drivers/BSP/Components/lsm303dlhc/lsm303dlhc.o
                0x000000000800c606                LSM303DLHC_AccIT1Enable
 .text.LSM303DLHC_AccClickITEnable
                0x000000000800c622       0x44 build/Drivers/BSP/Components/lsm303dlhc/lsm303dlhc.o
                0x000000000800c622                LSM303DLHC_AccClickITEnable
 .text.LSM303DLHC_AccZClickITConfig
                0x000000000800c666       0x1c build/Drivers/BSP/Components/lsm303dlhc/lsm303dlhc.o
                0x000000000800c666                LSM303DLHC_AccZClickITConfig
 .text.L3GD20_DeInit
                0x000000000800c682        0x2 build/Drivers/BSP/Components/l3gd20/l3gd20.o
                0x000000000800c682                L3GD20_DeInit
 .text.L3GD20_Init
                0x000000000800c684       0x34 build/Drivers/BSP/Components/l3gd20/l3gd20.o
                0x000000000800c684                L3GD20_Init
 .text.L3GD20_LowPower
                0x000000000800c6b8       0x18 build/Drivers/BSP/Components/l3gd20/l3gd20.o
                0x000000000800c6b8                L3GD20_LowPower
 .text.L3GD20_ReadID
                0x000000000800c6d0       0x1c build/Drivers/BSP/Components/l3gd20/l3gd20.o
                0x000000000800c6d0                L3GD20_ReadID
 .text.L3GD20_RebootCmd
                0x000000000800c6ec       0x2c build/Drivers/BSP/Components/l3gd20/l3gd20.o
                0x000000000800c6ec                L3GD20_RebootCmd
 .text.L3GD20_INT1InterruptConfig
                0x000000000800c718       0x5e build/Drivers/BSP/Components/l3gd20/l3gd20.o
                0x000000000800c718                L3GD20_INT1InterruptConfig
 .text.L3GD20_EnableIT
                0x000000000800c776       0x40 build/Drivers/BSP/Components/l3gd20/l3gd20.o
                0x000000000800c776                L3GD20_EnableIT
 .text.L3GD20_DisableIT
                0x000000000800c7b6       0x3c build/Drivers/BSP/Components/l3gd20/l3gd20.o
                0x000000000800c7b6                L3GD20_DisableIT
 .text.L3GD20_FilterConfig
                0x000000000800c7f2       0x2e build/Drivers/BSP/Components/l3gd20/l3gd20.o
                0x000000000800c7f2                L3GD20_FilterConfig
 .text.L3GD20_FilterCmd
                0x000000000800c820       0x2e build/Drivers/BSP/Components/l3gd20/l3gd20.o
                0x000000000800c820                L3GD20_FilterCmd
 *fill*         0x000000000800c84e        0x2 
 .text.L3GD20_ReadXYZAngRate
                0x000000000800c850       0xf0 build/Drivers/BSP/Components/l3gd20/l3gd20.o
                0x000000000800c850                L3GD20_ReadXYZAngRate
 .text.I3G4250D_DeInit
                0x000000000800c940        0x2 build/Drivers/BSP/Components/i3g4250d/i3g4250d.o
                0x000000000800c940                I3G4250D_DeInit
 .text.I3G4250D_Init
                0x000000000800c942       0x34 build/Drivers/BSP/Components/i3g4250d/i3g4250d.o
                0x000000000800c942                I3G4250D_Init
 .text.I3G4250D_LowPower
                0x000000000800c976       0x18 build/Drivers/BSP/Components/i3g4250d/i3g4250d.o
                0x000000000800c976                I3G4250D_LowPower
 .text.I3G4250D_ReadID
                0x000000000800c98e       0x1c build/Drivers/BSP/Components/i3g4250d/i3g4250d.o
                0x000000000800c98e                I3G4250D_ReadID
 .text.I3G4250D_RebootCmd
                0x000000000800c9aa       0x2c build/Drivers/BSP/Components/i3g4250d/i3g4250d.o
                0x000000000800c9aa                I3G4250D_RebootCmd
 .text.I3G4250D_INT1InterruptConfig
                0x000000000800c9d6       0x5e build/Drivers/BSP/Components/i3g4250d/i3g4250d.o
                0x000000000800c9d6                I3G4250D_INT1InterruptConfig
 .text.I3G4250D_EnableIT
                0x000000000800ca34       0x40 build/Drivers/BSP/Components/i3g4250d/i3g4250d.o
                0x000000000800ca34                I3G4250D_EnableIT
 .text.I3G4250D_DisableIT
                0x000000000800ca74       0x3c build/Drivers/BSP/Components/i3g4250d/i3g4250d.o
                0x000000000800ca74                I3G4250D_DisableIT
 .text.I3G4250D_FilterConfig
                0x000000000800cab0       0x2e build/Drivers/BSP/Components/i3g4250d/i3g4250d.o
                0x000000000800cab0                I3G4250D_FilterConfig
 .text.I3G4250D_FilterCmd
                0x000000000800cade       0x2e build/Drivers/BSP/Components/i3g4250d/i3g4250d.o
                0x000000000800cade                I3G4250D_FilterCmd
 .text.I3G4250D_ReadXYZAngRate
                0x000000000800cb0c       0xf0 build/Drivers/BSP/Components/i3g4250d/i3g4250d.o
                0x000000000800cb0c                I3G4250D_ReadXYZAngRate
 .text.LSM303AGR_AccDeInit
                0x000000000800cbfc        0x2 build/Drivers/BSP/Components/lsm303agr/lsm303agr.o
                0x000000000800cbfc                LSM303AGR_AccDeInit
 .text.LSM303AGR_AccInit
                0x000000000800cbfe       0x20 build/Drivers/BSP/Components/lsm303agr/lsm303agr.o
                0x000000000800cbfe                LSM303AGR_AccInit
 .text.LSM303AGR_AccReadID
                0x000000000800cc1e       0x12 build/Drivers/BSP/Components/lsm303agr/lsm303agr.o
                0x000000000800cc1e                LSM303AGR_AccReadID
 .text.LSM303AGR_AccRebootCmd
                0x000000000800cc30       0x1c build/Drivers/BSP/Components/lsm303agr/lsm303agr.o
                0x000000000800cc30                LSM303AGR_AccRebootCmd
 .text.LSM303AGR_AccFilterConfig
                0x000000000800cc4c       0x20 build/Drivers/BSP/Components/lsm303agr/lsm303agr.o
                0x000000000800cc4c                LSM303AGR_AccFilterConfig
 .text.LSM303AGR_AccFilterCmd
                0x000000000800cc6c       0x20 build/Drivers/BSP/Components/lsm303agr/lsm303agr.o
                0x000000000800cc6c                LSM303AGR_AccFilterCmd
 .text.LSM303AGR_AccReadXYZ
                0x000000000800cc8c       0xae build/Drivers/BSP/Components/lsm303agr/lsm303agr.o
                0x000000000800cc8c                LSM303AGR_AccReadXYZ
 .text.LSM303AGR_AccFilterClickCmd
                0x000000000800cd3a       0x20 build/Drivers/BSP/Components/lsm303agr/lsm303agr.o
                0x000000000800cd3a                LSM303AGR_AccFilterClickCmd
 .text.LSM303AGR_AccIT1Enable
                0x000000000800cd5a       0x1c build/Drivers/BSP/Components/lsm303agr/lsm303agr.o
                0x000000000800cd5a                LSM303AGR_AccIT1Enable
 .text.LSM303AGR_AccClickITEnable
                0x000000000800cd76       0x44 build/Drivers/BSP/Components/lsm303agr/lsm303agr.o
                0x000000000800cd76                LSM303AGR_AccClickITEnable
 .text.LSM303AGR_AccZClickITConfig
                0x000000000800cdba       0x1c build/Drivers/BSP/Components/lsm303agr/lsm303agr.o
                0x000000000800cdba                LSM303AGR_AccZClickITConfig
 *fill*         0x000000000800cdd6        0x2 
 .text.Reset_Handler
                0x000000000800cdd8       0x50 build/Drivers/CMSIS/Device/ST/STM32F3xx/Source/Templates/gcc/startup_stm32f303xc.o
                0x000000000800cdd8                Reset_Handler
 .text.Default_Handler
                0x000000000800ce28        0x2 build/Drivers/CMSIS/Device/ST/STM32F3xx/Source/Templates/gcc/startup_stm32f303xc.o
                0x000000000800ce28                RTC_Alarm_IRQHandler
                0x000000000800ce28                TIM8_TRG_COM_IRQHandler
                0x000000000800ce28                TIM8_CC_IRQHandler
                0x000000000800ce28                DebugMon_Handler
                0x000000000800ce28                TIM1_CC_IRQHandler
                0x000000000800ce28                HardFault_Handler
                0x000000000800ce28                USB_HP_IRQHandler
                0x000000000800ce28                PVD_IRQHandler
                0x000000000800ce28                TAMP_STAMP_IRQHandler
                0x000000000800ce28                PendSV_Handler
                0x000000000800ce28                NMI_Handler
                0x000000000800ce28                EXTI3_IRQHandler
                0x000000000800ce28                USB_HP_CAN_TX_IRQHandler
                0x000000000800ce28                I2C2_EV_IRQHandler
                0x000000000800ce28                FPU_IRQHandler
                0x000000000800ce28                TIM1_UP_TIM16_IRQHandler
                0x000000000800ce28                UsageFault_Handler
                0x000000000800ce28                ADC1_2_IRQHandler
                0x000000000800ce28                SPI1_IRQHandler
                0x000000000800ce28                CAN_SCE_IRQHandler
                0x000000000800ce28                TIM6_DAC_IRQHandler
                0x000000000800ce28                TIM8_UP_IRQHandler
                0x000000000800ce28                DMA2_Channel2_IRQHandler
                0x000000000800ce28                DMA1_Channel4_IRQHandler
                0x000000000800ce28                USART3_IRQHandler
                0x000000000800ce28                DMA1_Channel7_IRQHandler
                0x000000000800ce28                UART5_IRQHandler
                0x000000000800ce28                ADC3_IRQHandler
                0x000000000800ce28                TIM4_IRQHandler
                0x000000000800ce28                CAN_RX1_IRQHandler
                0x000000000800ce28                DMA2_Channel1_IRQHandler
                0x000000000800ce28                I2C1_EV_IRQHandler
                0x000000000800ce28                DMA1_Channel6_IRQHandler
                0x000000000800ce28                UART4_IRQHandler
                0x000000000800ce28                DMA2_Channel4_IRQHandler
                0x000000000800ce28                TIM3_IRQHandler
                0x000000000800ce28                RCC_IRQHandler
                0x000000000800ce28                DMA1_Channel1_IRQHandler
                0x000000000800ce28                Default_Handler
                0x000000000800ce28                USBWakeUp_RMP_IRQHandler
                0x000000000800ce28                EXTI15_10_IRQHandler
                0x000000000800ce28                TIM7_IRQHandler
                0x000000000800ce28                EXTI9_5_IRQHandler
                0x000000000800ce28                RTC_WKUP_IRQHandler
                0x000000000800ce28                SPI2_IRQHandler
                0x000000000800ce28                MemManage_Handler
                0x000000000800ce28                SVC_Handler
                0x000000000800ce28                DMA2_Channel5_IRQHandler
                0x000000000800ce28                DMA1_Channel5_IRQHandler
                0x000000000800ce28                USB_LP_IRQHandler
                0x000000000800ce28                EXTI4_IRQHandler
                0x000000000800ce28                TIM1_TRG_COM_TIM17_IRQHandler
                0x000000000800ce28                DMA1_Channel3_IRQHandler
                0x000000000800ce28                ADC4_IRQHandler
                0x000000000800ce28                WWDG_IRQHandler
                0x000000000800ce28                TIM2_IRQHandler
                0x000000000800ce28                COMP7_IRQHandler
                0x000000000800ce28                COMP1_2_3_IRQHandler
                0x000000000800ce28                EXTI1_IRQHandler
                0x000000000800ce28                USART2_IRQHandler
                0x000000000800ce28                COMP4_5_6_IRQHandler
                0x000000000800ce28                I2C2_ER_IRQHandler
                0x000000000800ce28                DMA1_Channel2_IRQHandler
                0x000000000800ce28                TIM8_BRK_IRQHandler
                0x000000000800ce28                FLASH_IRQHandler
                0x000000000800ce28                BusFault_Handler
                0x000000000800ce28                USART1_IRQHandler
                0x000000000800ce28                SPI3_IRQHandler
                0x000000000800ce28                I2C1_ER_IRQHandler
                0x000000000800ce28                USBWakeUp_IRQHandler
                0x000000000800ce28                DMA2_Channel3_IRQHandler
                0x000000000800ce28                EXTI2_TSC_IRQHandler
                0x000000000800ce28                TIM1_BRK_TIM15_IRQHandler
 *fill*         0x000000000800ce2a        0x2 
 .text.startup  0x000000000800ce2c       0x14 /usr/lib/gcc/arm-none-eabi/10.3.1/../../../arm-none-eabi/lib/thumb/v7e-m+fp/hard/libg.a(lib_a-__call_atexit.o)
 *(.glue_7)
 .glue_7        0x000000000800ce40        0x0 linker stubs
 *(.glue_7t)
 .glue_7t       0x000000000800ce40        0x0 linker stubs
 *(.eh_frame)
 .eh_frame      0x000000000800ce40        0x0 /usr/lib/gcc/arm-none-eabi/10.3.1/thumb/v7e-m+fp/hard/crtbegin.o
 *(.init)
 .init          0x000000000800ce40        0x4 /usr/lib/gcc/arm-none-eabi/10.3.1/thumb/v7e-m+fp/hard/crti.o
                0x000000000800ce40                _init
 .init          0x000000000800ce44        0x8 /usr/lib/gcc/arm-none-eabi/10.3.1/thumb/v7e-m+fp/hard/crtn.o
 *(.fini)
 .fini          0x000000000800ce4c        0x4 /usr/lib/gcc/arm-none-eabi/10.3.1/thumb/v7e-m+fp/hard/crti.o
                0x000000000800ce4c                _fini
 .fini          0x000000000800ce50        0x8 /usr/lib/gcc/arm-none-eabi/10.3.1/thumb/v7e-m+fp/hard/crtn.o
                0x000000000800ce58                . = ALIGN (0x4)
                0x000000000800ce58                _etext = .

.vfp11_veneer   0x000000000800ce58        0x0
 .vfp11_veneer  0x000000000800ce58        0x0 linker stubs

.v4_bx          0x000000000800ce58        0x0
 .v4_bx         0x000000000800ce58        0x0 linker stubs

.iplt           0x000000000800ce58        0x0
 .iplt          0x000000000800ce58        0x0 /usr/lib/gcc/arm-none-eabi/10.3.1/thumb/v7e-m+fp/hard/crtbegin.o

.rodata         0x000000000800ce58     0xfdd8
                0x000000000800ce58                . = ALIGN (0x4)
 *(.rodata)
 .rodata        0x000000000800ce58      0x494 build/decoder/STM32F30x_decoder.o
 .rodata        0x000000000800d2ec      0x101 /usr/lib/gcc/arm-none-eabi/10.3.1/../../../arm-none-eabi/lib/thumb/v7e-m+fp/hard/libg.a(lib_a-ctype_.o)
                0x000000000800d2ec                _ctype_
 *fill*         0x000000000800d3ed        0x3 
 .rodata        0x000000000800d3f0        0x4 /usr/lib/gcc/arm-none-eabi/10.3.1/../../../arm-none-eabi/lib/thumb/v7e-m+fp/hard/libg.a(lib_a-impure.o)
                0x000000000800d3f0                _global_impure_ptr
 .rodata        0x000000000800d3f4       0x20 /usr/lib/gcc/arm-none-eabi/10.3.1/../../../arm-none-eabi/lib/thumb/v7e-m+fp/hard/libg.a(lib_a-vfprintf.o)
 *fill*         0x000000000800d414        0x4 
 .rodata        0x000000000800d418      0x128 /usr/lib/gcc/arm-none-eabi/10.3.1/../../../arm-none-eabi/lib/thumb/v7e-m+fp/hard/libg.a(lib_a-mprec.o)
                0x000000000800d428                __mprec_tens
                0x000000000800d4f0                __mprec_tinytens
                0x000000000800d518                __mprec_bigtens
 .rodata        0x000000000800d540       0x20 /usr/lib/gcc/arm-none-eabi/10.3.1/../../../arm-none-eabi/lib/thumb/v7e-m+fp/hard/libg.a(lib_a-vfiprintf.o)
 *(.rodata*)
 .rodata.CmdLED.str1.1
                0x000000000800d560       0x68 build/main.o
 .rodata.CmdAccel.str1.1
                0x000000000800d5c8       0x33 build/main.o
 .rodata.CmdGyro.str1.1
                0x000000000800d5fb       0x2f build/main.o
 .rodata.CmdButton.str1.1
                0x000000000800d62a       0x2a build/main.o
 .rodata.main.str1.1
                0x000000000800d654       0x41 build/main.o
 .rodata.str1.1
                0x000000000800d695       0x9d build/main.o
                                         0xa4 (size before relaxing)
 .rodata.LEDs   0x000000000800d732        0x8 build/main.o
                0x000000000800d732                LEDs
 .rodata.getString.str1.1
                0x000000000800d73a       0x39 build/mes/bc_hook.o
 .rodata.bcGame.str1.1
                0x000000000800d773       0x40 build/mes/bc_hook.o
 .rodata.ticks.str1.1
                0x000000000800d7b3       0x5b build/mes/bc_hook.o
 .rodata.AddTest.str1.1
                0x000000000800d80e       0x4f build/mes/bc_hook.o
 .rodata._bc_A2.str1.1
                0x000000000800d85d       0x7a build/mes/bc_hook.o
 .rodata.TiltGame.str1.1
                0x000000000800d8d7       0x42 build/mes/bc_hook.o
 .rodata.lab_eight.str1.1
                0x000000000800d919       0x4d build/mes/bc_hook.o
 .rodata.wdogTest.str1.1
                0x000000000800d966       0x43 build/mes/bc_hook.o
 .rodata.tickHandler.str1.1
                0x000000000800d9a9       0x46 build/mes/bc_hook.o
 .rodata.str1.1
                0x000000000800d9ef      0x12e build/mes/bc_hook.o
 .rodata.mes_InitIWDG.str1.1
                0x000000000800db1d       0x1a build/mes/watchdog.o
 .rodata.mes_IWDGStart.str1.1
                0x000000000800db37       0x11 build/mes/watchdog.o
 .rodata.mes_IWDGRefresh.str1.1
                0x000000000800db48       0x13 build/mes/watchdog.o
 .rodata.CmdTest.str1.1
                0x000000000800db5b       0x47 build/mytest.o
 .rodata.str1.1
                0x000000000800dba2       0x16 build/mytest.o
 .rodata.CmdR.str1.1
                0x000000000800dbb8       0x10 build/monitor.o
 .rodata.str1.1
                0x000000000800dbc8       0x3b build/monitor.o
                                         0x3d (size before relaxing)
 .rodata.parse.str1.1
                0x000000000800dc03       0xd6 build/parser.o
 .rodata.TaskInput.str1.1
                0x000000000800dcd9        0xb build/parser.o
                                          0xe (size before relaxing)
 .rodata.__FUNCTION__.0
                0x000000000800dce4        0x6 build/parser.o
 .rodata.DumpBuffer.str1.1
                0x000000000800dcea       0x16 build/dump.o
 .rodata.CmdDump.str1.1
                0x000000000800dd00      0x1ca build/dump.o
 .rodata.str1.1
                0x000000000800deca       0x1c build/dump.o
                                         0x1e (size before relaxing)
 .rodata.CmdStats.str1.1
                0x000000000800dee6       0x78 build/terminal.o
 .rodata._write_r.str1.1
                0x000000000800df5e       0x78 build/terminal.o
                                          0x2 (size before relaxing)
 .rodata.str1.1
                0x000000000800df5e       0x32 build/terminal.o
 .rodata.Uncompress.str1.1
                0x000000000800df90       0x26 build/decoder/decoder.o
 .rodata.DecodeReadRegister.str1.1
                0x000000000800dfb6       0x35 build/decoder/decoder.o
 .rodata.DecodeField.str1.1
                0x000000000800dfeb       0x35 build/decoder/decoder.o
 .rodata.DecodeRegister.str1.1
                0x000000000800e020       0x3b build/decoder/decoder.o
 .rodata.DecodePeripheral.str1.1
                0x000000000800e05b       0x28 build/decoder/decoder.o
 .rodata.DecodePrintPeripherals.str1.1
                0x000000000800e083        0x3 build/decoder/decoder.o
                                          0x9 (size before relaxing)
 .rodata.CmdDecode.str1.1
                0x000000000800e086      0x403 build/decoder/decoder.o
                                        0x405 (size before relaxing)
 .rodata.str1.1
                0x000000000800e489       0x21 build/decoder/decoder.o
                                         0x28 (size before relaxing)
 .rodata.str1.1
                0x000000000800e4aa     0x28bc build/decoder/STM32F30x_decoder.o
                                       0x2921 (size before relaxing)
 *fill*         0x0000000008010d66        0x2 
 .rodata.ADC1_2_CCR_fields
                0x0000000008010d68       0x40 build/decoder/STM32F30x_decoder.o
                0x0000000008010d68                ADC1_2_CCR_fields
 .rodata.ADC1_2_CDR_fields
                0x0000000008010da8       0x10 build/decoder/STM32F30x_decoder.o
                0x0000000008010da8                ADC1_2_CDR_fields
 .rodata.ADC1_2_CSR_fields
                0x0000000008010db8       0xb0 build/decoder/STM32F30x_decoder.o
                0x0000000008010db8                ADC1_2_CSR_fields
 .rodata.ADC1_2_registers
                0x0000000008010e68       0x30 build/decoder/STM32F30x_decoder.o
                0x0000000008010e68                ADC1_2_registers
 .rodata.ADC1_AWD2CR_fields
                0x0000000008010e98        0x8 build/decoder/STM32F30x_decoder.o
                0x0000000008010e98                ADC1_AWD2CR_fields
 .rodata.ADC1_AWD3CR_fields
                0x0000000008010ea0        0x8 build/decoder/STM32F30x_decoder.o
                0x0000000008010ea0                ADC1_AWD3CR_fields
 .rodata.ADC1_CALFACT_fields
                0x0000000008010ea8       0x10 build/decoder/STM32F30x_decoder.o
                0x0000000008010ea8                ADC1_CALFACT_fields
 .rodata.ADC1_CFGR_fields
                0x0000000008010eb8       0x98 build/decoder/STM32F30x_decoder.o
                0x0000000008010eb8                ADC1_CFGR_fields
 .rodata.ADC1_CR_fields
                0x0000000008010f50       0x50 build/decoder/STM32F30x_decoder.o
                0x0000000008010f50                ADC1_CR_fields
 .rodata.ADC1_DIFSEL_fields
                0x0000000008010fa0       0x10 build/decoder/STM32F30x_decoder.o
                0x0000000008010fa0                ADC1_DIFSEL_fields
 .rodata.ADC1_DR_fields
                0x0000000008010fb0        0x8 build/decoder/STM32F30x_decoder.o
                0x0000000008010fb0                ADC1_DR_fields
 .rodata.ADC1_IER_fields
                0x0000000008010fb8       0x58 build/decoder/STM32F30x_decoder.o
                0x0000000008010fb8                ADC1_IER_fields
 .rodata.ADC1_ISR_fields
                0x0000000008011010       0x58 build/decoder/STM32F30x_decoder.o
                0x0000000008011010                ADC1_ISR_fields
 .rodata.ADC1_JDR1_fields
                0x0000000008011068        0x8 build/decoder/STM32F30x_decoder.o
                0x0000000008011068                ADC1_JDR1_fields
 .rodata.ADC1_JDR2_fields
                0x0000000008011070        0x8 build/decoder/STM32F30x_decoder.o
                0x0000000008011070                ADC1_JDR2_fields
 .rodata.ADC1_JDR3_fields
                0x0000000008011078        0x8 build/decoder/STM32F30x_decoder.o
                0x0000000008011078                ADC1_JDR3_fields
 .rodata.ADC1_JDR4_fields
                0x0000000008011080        0x8 build/decoder/STM32F30x_decoder.o
                0x0000000008011080                ADC1_JDR4_fields
 .rodata.ADC1_JSQR_fields
                0x0000000008011088       0x38 build/decoder/STM32F30x_decoder.o
                0x0000000008011088                ADC1_JSQR_fields
 .rodata.ADC1_OFR1_fields
                0x00000000080110c0       0x18 build/decoder/STM32F30x_decoder.o
                0x00000000080110c0                ADC1_OFR1_fields
 .rodata.ADC1_OFR2_fields
                0x00000000080110d8       0x18 build/decoder/STM32F30x_decoder.o
                0x00000000080110d8                ADC1_OFR2_fields
 .rodata.ADC1_OFR3_fields
                0x00000000080110f0       0x18 build/decoder/STM32F30x_decoder.o
                0x00000000080110f0                ADC1_OFR3_fields
 .rodata.ADC1_OFR4_fields
                0x0000000008011108       0x18 build/decoder/STM32F30x_decoder.o
                0x0000000008011108                ADC1_OFR4_fields
 .rodata.ADC1_SMPR1_fields
                0x0000000008011120       0x48 build/decoder/STM32F30x_decoder.o
                0x0000000008011120                ADC1_SMPR1_fields
 .rodata.ADC1_SMPR2_fields
                0x0000000008011168       0x48 build/decoder/STM32F30x_decoder.o
                0x0000000008011168                ADC1_SMPR2_fields
 .rodata.ADC1_SQR1_fields
                0x00000000080111b0       0x28 build/decoder/STM32F30x_decoder.o
                0x00000000080111b0                ADC1_SQR1_fields
 .rodata.ADC1_SQR2_fields
                0x00000000080111d8       0x28 build/decoder/STM32F30x_decoder.o
                0x00000000080111d8                ADC1_SQR2_fields
 .rodata.ADC1_SQR3_fields
                0x0000000008011200       0x28 build/decoder/STM32F30x_decoder.o
                0x0000000008011200                ADC1_SQR3_fields
 .rodata.ADC1_SQR4_fields
                0x0000000008011228       0x10 build/decoder/STM32F30x_decoder.o
                0x0000000008011228                ADC1_SQR4_fields
 .rodata.ADC1_TR1_fields
                0x0000000008011238       0x10 build/decoder/STM32F30x_decoder.o
                0x0000000008011238                ADC1_TR1_fields
 .rodata.ADC1_TR2_fields
                0x0000000008011248       0x10 build/decoder/STM32F30x_decoder.o
                0x0000000008011248                ADC1_TR2_fields
 .rodata.ADC1_TR3_fields
                0x0000000008011258       0x10 build/decoder/STM32F30x_decoder.o
                0x0000000008011258                ADC1_TR3_fields
 .rodata.ADC1_registers
                0x0000000008011268      0x1b0 build/decoder/STM32F30x_decoder.o
                0x0000000008011268                ADC1_registers
 .rodata.CAN_BTR_fields
                0x0000000008011418       0x30 build/decoder/STM32F30x_decoder.o
                0x0000000008011418                CAN_BTR_fields
 .rodata.CAN_ESR_fields
                0x0000000008011448       0x30 build/decoder/STM32F30x_decoder.o
                0x0000000008011448                CAN_ESR_fields
 .rodata.CAN_F0R1_fields
                0x0000000008011478      0x100 build/decoder/STM32F30x_decoder.o
                0x0000000008011478                CAN_F0R1_fields
 .rodata.CAN_F0R2_fields
                0x0000000008011578      0x100 build/decoder/STM32F30x_decoder.o
                0x0000000008011578                CAN_F0R2_fields
 .rodata.CAN_F10R1_fields
                0x0000000008011678      0x100 build/decoder/STM32F30x_decoder.o
                0x0000000008011678                CAN_F10R1_fields
 .rodata.CAN_F10R2_fields
                0x0000000008011778      0x100 build/decoder/STM32F30x_decoder.o
                0x0000000008011778                CAN_F10R2_fields
 .rodata.CAN_F11R1_fields
                0x0000000008011878      0x100 build/decoder/STM32F30x_decoder.o
                0x0000000008011878                CAN_F11R1_fields
 .rodata.CAN_F11R2_fields
                0x0000000008011978      0x100 build/decoder/STM32F30x_decoder.o
                0x0000000008011978                CAN_F11R2_fields
 .rodata.CAN_F12R1_fields
                0x0000000008011a78      0x100 build/decoder/STM32F30x_decoder.o
                0x0000000008011a78                CAN_F12R1_fields
 .rodata.CAN_F12R2_fields
                0x0000000008011b78      0x100 build/decoder/STM32F30x_decoder.o
                0x0000000008011b78                CAN_F12R2_fields
 .rodata.CAN_F13R1_fields
                0x0000000008011c78      0x100 build/decoder/STM32F30x_decoder.o
                0x0000000008011c78                CAN_F13R1_fields
 .rodata.CAN_F13R2_fields
                0x0000000008011d78      0x100 build/decoder/STM32F30x_decoder.o
                0x0000000008011d78                CAN_F13R2_fields
 .rodata.CAN_F14R1_fields
                0x0000000008011e78      0x100 build/decoder/STM32F30x_decoder.o
                0x0000000008011e78                CAN_F14R1_fields
 .rodata.CAN_F14R2_fields
                0x0000000008011f78      0x100 build/decoder/STM32F30x_decoder.o
                0x0000000008011f78                CAN_F14R2_fields
 .rodata.CAN_F15R1_fields
                0x0000000008012078      0x100 build/decoder/STM32F30x_decoder.o
                0x0000000008012078                CAN_F15R1_fields
 .rodata.CAN_F15R2_fields
                0x0000000008012178      0x100 build/decoder/STM32F30x_decoder.o
                0x0000000008012178                CAN_F15R2_fields
 .rodata.CAN_F16R1_fields
                0x0000000008012278      0x100 build/decoder/STM32F30x_decoder.o
                0x0000000008012278                CAN_F16R1_fields
 .rodata.CAN_F16R2_fields
                0x0000000008012378      0x100 build/decoder/STM32F30x_decoder.o
                0x0000000008012378                CAN_F16R2_fields
 .rodata.CAN_F17R1_fields
                0x0000000008012478      0x100 build/decoder/STM32F30x_decoder.o
                0x0000000008012478                CAN_F17R1_fields
 .rodata.CAN_F17R2_fields
                0x0000000008012578      0x100 build/decoder/STM32F30x_decoder.o
                0x0000000008012578                CAN_F17R2_fields
 .rodata.CAN_F18R1_fields
                0x0000000008012678      0x100 build/decoder/STM32F30x_decoder.o
                0x0000000008012678                CAN_F18R1_fields
 .rodata.CAN_F18R2_fields
                0x0000000008012778      0x100 build/decoder/STM32F30x_decoder.o
                0x0000000008012778                CAN_F18R2_fields
 .rodata.CAN_F19R1_fields
                0x0000000008012878      0x100 build/decoder/STM32F30x_decoder.o
                0x0000000008012878                CAN_F19R1_fields
 .rodata.CAN_F19R2_fields
                0x0000000008012978      0x100 build/decoder/STM32F30x_decoder.o
                0x0000000008012978                CAN_F19R2_fields
 .rodata.CAN_F1R1_fields
                0x0000000008012a78      0x100 build/decoder/STM32F30x_decoder.o
                0x0000000008012a78                CAN_F1R1_fields
 .rodata.CAN_F1R2_fields
                0x0000000008012b78      0x100 build/decoder/STM32F30x_decoder.o
                0x0000000008012b78                CAN_F1R2_fields
 .rodata.CAN_F20R1_fields
                0x0000000008012c78      0x100 build/decoder/STM32F30x_decoder.o
                0x0000000008012c78                CAN_F20R1_fields
 .rodata.CAN_F20R2_fields
                0x0000000008012d78      0x100 build/decoder/STM32F30x_decoder.o
                0x0000000008012d78                CAN_F20R2_fields
 .rodata.CAN_F21R1_fields
                0x0000000008012e78      0x100 build/decoder/STM32F30x_decoder.o
                0x0000000008012e78                CAN_F21R1_fields
 .rodata.CAN_F21R2_fields
                0x0000000008012f78      0x100 build/decoder/STM32F30x_decoder.o
                0x0000000008012f78                CAN_F21R2_fields
 .rodata.CAN_F22R1_fields
                0x0000000008013078      0x100 build/decoder/STM32F30x_decoder.o
                0x0000000008013078                CAN_F22R1_fields
 .rodata.CAN_F22R2_fields
                0x0000000008013178      0x100 build/decoder/STM32F30x_decoder.o
                0x0000000008013178                CAN_F22R2_fields
 .rodata.CAN_F23R1_fields
                0x0000000008013278      0x100 build/decoder/STM32F30x_decoder.o
                0x0000000008013278                CAN_F23R1_fields
 .rodata.CAN_F23R2_fields
                0x0000000008013378      0x100 build/decoder/STM32F30x_decoder.o
                0x0000000008013378                CAN_F23R2_fields
 .rodata.CAN_F24R1_fields
                0x0000000008013478      0x100 build/decoder/STM32F30x_decoder.o
                0x0000000008013478                CAN_F24R1_fields
 .rodata.CAN_F24R2_fields
                0x0000000008013578      0x100 build/decoder/STM32F30x_decoder.o
                0x0000000008013578                CAN_F24R2_fields
 .rodata.CAN_F25R1_fields
                0x0000000008013678      0x100 build/decoder/STM32F30x_decoder.o
                0x0000000008013678                CAN_F25R1_fields
 .rodata.CAN_F25R2_fields
                0x0000000008013778      0x100 build/decoder/STM32F30x_decoder.o
                0x0000000008013778                CAN_F25R2_fields
 .rodata.CAN_F26R1_fields
                0x0000000008013878      0x100 build/decoder/STM32F30x_decoder.o
                0x0000000008013878                CAN_F26R1_fields
 .rodata.CAN_F26R2_fields
                0x0000000008013978      0x100 build/decoder/STM32F30x_decoder.o
                0x0000000008013978                CAN_F26R2_fields
 .rodata.CAN_F27R1_fields
                0x0000000008013a78      0x100 build/decoder/STM32F30x_decoder.o
                0x0000000008013a78                CAN_F27R1_fields
 .rodata.CAN_F27R2_fields
                0x0000000008013b78      0x100 build/decoder/STM32F30x_decoder.o
                0x0000000008013b78                CAN_F27R2_fields
 .rodata.CAN_F2R1_fields
                0x0000000008013c78      0x100 build/decoder/STM32F30x_decoder.o
                0x0000000008013c78                CAN_F2R1_fields
 .rodata.CAN_F2R2_fields
                0x0000000008013d78      0x100 build/decoder/STM32F30x_decoder.o
                0x0000000008013d78                CAN_F2R2_fields
 .rodata.CAN_F3R1_fields
                0x0000000008013e78      0x100 build/decoder/STM32F30x_decoder.o
                0x0000000008013e78                CAN_F3R1_fields
 .rodata.CAN_F3R2_fields
                0x0000000008013f78      0x100 build/decoder/STM32F30x_decoder.o
                0x0000000008013f78                CAN_F3R2_fields
 .rodata.CAN_F4R1_fields
                0x0000000008014078      0x100 build/decoder/STM32F30x_decoder.o
                0x0000000008014078                CAN_F4R1_fields