Archive member included to satisfy reference by file (symbol)

/usr/lib/gcc/arm-none-eabi/10.3.1/../../../arm-none-eabi/lib/thumb/v7e-m+fp/hard/libg.a(lib_a-atexit.o)
                              /usr/lib/gcc/arm-none-eabi/10.3.1/../../../arm-none-eabi/lib/thumb/v7e-m+fp/hard/crt0.o (atexit)
/usr/lib/gcc/arm-none-eabi/10.3.1/../../../arm-none-eabi/lib/thumb/v7e-m+fp/hard/libg.a(lib_a-ctype_.o)
                              build/parser.o (_ctype_)
/usr/lib/gcc/arm-none-eabi/10.3.1/../../../arm-none-eabi/lib/thumb/v7e-m+fp/hard/libg.a(lib_a-errno.o)
                              build/syscall.o (__errno)
/usr/lib/gcc/arm-none-eabi/10.3.1/../../../arm-none-eabi/lib/thumb/v7e-m+fp/hard/libg.a(lib_a-exit.o)
                              /usr/lib/gcc/arm-none-eabi/10.3.1/../../../arm-none-eabi/lib/thumb/v7e-m+fp/hard/crt0.o (exit)
/usr/lib/gcc/arm-none-eabi/10.3.1/../../../arm-none-eabi/lib/thumb/v7e-m+fp/hard/libg.a(lib_a-fini.o)
                              /usr/lib/gcc/arm-none-eabi/10.3.1/../../../arm-none-eabi/lib/thumb/v7e-m+fp/hard/crt0.o (__libc_fini_array)
/usr/lib/gcc/arm-none-eabi/10.3.1/../../../arm-none-eabi/lib/thumb/v7e-m+fp/hard/libg.a(lib_a-impure.o)
                              /usr/lib/gcc/arm-none-eabi/10.3.1/../../../arm-none-eabi/lib/thumb/v7e-m+fp/hard/libg.a(lib_a-exit.o) (_global_impure_ptr)
/usr/lib/gcc/arm-none-eabi/10.3.1/../../../arm-none-eabi/lib/thumb/v7e-m+fp/hard/libg.a(lib_a-init.o)
                              /usr/lib/gcc/arm-none-eabi/10.3.1/../../../arm-none-eabi/lib/thumb/v7e-m+fp/hard/crt0.o (__libc_init_array)
/usr/lib/gcc/arm-none-eabi/10.3.1/../../../arm-none-eabi/lib/thumb/v7e-m+fp/hard/libg.a(lib_a-memset.o)
                              /usr/lib/gcc/arm-none-eabi/10.3.1/../../../arm-none-eabi/lib/thumb/v7e-m+fp/hard/crt0.o (memset)
/usr/lib/gcc/arm-none-eabi/10.3.1/../../../arm-none-eabi/lib/thumb/v7e-m+fp/hard/libg.a(lib_a-printf.o)
                              build/main.o (printf)
/usr/lib/gcc/arm-none-eabi/10.3.1/../../../arm-none-eabi/lib/thumb/v7e-m+fp/hard/libg.a(lib_a-putchar.o)
                              build/parser.o (putchar)
/usr/lib/gcc/arm-none-eabi/10.3.1/../../../arm-none-eabi/lib/thumb/v7e-m+fp/hard/libg.a(lib_a-puts.o)
                              build/main.o (puts)
/usr/lib/gcc/arm-none-eabi/10.3.1/../../../arm-none-eabi/lib/thumb/v7e-m+fp/hard/libg.a(lib_a-setvbuf.o)
                              build/terminal.o (setvbuf)
/usr/lib/gcc/arm-none-eabi/10.3.1/../../../arm-none-eabi/lib/thumb/v7e-m+fp/hard/libg.a(lib_a-strcasecmp.o)
                              build/parser.o (strcasecmp)
/usr/lib/gcc/arm-none-eabi/10.3.1/../../../arm-none-eabi/lib/thumb/v7e-m+fp/hard/libg.a(lib_a-strcpy.o)
                              build/parser.o (strcpy)
/usr/lib/gcc/arm-none-eabi/10.3.1/../../../arm-none-eabi/lib/thumb/v7e-m+fp/hard/libg.a(lib_a-strlen.o)
                              build/parser.o (strlen)
/usr/lib/gcc/arm-none-eabi/10.3.1/../../../arm-none-eabi/lib/thumb/v7e-m+fp/hard/libg.a(lib_a-strtok.o)
                              build/parser.o (strtok)
/usr/lib/gcc/arm-none-eabi/10.3.1/../../../arm-none-eabi/lib/thumb/v7e-m+fp/hard/libg.a(lib_a-strtok_r.o)
                              /usr/lib/gcc/arm-none-eabi/10.3.1/../../../arm-none-eabi/lib/thumb/v7e-m+fp/hard/libg.a(lib_a-strtok.o) (__strtok_r)
/usr/lib/gcc/arm-none-eabi/10.3.1/../../../arm-none-eabi/lib/thumb/v7e-m+fp/hard/libg.a(lib_a-strtol.o)
                              build/parser.o (strtol)
/usr/lib/gcc/arm-none-eabi/10.3.1/../../../arm-none-eabi/lib/thumb/v7e-m+fp/hard/libg.a(lib_a-strtoul.o)
                              build/parser.o (strtoul)
/usr/lib/gcc/arm-none-eabi/10.3.1/../../../arm-none-eabi/lib/thumb/v7e-m+fp/hard/libg.a(lib_a-vfprintf.o)
                              /usr/lib/gcc/arm-none-eabi/10.3.1/../../../arm-none-eabi/lib/thumb/v7e-m+fp/hard/libg.a(lib_a-printf.o) (_vfprintf_r)
/usr/lib/gcc/arm-none-eabi/10.3.1/../../../arm-none-eabi/lib/thumb/v7e-m+fp/hard/libg.a(lib_a-wsetup.o)
                              /usr/lib/gcc/arm-none-eabi/10.3.1/../../../arm-none-eabi/lib/thumb/v7e-m+fp/hard/libg.a(lib_a-vfprintf.o) (__swsetup_r)
/usr/lib/gcc/arm-none-eabi/10.3.1/../../../arm-none-eabi/lib/thumb/v7e-m+fp/hard/libg.a(lib_a-__atexit.o)
                              /usr/lib/gcc/arm-none-eabi/10.3.1/../../../arm-none-eabi/lib/thumb/v7e-m+fp/hard/libg.a(lib_a-atexit.o) (__register_exitproc)
/usr/lib/gcc/arm-none-eabi/10.3.1/../../../arm-none-eabi/lib/thumb/v7e-m+fp/hard/libg.a(lib_a-__call_atexit.o)
                              /usr/lib/gcc/arm-none-eabi/10.3.1/../../../arm-none-eabi/lib/thumb/v7e-m+fp/hard/libg.a(lib_a-exit.o) (__call_exitprocs)
/usr/lib/gcc/arm-none-eabi/10.3.1/../../../arm-none-eabi/lib/thumb/v7e-m+fp/hard/libg.a(lib_a-dtoa.o)
                              /usr/lib/gcc/arm-none-eabi/10.3.1/../../../arm-none-eabi/lib/thumb/v7e-m+fp/hard/libg.a(lib_a-vfprintf.o) (_dtoa_r)
[...]
Memory Configuration

Name             Origin             Length             Attributes
FLASH            0x0000000008000000 0x0000000000040000 xr
RAM              0x0000000020000000 0x000000000000a000 xrw
CCMRAM           0x0000000010000000 0x0000000000002000 rw
*default*        0x0000000000000000 0xffffffffffffffff

Linker script and memory map

LOAD /usr/lib/gcc/arm-none-eabi/10.3.1/thumb/v7e-m+fp/hard/crti.o
LOAD /usr/lib/gcc/arm-none-eabi/10.3.1/thumb/v7e-m+fp/hard/crtbegin.o
LOAD /usr/lib/gcc/arm-none-eabi/10.3.1/../../../arm-none-eabi/lib/thumb/v7e-m+fp/hard/crt0.o
LOAD build/main.o
LOAD build/mes/bc_hook.o
LOAD build/mes/bc_asm.o
LOAD build/mes/watchdog.o
LOAD build/mycode.o
LOAD build/mytest.o
LOAD build/monitor.o
LOAD build/parser.o
LOAD build/dump.o
LOAD build/syscall.o
LOAD build/terminal.o
LOAD build/decoder/decoder.o
LOAD build/decoder/STM32F30x_decoder.o
LOAD build/Drivers/CMSIS/Device/ST/STM32F3xx/Source/Templates/system_stm32f3xx.o
LOAD build/Drivers/STM32F3xx_HAL_Driver/Src/stm32f3xx_hal_rcc.o
LOAD build/Drivers/STM32F3xx_HAL_Driver/Src/stm32f3xx_hal.o
LOAD build/Drivers/STM32F3xx_HAL_Driver/Src/stm32f3xx_hal_cortex.o
LOAD build/Drivers/STM32F3xx_HAL_Driver/Src/stm32f3xx_hal_uart.o
LOAD build/Drivers/STM32F3xx_HAL_Driver/Src/stm32f3xx_hal_gpio.o
LOAD build/Drivers/STM32F3xx_HAL_Driver/Src/stm32f3xx_hal_pcd.o
LOAD build/Drivers/STM32F3xx_HAL_Driver/Src/stm32f3xx_hal_pcd_ex.o
LOAD build/Drivers/STM32F3xx_HAL_Driver/Src/stm32f3xx_hal_i2c.o
LOAD build/Drivers/STM32F3xx_HAL_Driver/Src/stm32f3xx_hal_spi.o
LOAD build/Drivers/STM32F3xx_HAL_Driver/Src/stm32f3xx_hal_iwdg.o
LOAD build/Drivers/STM32_USB_Device_Library/Core/Src/usbd_core.o
LOAD build/Drivers/STM32_USB_Device_Library/Core/Src/usbd_ctlreq.o
LOAD build/Drivers/STM32_USB_Device_Library/Core/Src/usbd_ioreq.o
LOAD build/Drivers/STM32_USB_Device_Library/Class/CDC/Src/usbd_cdc.o
LOAD build/usbd_conf.o
LOAD build/usbd_desc.o
LOAD build/usbd_cdc_interface.o
LOAD build/Drivers/BSP/STM32F3-Discovery/stm32f3_discovery.o
LOAD build/Drivers/BSP/STM32F3-Discovery/stm32f3_discovery_accelerometer.o
LOAD build/Drivers/BSP/STM32F3-Discovery/stm32f3_discovery_gyroscope.o
LOAD build/Drivers/BSP/Components/lsm303dlhc/lsm303dlhc.o
LOAD build/Drivers/BSP/Components/l3gd20/l3gd20.o
LOAD build/Drivers/BSP/Components/i3g4250d/i3g4250d.o
LOAD build/Drivers/BSP/Components/lsm303agr/lsm303agr.o
LOAD build/Drivers/CMSIS/Device/ST/STM32F3xx/Source/Templates/gcc/startup_stm32f303xc.o
START GROUP
LOAD /usr/lib/gcc/arm-none-eabi/10.3.1/thumb/v7e-m+fp/hard/libgcc.a
LOAD /usr/lib/gcc/arm-none-eabi/10.3.1/../../../arm-none-eabi/lib/thumb/v7e-m+fp/hard/libg.a
LOAD /usr/lib/gcc/arm-none-eabi/10.3.1/../../../arm-none-eabi/lib/thumb/v7e-m+fp/hard/libc.a
END GROUP
START GROUP
LOAD /usr/lib/gcc/arm-none-eabi/10.3.1/thumb/v7e-m+fp/hard/libgcc.a
LOAD /usr/lib/gcc/arm-none-eabi/10.3.1/../../../arm-none-eabi/lib/thumb/v7e-m+fp/hard/libc.a
LOAD /usr/lib/gcc/arm-none-eabi/10.3.1/../../../arm-none-eabi/lib/thumb/v7e-m+fp/hard/libnosys.a
END GROUP
LOAD /usr/lib/gcc/arm-none-eabi/10.3.1/thumb/v7e-m+fp/hard/crtend.o
LOAD /usr/lib/gcc/arm-none-eabi/10.3.1/thumb/v7e-m+fp/hard/crtn.o
                0x0000000020008000                _estack = 0x20008000
                0x0000000000001000                _Min_Heap_Size = 0x1000
                0x0000000000000400                _Min_Stack_Size = 0x400

.isr_vector     0x0000000008000000      0x188
                0x0000000008000000                . = ALIGN (0x4)
 *(.isr_vector)
 .isr_vector    0x0000000008000000      0x188 build/Drivers/CMSIS/Device/ST/STM32F3xx/Source/Templates/gcc/startup_stm32f303xc.o
                0x0000000008000000                g_pfnVectors
                0x0000000008000188                . = ALIGN (0x4)

.text           0x00000000080001c0     0xcc5c
                0x00000000080001c0                . = ALIGN (0x4)
 *(.text)
 .text          0x00000000080001c0       0x88 /usr/lib/gcc/arm-none-eabi/10.3.1/thumb/v7e-m+fp/hard/crtbegin.o
 .text          0x0000000008000248      0x3a0 build/mes/bc_asm.o
                0x0000000008000248                add_test
                0x000000000800029c                bc_led_demo_a2
                0x0000000008000314                get_string
                0x0000000008000324                bc_Game
                0x0000000008000408                accel_test
                0x0000000008000440                bc_tilt
                0x000000000800056c                lab8
                0x0000000008000584                _bc_a5_tick_handler
                0x0000000008000598                _bc_a5_tick_check
                0x00000000080005b0                _bc_watchdog_start
 .text          0x00000000080005e8       0x38 build/mycode.o
                0x00000000080005e8                mytest
                0x0000000008000600                my_Tick
                0x0000000008000614                my_Loop
                0x0000000008000618                my_Init
 .text          0x0000000008000620        0xc /usr/lib/gcc/arm-none-eabi/10.3.1/../../../arm-none-eabi/lib/thumb/v7e-m+fp/hard/libg.a(lib_a-atexit.o)
                0x0000000008000620                atexit
 .text          0x000000000800062c        0xc /usr/lib/gcc/arm-none-eabi/10.3.1/../../../arm-none-eabi/lib/thumb/v7e-m+fp/hard/libg.a(lib_a-errno.o)
                0x000000000800062c                __errno
 .text          0x0000000008000638       0x2c /usr/lib/gcc/arm-none-eabi/10.3.1/../../../arm-none-eabi/lib/thumb/v7e-m+fp/hard/libg.a(lib_a-fini.o)
                0x0000000008000638                __libc_fini_array
 .text          0x0000000008000664       0x48 /usr/lib/gcc/arm-none-eabi/10.3.1/../../../arm-none-eabi/lib/thumb/v7e-m+fp/hard/libg.a(lib_a-init.o)
                0x0000000008000664                __libc_init_array
 .text          0x00000000080006ac       0xa4 /usr/lib/gcc/arm-none-eabi/10.3.1/../../../arm-none-eabi/lib/thumb/v7e-m+fp/hard/libg.a(lib_a-memset.o)
                0x00000000080006ac                memset
 .text          0x0000000008000750       0x48 /usr/lib/gcc/arm-none-eabi/10.3.1/../../../arm-none-eabi/lib/thumb/v7e-m+fp/hard/libg.a(lib_a-printf.o)
                0x0000000008000750                _printf_r
                0x0000000008000770                printf
 .text          0x0000000008000798       0x18 /usr/lib/gcc/arm-none-eabi/10.3.1/../../../arm-none-eabi/lib/thumb/v7e-m+fp/hard/libg.a(lib_a-putchar.o)
                0x0000000008000798                _putchar_r
                0x00000000080007a0                putchar
 .text          0x00000000080007b0       0x78 /usr/lib/gcc/arm-none-eabi/10.3.1/../../../arm-none-eabi/lib/thumb/v7e-m+fp/hard/libg.a(lib_a-puts.o)
                0x00000000080007b0                _puts_r
                0x0000000008000818                puts
 .text          0x0000000008000828      0x174 /usr/lib/gcc/arm-none-eabi/10.3.1/../../../arm-none-eabi/lib/thumb/v7e-m+fp/hard/libg.a(lib_a-setvbuf.o)
                0x0000000008000828                setvbuf
 .text          0x000000000800099c       0x4c /usr/lib/gcc/arm-none-eabi/10.3.1/../../../arm-none-eabi/lib/thumb/v7e-m+fp/hard/libg.a(lib_a-strcasecmp.o)
                0x000000000800099c                strcasecmp
 .text          0x00000000080009e8       0xbc /usr/lib/gcc/arm-none-eabi/10.3.1/../../../arm-none-eabi/lib/thumb/v7e-m+fp/hard/libg.a(lib_a-strcpy.o)
                0x00000000080009e8                strcpy
 *fill*         0x0000000008000aa4       0x1c 
 .text          0x0000000008000ac0       0xdc /usr/lib/gcc/arm-none-eabi/10.3.1/../../../arm-none-eabi/lib/thumb/v7e-m+fp/hard/libg.a(lib_a-strlen.o)
                0x0000000008000ac0                strlen
 .text          0x0000000008000b9c       0x10 /usr/lib/gcc/arm-none-eabi/10.3.1/../../../arm-none-eabi/lib/thumb/v7e-m+fp/hard/libg.a(lib_a-strtok.o)
                0x0000000008000b9c                strtok
 .text          0x0000000008000bac       0x6c /usr/lib/gcc/arm-none-eabi/10.3.1/../../../arm-none-eabi/lib/thumb/v7e-m+fp/hard/libg.a(lib_a-strtok_r.o)
                0x0000000008000bac                __strtok_r
                0x0000000008000c10                strtok_r
 .text          0x0000000008000c18      0x170 /usr/lib/gcc/arm-none-eabi/10.3.1/../../../arm-none-eabi/lib/thumb/v7e-m+fp/hard/libg.a(lib_a-strtoul.o)
                0x0000000008000d54                _strtoul_r
                0x0000000008000d58                strtoul_l
                0x0000000008000d70                strtoul
 .text          0x0000000008000d88     0x159c /usr/lib/gcc/arm-none-eabi/10.3.1/../../../arm-none-eabi/lib/thumb/v7e-m+fp/hard/libg.a(lib_a-vfprintf.o)
                0x0000000008000d88                _vfprintf_r
                0x000000000800229c                vfprintf
 .text          0x0000000008002324       0xd4 /usr/lib/gcc/arm-none-eabi/10.3.1/../../../arm-none-eabi/lib/thumb/v7e-m+fp/hard/libg.a(lib_a-wsetup.o)
                0x0000000008002324                __swsetup_r
 .text          0x00000000080023f8       0x68 /usr/lib/gcc/arm-none-eabi/10.3.1/../../../arm-none-eabi/lib/thumb/v7e-m+fp/hard/libg.a(lib_a-__atexit.o)
                0x00000000080023f8                __register_exitproc
 .text          0x0000000008002460     0x1064 /usr/lib/gcc/arm-none-eabi/10.3.1/../../../arm-none-eabi/lib/thumb/v7e-m+fp/hard/libg.a(lib_a-dtoa.o)
                0x0000000008002588                _dtoa_r
 .text          0x00000000080034c4      0x1ac /usr/lib/gcc/arm-none-eabi/10.3.1/../../../arm-none-eabi/lib/thumb/v7e-m+fp/hard/libg.a(lib_a-fflush.o)
                0x00000000080034c4                __sflush_r
                0x00000000080035f4                _fflush_r
                0x0000000008003620                fflush
 .text          0x0000000008003670      0x218 /usr/lib/gcc/arm-none-eabi/10.3.1/../../../arm-none-eabi/lib/thumb/v7e-m+fp/hard/libg.a(lib_a-findfp.o)
                0x0000000008003674                _cleanup_r
                0x000000000800375c                __sfmoreglue
                0x000000000800378c                __sfp
                0x0000000008003834                _cleanup
                0x0000000008003848                __sinit
                0x0000000008003850                __sfp_lock_acquire
                0x0000000008003854                __sfp_lock_release
                0x0000000008003858                __sinit_lock_acquire
                0x000000000800385c                __sinit_lock_release
                0x0000000008003860                __fp_lock_all
                0x0000000008003874                __fp_unlock_all
 .text          0x0000000008003888      0x2ac /usr/lib/gcc/arm-none-eabi/10.3.1/../../../arm-none-eabi/lib/thumb/v7e-m+fp/hard/libg.a(lib_a-freer.o)
                0x0000000008003888                _malloc_trim_r
                0x0000000008003928                _free_r
 .text          0x0000000008003b34      0x2f0 /usr/lib/gcc/arm-none-eabi/10.3.1/../../../arm-none-eabi/lib/thumb/v7e-m+fp/hard/libg.a(lib_a-fvwrite.o)
                0x0000000008003b34                __sfvwrite_r
 .text          0x0000000008003e24       0x88 /usr/lib/gcc/arm-none-eabi/10.3.1/../../../arm-none-eabi/lib/thumb/v7e-m+fp/hard/libg.a(lib_a-fwalk.o)
                0x0000000008003e24                _fwalk
                0x0000000008003e64                _fwalk_reent
 .text          0x0000000008003eac       0x14 /usr/lib/gcc/arm-none-eabi/10.3.1/../../../arm-none-eabi/lib/thumb/v7e-m+fp/hard/libg.a(lib_a-localeconv.o)
                0x0000000008003eac                __localeconv_l
                0x0000000008003eb0                _localeconv_r
                0x0000000008003eb8                localeconv
 .text          0x0000000008003ec0      0x140 /usr/lib/gcc/arm-none-eabi/10.3.1/../../../arm-none-eabi/lib/thumb/v7e-m+fp/hard/libg.a(lib_a-makebuf.o)
                0x0000000008003ec0                __smakebuf_r
                0x0000000008003fa0                __swhatbuf_r
 .text          0x0000000008004000       0x20 /usr/lib/gcc/arm-none-eabi/10.3.1/../../../arm-none-eabi/lib/thumb/v7e-m+fp/hard/libg.a(lib_a-malloc.o)
                0x0000000008004000                malloc
                0x0000000008004010                free
 .text          0x0000000008004020      0x554 /usr/lib/gcc/arm-none-eabi/10.3.1/../../../arm-none-eabi/lib/thumb/v7e-m+fp/hard/libg.a(lib_a-mallocr.o)
                0x0000000008004020                _malloc_r
 *fill*         0x0000000008004574        0xc 
 .text          0x0000000008004580       0xa0 /usr/lib/gcc/arm-none-eabi/10.3.1/../../../arm-none-eabi/lib/thumb/v7e-m+fp/hard/libg.a(lib_a-memchr.o)
                0x0000000008004580                memchr
 .text          0x0000000008004620      0x134 /usr/lib/gcc/arm-none-eabi/10.3.1/../../../arm-none-eabi/lib/thumb/v7e-m+fp/hard/libg.a(lib_a-memcpy.o)
                0x0000000008004620                memcpy
 .text          0x0000000008004754       0xf8 /usr/lib/gcc/arm-none-eabi/10.3.1/../../../arm-none-eabi/lib/thumb/v7e-m+fp/hard/libg.a(lib_a-memmove.o)
                0x0000000008004754                memmove
 .text          0x000000000800484c        0x8 /usr/lib/gcc/arm-none-eabi/10.3.1/../../../arm-none-eabi/lib/thumb/v7e-m+fp/hard/libg.a(lib_a-mlock.o)
                0x000000000800484c                __malloc_lock
                0x0000000008004850                __malloc_unlock
 .text          0x0000000008004854      0xaa0 /usr/lib/gcc/arm-none-eabi/10.3.1/../../../arm-none-eabi/lib/thumb/v7e-m+fp/hard/libg.a(lib_a-mprec.o)
                0x0000000008004854                _Balloc
                0x00000000080048a0                _Bfree
                0x00000000080048b4                __multadd
                0x000000000800495c                __s2b
                0x0000000008004a10                __hi0bits
                0x0000000008004a50                __lo0bits
                0x0000000008004ab0                __i2b
                0x0000000008004b0c                __multiply
                0x0000000008004c68                __pow5mult
                0x0000000008004d28                __lshift
                0x0000000008004e18                __mcmp
                0x0000000008004e5c                __mdiff
                0x0000000008004fa8                __ulp
                0x0000000008005008                __b2d
                0x00000000080050c8                __d2b
                0x0000000008005198                __ratio
                0x00000000080051f4                _mprec_log10
                0x0000000008005234                __copybits
                0x0000000008005290                __any_on
 .text          0x00000000080052f4       0xb8 /usr/lib/gcc/arm-none-eabi/10.3.1/../../../arm-none-eabi/lib/thumb/v7e-m+fp/hard/libg.a(lib_a-putc.o)
                0x00000000080052f4                _putc_r
                0x000000000800534c                putc
 .text          0x00000000080053ac      0x3d8 /usr/lib/gcc/arm-none-eabi/10.3.1/../../../arm-none-eabi/lib/thumb/v7e-m+fp/hard/libg.a(lib_a-reallocr.o)
                0x00000000080053ac                _realloc_r
 .text          0x0000000008005784       0x90 /usr/lib/gcc/arm-none-eabi/10.3.1/../../../arm-none-eabi/lib/thumb/v7e-m+fp/hard/libg.a(lib_a-stdio.o)
                0x0000000008005784                __sread
                0x00000000080057a8                __seofread
                0x00000000080057ac                __swrite
                0x00000000080057ec                __sseek
                0x000000000800580c                __sclose
 .text          0x0000000008005814      0xd44 /usr/lib/gcc/arm-none-eabi/10.3.1/../../../arm-none-eabi/lib/thumb/v7e-m+fp/hard/libg.a(lib_a-vfiprintf.o)
                0x000000000800588c                __sprint_r
                0x00000000080058a4                _vfiprintf_r
                0x00000000080064d0                vfiprintf
 .text          0x0000000008006558       0xc8 /usr/lib/gcc/arm-none-eabi/10.3.1/../../../arm-none-eabi/lib/thumb/v7e-m+fp/hard/libg.a(lib_a-wbuf.o)
                0x0000000008006558                __swbuf_r
                0x0000000008006608                __swbuf
 .text          0x0000000008006620       0x4c /usr/lib/gcc/arm-none-eabi/10.3.1/../../../arm-none-eabi/lib/thumb/v7e-m+fp/hard/libg.a(lib_a-assert.o)
                0x0000000008006620                __assert_func
                0x0000000008006660                __assert
 .text          0x000000000800666c       0x60 /usr/lib/gcc/arm-none-eabi/10.3.1/../../../arm-none-eabi/lib/thumb/v7e-m+fp/hard/libg.a(lib_a-callocr.o)
                0x000000000800666c                _calloc_r
 .text          0x00000000080066cc       0xd4 /usr/lib/gcc/arm-none-eabi/10.3.1/../../../arm-none-eabi/lib/thumb/v7e-m+fp/hard/libg.a(lib_a-fclose.o)
                0x0000000008006730                _fclose_r
                0x0000000008006764                fclose
 .text          0x00000000080067a0       0x44 /usr/lib/gcc/arm-none-eabi/10.3.1/../../../arm-none-eabi/lib/thumb/v7e-m+fp/hard/libg.a(lib_a-fiprintf.o)
                0x00000000080067a0                _fiprintf_r
                0x00000000080067bc                fiprintf
 .text          0x00000000080067e4      0x118 /usr/lib/gcc/arm-none-eabi/10.3.1/../../../arm-none-eabi/lib/thumb/v7e-m+fp/hard/libg.a(lib_a-fputwc.o)
                0x00000000080067e4                __fputwc
                0x000000000800688c                _fputwc_r
                0x00000000080068b4                fputwc
 .text          0x00000000080068fc       0x8c /usr/lib/gcc/arm-none-eabi/10.3.1/../../../arm-none-eabi/lib/thumb/v7e-m+fp/hard/libg.a(lib_a-locale.o)
                0x00000000080068fc                _setlocale_r
                0x000000000800693c                __locale_mb_cur_max
                0x0000000008006948                setlocale
 .text          0x0000000008006988       0x40 /usr/lib/gcc/arm-none-eabi/10.3.1/../../../arm-none-eabi/lib/thumb/v7e-m+fp/hard/libg.a(lib_a-mbtowc_r.o)
                0x0000000008006988                _mbtowc_r
                0x000000000800699c                __ascii_mbtowc
 *fill*         0x00000000080069c8       0x18 
 .text          0x00000000080069e0      0x2dc /usr/lib/gcc/arm-none-eabi/10.3.1/../../../arm-none-eabi/lib/thumb/v7e-m+fp/hard/libg.a(lib_a-strcmp.o)
                0x00000000080069e8                strcmp
 .text          0x0000000008006cbc       0x88 /usr/lib/gcc/arm-none-eabi/10.3.1/../../../arm-none-eabi/lib/thumb/v7e-m+fp/hard/libg.a(lib_a-wcrtomb.o)
                0x0000000008006cbc                _wcrtomb_r
                0x0000000008006cf8                wcrtomb
 .text          0x0000000008006d44       0x30 /usr/lib/gcc/arm-none-eabi/10.3.1/../../../arm-none-eabi/lib/thumb/v7e-m+fp/hard/libg.a(lib_a-wctomb_r.o)
                0x0000000008006d44                _wctomb_r
                0x0000000008006d58                __ascii_wctomb
 .text          0x0000000008006d74       0x10 /usr/lib/gcc/arm-none-eabi/10.3.1/../../../arm-none-eabi/lib/thumb/v7e-m+fp/hard/libg.a(lib_a-abort.o)
                0x0000000008006d74                abort
 .text          0x0000000008006d84      0x288 /usr/lib/gcc/arm-none-eabi/10.3.1/../../../arm-none-eabi/lib/thumb/v7e-m+fp/hard/libg.a(lib_a-signal.o)
                0x0000000008006d84                _init_signal_r
                0x0000000008006db4                _signal_r
                0x0000000008006e00                _raise_r
                0x0000000008006e58                __sigtramp_r
                0x0000000008006ebc                raise
                0x0000000008006f18                signal
                0x0000000008006f6c                _init_signal
                0x0000000008006fa4                __sigtramp
 .text          0x000000000800700c       0x30 /usr/lib/gcc/arm-none-eabi/10.3.1/../../../arm-none-eabi/lib/thumb/v7e-m+fp/hard/libg.a(lib_a-signalr.o)
                0x000000000800700c                _kill_r
                0x0000000008007038                _getpid_r
 .text          0x000000000800703c      0x378 /usr/lib/gcc/arm-none-eabi/10.3.1/thumb/v7e-m+fp/hard/libgcc.a(_arm_addsubdf3.o)
                0x000000000800703c                __aeabi_drsub
                0x0000000008007044                __aeabi_dsub
                0x0000000008007044                __subdf3
                0x0000000008007048                __adddf3
                0x0000000008007048                __aeabi_dadd
                0x00000000080072c0                __aeabi_ui2d
                0x00000000080072c0                __floatunsidf
                0x00000000080072e0                __floatsidf
                0x00000000080072e0                __aeabi_i2d
                0x0000000008007304                __extendsfdf2
                0x0000000008007304                __aeabi_f2d
                0x0000000008007348                __aeabi_ul2d
                0x0000000008007348                __floatundidf
                0x0000000008007358                __floatdidf
                0x0000000008007358                __aeabi_l2d
 .text          0x00000000080073b4      0x424 /usr/lib/gcc/arm-none-eabi/10.3.1/thumb/v7e-m+fp/hard/libgcc.a(_arm_muldivdf3.o)
                0x00000000080073b4                __aeabi_dmul
                0x00000000080073b4                __muldf3
                0x0000000008007608                __aeabi_ddiv
                0x0000000008007608                __divdf3
 .text          0x00000000080077d8      0x110 /usr/lib/gcc/arm-none-eabi/10.3.1/thumb/v7e-m+fp/hard/libgcc.a(_arm_cmpdf2.o)
                0x00000000080077d8                __gtdf2
                0x00000000080077d8                __gedf2
                0x00000000080077e0                __ltdf2
                0x00000000080077e0                __ledf2
                0x00000000080077e8                __cmpdf2
                0x00000000080077e8                __eqdf2
                0x00000000080077e8                __nedf2
                0x0000000008007864                __aeabi_cdrcmple
                0x0000000008007874                __aeabi_cdcmple
                0x0000000008007874                __aeabi_cdcmpeq
                0x0000000008007884                __aeabi_dcmpeq
                0x0000000008007898                __aeabi_dcmplt
                0x00000000080078ac                __aeabi_dcmple
                0x00000000080078c0                __aeabi_dcmpge
                0x00000000080078d4                __aeabi_dcmpgt
 .text          0x00000000080078e8       0x2c /usr/lib/gcc/arm-none-eabi/10.3.1/thumb/v7e-m+fp/hard/libgcc.a(_arm_unorddf2.o)
                0x00000000080078e8                __aeabi_dcmpun
                0x00000000080078e8                __unorddf2
 .text          0x0000000008007914       0x50 /usr/lib/gcc/arm-none-eabi/10.3.1/thumb/v7e-m+fp/hard/libgcc.a(_arm_fixdfsi.o)
                0x0000000008007914                __fixdfsi
                0x0000000008007914                __aeabi_d2iz
 .text          0x0000000008007964       0x30 /usr/lib/gcc/arm-none-eabi/10.3.1/thumb/v7e-m+fp/hard/libgcc.a(_aeabi_uldivmod.o)
                0x0000000008007964                __aeabi_uldivmod
 .text          0x0000000008007994      0x2d0 /usr/lib/gcc/arm-none-eabi/10.3.1/thumb/v7e-m+fp/hard/libgcc.a(_udivmoddi4.o)
                0x0000000008007994                __udivmoddi4
 .text          0x0000000008007c64        0x4 /usr/lib/gcc/arm-none-eabi/10.3.1/thumb/v7e-m+fp/hard/libgcc.a(_dvmd_tls.o)
                0x0000000008007c64                __aeabi_ldiv0
                0x0000000008007c64                __aeabi_idiv0
 .text          0x0000000008007c68       0x10 /usr/lib/gcc/arm-none-eabi/10.3.1/../../../arm-none-eabi/lib/thumb/v7e-m+fp/hard/libnosys.a(getpid.o)
                0x0000000008007c68                _getpid
 .text          0x0000000008007c78       0x10 /usr/lib/gcc/arm-none-eabi/10.3.1/../../../arm-none-eabi/lib/thumb/v7e-m+fp/hard/libnosys.a(kill.o)
                0x0000000008007c78                _kill
 .text          0x0000000008007c88        0x4 /usr/lib/gcc/arm-none-eabi/10.3.1/../../../arm-none-eabi/lib/thumb/v7e-m+fp/hard/libnosys.a(_exit.o)
                0x0000000008007c88                _exit
 *(.text*)
 .text.CmdLED   0x0000000008007c8c       0x5c build/main.o
                0x0000000008007c8c                CmdLED
 .text.CmdAccel
                0x0000000008007ce8       0x28 build/main.o
                0x0000000008007ce8                CmdAccel
 .text.CmdGyro  0x0000000008007d10       0x4c build/main.o
                0x0000000008007d10                CmdGyro
 .text.CmdButton
                0x0000000008007d5c       0x2c build/main.o
                0x0000000008007d5c                CmdButton
 .text.Error_Handler
                0x0000000008007d88        0xa build/main.o
                0x0000000008007d88                Error_Handler
 *fill*         0x0000000008007d92        0x2 
 .text.startup.main
                0x0000000008007d94       0x9c build/main.o
                0x0000000008007d94                main
 .text.SysTick_Handler
                0x0000000008007e30       0x12 build/main.o
                0x0000000008007e30                SysTick_Handler
 .text.EXTI0_IRQHandler
                0x0000000008007e42       0x12 build/main.o
                0x0000000008007e42                EXTI0_IRQHandler
 .text.getString
                0x0000000008007e54       0x20 build/mes/bc_hook.o
                0x0000000008007e54                getString
 .text.bcGame   0x0000000008007e74       0x48 build/mes/bc_hook.o
                0x0000000008007e74                bcGame
 .text.ticks    0x0000000008007ebc       0x18 build/mes/bc_hook.o
                0x0000000008007ebc                ticks
 .text.AddTest  0x0000000008007ed4       0x48 build/mes/bc_hook.o
                0x0000000008007ed4                AddTest
 .text._bc_A2   0x0000000008007f1c       0x50 build/mes/bc_hook.o
                0x0000000008007f1c                _bc_A2
 .text.TiltGame
                0x0000000008007f6c       0x5c build/mes/bc_hook.o
                0x0000000008007f6c                TiltGame
 .text.lab_eight
                0x0000000008007fc8       0x30 build/mes/bc_hook.o
                0x0000000008007fc8                lab_eight
 .text.wdogTest
                0x0000000008007ff8       0x3c build/mes/bc_hook.o
                0x0000000008007ff8                wdogTest
 .text.tickHandler
                0x0000000008008034       0x44 build/mes/bc_hook.o
                0x0000000008008034                tickHandler
 .text.mes_InitIWDG
                0x0000000008008078       0x34 build/mes/watchdog.o
                0x0000000008008078                mes_InitIWDG
 .text.mes_IWDGStart
                0x00000000080080ac       0x20 build/mes/watchdog.o
                0x00000000080080ac                mes_IWDGStart
 .text.mes_IWDGRefresh
                0x00000000080080cc       0x20 build/mes/watchdog.o
                0x00000000080080cc                mes_IWDGRefresh
 .text.CmdTest  0x00000000080080ec       0x30 build/mytest.o
                0x00000000080080ec                CmdTest
 .text.CmdW     0x000000000800811c       0x1c build/monitor.o
                0x000000000800811c                CmdW
 .text.CmdR     0x0000000008008138       0x20 build/monitor.o
                0x0000000008008138                CmdR
 .text.parse    0x0000000008008158       0xf8 build/parser.o
                0x0000000008008158                parse
 .text.TaskInput
                0x0000000008008250      0x13c build/parser.o
                0x0000000008008250                TaskInput
 .text.fetch_uint32_arg
                0x000000000800838c       0x28 build/parser.o
                0x000000000800838c                fetch_uint32_arg
 .text.fetch_string_arg
                0x00000000080083b4       0x20 build/parser.o
                0x00000000080083b4                fetch_string_arg
 .text.DumpBuffer
                0x00000000080083d4       0xb0 build/dump.o
                0x00000000080083d4                DumpBuffer
 .text.CmdDump  0x0000000008008484       0x54 build/dump.o
                0x0000000008008484                CmdDump
 .text._sbrk_r  0x00000000080084d8       0x30 build/syscall.o
                0x00000000080084d8                _sbrk_r
 .text._close_r
                0x0000000008008508        0x6 build/syscall.o
                0x0000000008008508                _close_r
 .text._fstat_r
                0x000000000800850e        0xa build/syscall.o
                0x000000000800850e                _fstat_r
 .text._isatty_r
                0x0000000008008518        0x4 build/syscall.o
                0x0000000008008518                _isatty_r
 .text._lseek_r
                0x000000000800851c        0x4 build/syscall.o
                0x000000000800851c                _lseek_r
 .text.USBD_CDC_DataIn
                0x0000000008008520       0x7c build/terminal.o
 .text.CmdStats
                0x000000000800859c       0x4c build/terminal.o
                0x000000000800859c                CmdStats
 .text.TerminalInit
                0x00000000080085e8       0x7c build/terminal.o
                0x00000000080085e8                TerminalInit
 .text.TerminalRead
                0x0000000008008664       0x4c build/terminal.o
                0x0000000008008664                TerminalRead
 .text._read_r  0x00000000080086b0        0xa build/terminal.o
                0x00000000080086b0                _read_r
 .text.TerminalReadNonBlock
                0x00000000080086ba       0x10 build/terminal.o
                0x00000000080086ba                TerminalReadNonBlock
 .text.TerminalReadAnyNonBlock
                0x00000000080086ca       0x12 build/terminal.o
                0x00000000080086ca                TerminalReadAnyNonBlock
 .text.TerminalOutputBufferWrite
                0x00000000080086dc       0xe8 build/terminal.o
                0x00000000080086dc                TerminalOutputBufferWrite
 .text._write_r
                0x00000000080087c4       0x40 build/terminal.o
                0x00000000080087c4                _write_r
 .text.TerminalInputBufferWrite
                0x0000000008008804       0x64 build/terminal.o
                0x0000000008008804                TerminalInputBufferWrite
 .text.USB_LP_CAN_RX0_IRQHandler
                0x0000000008008868        0xc build/terminal.o
                0x0000000008008868                USB_LP_CAN_RX0_IRQHandler
 .text.Uncompress
                0x0000000008008874       0x7c build/decoder/decoder.o
 .text.DecodeReadRegister
                0x00000000080088f0       0x54 build/decoder/decoder.o
                0x00000000080088f0                DecodeReadRegister
 .text.DecodeWriteRegister
                0x0000000008008944       0x54 build/decoder/decoder.o
                0x0000000008008944                DecodeWriteRegister
 .text.DecodeField
                0x0000000008008998       0x50 build/decoder/decoder.o
                0x0000000008008998                DecodeField
 .text.DecodeRegister
                0x00000000080089e8       0x60 build/decoder/decoder.o
                0x00000000080089e8                DecodeRegister
 .text.DecodePeripheral
                0x0000000008008a48       0x54 build/decoder/decoder.o
                0x0000000008008a48                DecodePeripheral
 .text.DecodePrintPeripherals
                0x0000000008008a9c       0x54 build/decoder/decoder.o
                0x0000000008008a9c                DecodePrintPeripherals
 .text.DecodePrintRegisters
                0x0000000008008af0       0x64 build/decoder/decoder.o
                0x0000000008008af0                DecodePrintRegisters
 .text.CmdDecode
                0x0000000008008b54      0x270 build/decoder/decoder.o
                0x0000000008008b54                CmdDecode
 .text.SystemInit
                0x0000000008008dc4       0x68 build/Drivers/CMSIS/Device/ST/STM32F3xx/Source/Templates/system_stm32f3xx.o
                0x0000000008008dc4                SystemInit
 .text.HAL_RCC_OscConfig
                0x0000000008008e2c      0x5bc build/Drivers/STM32F3xx_HAL_Driver/Src/stm32f3xx_hal_rcc.o
                0x0000000008008e2c                HAL_RCC_OscConfig
 .text.HAL_RCC_ClockConfig
                0x00000000080093e8      0x2b0 build/Drivers/STM32F3xx_HAL_Driver/Src/stm32f3xx_hal_rcc.o
                0x00000000080093e8                HAL_RCC_ClockConfig
 .text.HAL_RCC_GetSysClockFreq
                0x0000000008009698       0x6c build/Drivers/STM32F3xx_HAL_Driver/Src/stm32f3xx_hal_rcc.o
                0x0000000008009698                HAL_RCC_GetSysClockFreq
 .text.HAL_RCC_GetHCLKFreq
                0x0000000008009704       0x38 build/Drivers/STM32F3xx_HAL_Driver/Src/stm32f3xx_hal_rcc.o
                0x0000000008009704                HAL_RCC_GetHCLKFreq
 .text.HAL_MspInit
                0x000000000800973c        0x2 build/Drivers/STM32F3xx_HAL_Driver/Src/stm32f3xx_hal.o
                0x000000000800973c                HAL_MspInit
 .text.HAL_InitTick
                0x000000000800973e       0x28 build/Drivers/STM32F3xx_HAL_Driver/Src/stm32f3xx_hal.o
                0x000000000800973e                HAL_InitTick
 *fill*         0x0000000008009766        0x2 
 .text.HAL_Init
                0x0000000008009768       0x24 build/Drivers/STM32F3xx_HAL_Driver/Src/stm32f3xx_hal.o
                0x0000000008009768                HAL_Init
 .text.HAL_IncTick
                0x000000000800978c       0x10 build/Drivers/STM32F3xx_HAL_Driver/Src/stm32f3xx_hal.o
                0x000000000800978c                HAL_IncTick
 .text.HAL_GetTick
                0x000000000800979c        0xc build/Drivers/STM32F3xx_HAL_Driver/Src/stm32f3xx_hal.o
                0x000000000800979c                HAL_GetTick
 .text.HAL_Delay
                0x00000000080097a8       0x1a build/Drivers/STM32F3xx_HAL_Driver/Src/stm32f3xx_hal.o
                0x00000000080097a8                HAL_Delay
 *fill*         0x00000000080097c2        0x2 
 .text.HAL_NVIC_SetPriorityGrouping
                0x00000000080097c4       0x24 build/Drivers/STM32F3xx_HAL_Driver/Src/stm32f3xx_hal_cortex.o
                0x00000000080097c4                HAL_NVIC_SetPriorityGrouping
 .text.HAL_NVIC_SetPriority
                0x00000000080097e8       0x68 build/Drivers/STM32F3xx_HAL_Driver/Src/stm32f3xx_hal_cortex.o
                0x00000000080097e8                HAL_NVIC_SetPriority
 .text.HAL_NVIC_EnableIRQ
                0x0000000008009850       0x18 build/Drivers/STM32F3xx_HAL_Driver/Src/stm32f3xx_hal_cortex.o
                0x0000000008009850                HAL_NVIC_EnableIRQ
 .text.HAL_SYSTICK_Config
                0x0000000008009868       0x28 build/Drivers/STM32F3xx_HAL_Driver/Src/stm32f3xx_hal_cortex.o
                0x0000000008009868                HAL_SYSTICK_Config
 .text.HAL_GPIO_Init
                0x0000000008009890      0x188 build/Drivers/STM32F3xx_HAL_Driver/Src/stm32f3xx_hal_gpio.o
                0x0000000008009890                HAL_GPIO_Init
 .text.HAL_GPIO_ReadPin
                0x0000000008009a18        0xc build/Drivers/STM32F3xx_HAL_Driver/Src/stm32f3xx_hal_gpio.o
                0x0000000008009a18                HAL_GPIO_ReadPin
 .text.HAL_GPIO_WritePin
                0x0000000008009a24        0xa build/Drivers/STM32F3xx_HAL_Driver/Src/stm32f3xx_hal_gpio.o
                0x0000000008009a24                HAL_GPIO_WritePin
 .text.HAL_GPIO_TogglePin
                0x0000000008009a2e        0x8 build/Drivers/STM32F3xx_HAL_Driver/Src/stm32f3xx_hal_gpio.o
                0x0000000008009a2e                HAL_GPIO_TogglePin
 .text.HAL_GPIO_EXTI_Callback
                0x0000000008009a36        0x2 build/Drivers/STM32F3xx_HAL_Driver/Src/stm32f3xx_hal_gpio.o
                0x0000000008009a36                HAL_GPIO_EXTI_Callback
 .text.HAL_GPIO_EXTI_IRQHandler
                0x0000000008009a38       0x18 build/Drivers/STM32F3xx_HAL_Driver/Src/stm32f3xx_hal_gpio.o
                0x0000000008009a38                HAL_GPIO_EXTI_IRQHandler
 .text.HAL_PCD_Init
                0x0000000008009a50       0x92 build/Drivers/STM32F3xx_HAL_Driver/Src/stm32f3xx_hal_pcd.o
                0x0000000008009a50                HAL_PCD_Init
 .text.HAL_PCD_Start
                0x0000000008009ae2        0xc build/Drivers/STM32F3xx_HAL_Driver/Src/stm32f3xx_hal_pcd.o
                0x0000000008009ae2                HAL_PCD_Start
 .text.HAL_PCD_SetAddress
                0x0000000008009aee       0x2c build/Drivers/STM32F3xx_HAL_Driver/Src/stm32f3xx_hal_pcd.o
                0x0000000008009aee                HAL_PCD_SetAddress
 *fill*         0x0000000008009b1a        0x2 
 .text.HAL_PCD_EP_Open
                0x0000000008009b1c      0x2e4 build/Drivers/STM32F3xx_HAL_Driver/Src/stm32f3xx_hal_pcd.o
                0x0000000008009b1c                HAL_PCD_EP_Open
 .text.HAL_PCD_EP_Close
                0x0000000008009e00      0x1b8 build/Drivers/STM32F3xx_HAL_Driver/Src/stm32f3xx_hal_pcd.o
                0x0000000008009e00                HAL_PCD_EP_Close
 .text.HAL_PCD_EP_Receive
                0x0000000008009fb8       0xc8 build/Drivers/STM32F3xx_HAL_Driver/Src/stm32f3xx_hal_pcd.o
                0x0000000008009fb8                HAL_PCD_EP_Receive
 .text.HAL_PCD_EP_GetRxCount
                0x000000000800a080       0x10 build/Drivers/STM32F3xx_HAL_Driver/Src/stm32f3xx_hal_pcd.o
                0x000000000800a080                HAL_PCD_EP_GetRxCount
 .text.HAL_PCD_EP_Transmit
                0x000000000800a090      0x116 build/Drivers/STM32F3xx_HAL_Driver/Src/stm32f3xx_hal_pcd.o
                0x000000000800a090                HAL_PCD_EP_Transmit
 *fill*         0x000000000800a1a6        0x2 
 .text.HAL_PCD_IRQHandler
                0x000000000800a1a8      0x488 build/Drivers/STM32F3xx_HAL_Driver/Src/stm32f3xx_hal_pcd.o
                0x000000000800a1a8                HAL_PCD_IRQHandler
 .text.HAL_PCD_EP_SetStall
                0x000000000800a630       0xa0 build/Drivers/STM32F3xx_HAL_Driver/Src/stm32f3xx_hal_pcd.o
                0x000000000800a630                HAL_PCD_EP_SetStall
 .text.HAL_PCD_EP_ClrStall
                0x000000000800a6d0       0xbc build/Drivers/STM32F3xx_HAL_Driver/Src/stm32f3xx_hal_pcd.o
                0x000000000800a6d0                HAL_PCD_EP_ClrStall
 .text.HAL_PCDEx_PMAConfig
                0x000000000800a78c       0x36 build/Drivers/STM32F3xx_HAL_Driver/Src/stm32f3xx_hal_pcd_ex.o
                0x000000000800a78c                HAL_PCDEx_PMAConfig
 .text.PCD_WritePMA
                0x000000000800a7c2       0x1c build/Drivers/STM32F3xx_HAL_Driver/Src/stm32f3xx_hal_pcd_ex.o
                0x000000000800a7c2                PCD_WritePMA
 .text.PCD_ReadPMA
                0x000000000800a7de       0x1c build/Drivers/STM32F3xx_HAL_Driver/Src/stm32f3xx_hal_pcd_ex.o
                0x000000000800a7de                PCD_ReadPMA
 .text.HAL_PCDEx_SetConnectionState
                0x000000000800a7fa        0x2 build/Drivers/STM32F3xx_HAL_Driver/Src/stm32f3xx_hal_pcd_ex.o
                0x000000000800a7fa                HAL_PCDEx_SetConnectionState
 .text.I2C_TransferConfig
                0x000000000800a7fc       0x2a build/Drivers/STM32F3xx_HAL_Driver/Src/stm32f3xx_hal_i2c.o
 .text.I2C_IsAcknowledgeFailed
                0x000000000800a826       0x98 build/Drivers/STM32F3xx_HAL_Driver/Src/stm32f3xx_hal_i2c.o
 .text.I2C_WaitOnTXISFlagUntilTimeout
                0x000000000800a8be       0x54 build/Drivers/STM32F3xx_HAL_Driver/Src/stm32f3xx_hal_i2c.o
 .text.I2C_WaitOnFlagUntilTimeout
                0x000000000800a912       0x64 build/Drivers/STM32F3xx_HAL_Driver/Src/stm32f3xx_hal_i2c.o
 .text.I2C_RequestMemoryWrite
                0x000000000800a976       0x66 build/Drivers/STM32F3xx_HAL_Driver/Src/stm32f3xx_hal_i2c.o
 .text.I2C_RequestMemoryRead
                0x000000000800a9dc       0x64 build/Drivers/STM32F3xx_HAL_Driver/Src/stm32f3xx_hal_i2c.o
 .text.I2C_WaitOnSTOPFlagUntilTimeout
                0x000000000800aa40       0x50 build/Drivers/STM32F3xx_HAL_Driver/Src/stm32f3xx_hal_i2c.o
 .text.HAL_I2C_MspInit
                0x000000000800aa90        0x2 build/Drivers/STM32F3xx_HAL_Driver/Src/stm32f3xx_hal_i2c.o
                0x000000000800aa90                HAL_I2C_MspInit
 .text.HAL_I2C_Init
                0x000000000800aa92       0x90 build/Drivers/STM32F3xx_HAL_Driver/Src/stm32f3xx_hal_i2c.o
                0x000000000800aa92                HAL_I2C_Init
 .text.HAL_I2C_MspDeInit
                0x000000000800ab22        0x2 build/Drivers/STM32F3xx_HAL_Driver/Src/stm32f3xx_hal_i2c.o
                0x000000000800ab22                HAL_I2C_MspDeInit
 .text.HAL_I2C_DeInit
                0x000000000800ab24       0x2e build/Drivers/STM32F3xx_HAL_Driver/Src/stm32f3xx_hal_i2c.o
                0x000000000800ab24                HAL_I2C_DeInit
 .text.HAL_I2C_Mem_Write
                0x000000000800ab52      0x104 build/Drivers/STM32F3xx_HAL_Driver/Src/stm32f3xx_hal_i2c.o
                0x000000000800ab52                HAL_I2C_Mem_Write
 .text.HAL_I2C_Mem_Read
                0x000000000800ac56      0x10e build/Drivers/STM32F3xx_HAL_Driver/Src/stm32f3xx_hal_i2c.o
                0x000000000800ac56                HAL_I2C_Mem_Read
 .text.HAL_I2C_GetState
                0x000000000800ad64        0x6 build/Drivers/STM32F3xx_HAL_Driver/Src/stm32f3xx_hal_i2c.o
                0x000000000800ad64                HAL_I2C_GetState
 .text.SPI_WaitFifoStateUntilTimeout
                0x000000000800ad6a       0x94 build/Drivers/STM32F3xx_HAL_Driver/Src/stm32f3xx_hal_spi.o
 .text.SPI_WaitFlagStateUntilTimeout
                0x000000000800adfe       0x82 build/Drivers/STM32F3xx_HAL_Driver/Src/stm32f3xx_hal_spi.o
 .text.SPI_EndRxTxTransaction
                0x000000000800ae80       0x4c build/Drivers/STM32F3xx_HAL_Driver/Src/stm32f3xx_hal_spi.o
 .text.HAL_SPI_MspInit
                0x000000000800aecc        0x2 build/Drivers/STM32F3xx_HAL_Driver/Src/stm32f3xx_hal_spi.o
                0x000000000800aecc                HAL_SPI_MspInit
 .text.HAL_SPI_Init
                0x000000000800aece       0xa4 build/Drivers/STM32F3xx_HAL_Driver/Src/stm32f3xx_hal_spi.o
                0x000000000800aece                HAL_SPI_Init
 .text.HAL_SPI_MspDeInit
                0x000000000800af72        0x2 build/Drivers/STM32F3xx_HAL_Driver/Src/stm32f3xx_hal_spi.o
                0x000000000800af72                HAL_SPI_MspDeInit
 .text.HAL_SPI_DeInit
                0x000000000800af74       0x2a build/Drivers/STM32F3xx_HAL_Driver/Src/stm32f3xx_hal_spi.o
                0x000000000800af74                HAL_SPI_DeInit
 .text.HAL_SPI_TransmitReceive
                0x000000000800af9e      0x270 build/Drivers/STM32F3xx_HAL_Driver/Src/stm32f3xx_hal_spi.o
                0x000000000800af9e                HAL_SPI_TransmitReceive
 .text.HAL_SPI_GetState
                0x000000000800b20e        0x6 build/Drivers/STM32F3xx_HAL_Driver/Src/stm32f3xx_hal_spi.o
                0x000000000800b20e                HAL_SPI_GetState
 .text.HAL_IWDG_MspInit
                0x000000000800b214        0x2 build/Drivers/STM32F3xx_HAL_Driver/Src/stm32f3xx_hal_iwdg.o
                0x000000000800b214                HAL_IWDG_MspInit
 .text.HAL_IWDG_Init
                0x000000000800b216       0x9e build/Drivers/STM32F3xx_HAL_Driver/Src/stm32f3xx_hal_iwdg.o
                0x000000000800b216                HAL_IWDG_Init
 .text.HAL_IWDG_Start
                0x000000000800b2b4       0x74 build/Drivers/STM32F3xx_HAL_Driver/Src/stm32f3xx_hal_iwdg.o
                0x000000000800b2b4                HAL_IWDG_Start
 .text.HAL_IWDG_Refresh
                0x000000000800b328       0x50 build/Drivers/STM32F3xx_HAL_Driver/Src/stm32f3xx_hal_iwdg.o
                0x000000000800b328                HAL_IWDG_Refresh
 .text.USBD_Init
                0x000000000800b378       0x2a build/Drivers/STM32_USB_Device_Library/Core/Src/usbd_core.o
                0x000000000800b378                USBD_Init
 .text.USBD_RegisterClass
                0x000000000800b3a2        0xe build/Drivers/STM32_USB_Device_Library/Core/Src/usbd_core.o
                0x000000000800b3a2                USBD_RegisterClass
 .text.USBD_Start
                0x000000000800b3b0        0xa build/Drivers/STM32_USB_Device_Library/Core/Src/usbd_core.o
                0x000000000800b3b0                USBD_Start
 .text.USBD_SetClassConfig
                0x000000000800b3ba       0x16 build/Drivers/STM32_USB_Device_Library/Core/Src/usbd_core.o
                0x000000000800b3ba                USBD_SetClassConfig
 .text.USBD_ClrClassConfig
                0x000000000800b3d0        0xe build/Drivers/STM32_USB_Device_Library/Core/Src/usbd_core.o
                0x000000000800b3d0                USBD_ClrClassConfig
 .text.USBD_LL_SetupStage
                0x000000000800b3de       0x5a build/Drivers/STM32_USB_Device_Library/Core/Src/usbd_core.o
                0x000000000800b3de                USBD_LL_SetupStage
 .text.USBD_LL_DataOutStage
                0x000000000800b438       0x60 build/Drivers/STM32_USB_Device_Library/Core/Src/usbd_core.o
                0x000000000800b438                USBD_LL_DataOutStage
 .text.USBD_LL_DataInStage
                0x000000000800b498       0x8c build/Drivers/STM32_USB_Device_Library/Core/Src/usbd_core.o
                0x000000000800b498                USBD_LL_DataInStage
 .text.USBD_LL_Reset
                0x000000000800b524       0x3e build/Drivers/STM32_USB_Device_Library/Core/Src/usbd_core.o
                0x000000000800b524                USBD_LL_Reset
 .text.USBD_LL_SetSpeed
                0x000000000800b562        0x6 build/Drivers/STM32_USB_Device_Library/Core/Src/usbd_core.o
                0x000000000800b562                USBD_LL_SetSpeed
 .text.USBD_LL_SOF
                0x000000000800b568       0x18 build/Drivers/STM32_USB_Device_Library/Core/Src/usbd_core.o
                0x000000000800b568                USBD_LL_SOF
 .text.USBD_CtlError.constprop.0
                0x000000000800b580       0x16 build/Drivers/STM32_USB_Device_Library/Core/Src/usbd_ctlreq.o
 *fill*         0x000000000800b596        0x2 
 .text.USBD_StdDevReq
                0x000000000800b598      0x1f4 build/Drivers/STM32_USB_Device_Library/Core/Src/usbd_ctlreq.o
                0x000000000800b598                USBD_StdDevReq
 .text.USBD_StdItfReq
                0x000000000800b78c       0x30 build/Drivers/STM32_USB_Device_Library/Core/Src/usbd_ctlreq.o
                0x000000000800b78c                USBD_StdItfReq
 .text.USBD_StdEPReq
                0x000000000800b7bc       0xae build/Drivers/STM32_USB_Device_Library/Core/Src/usbd_ctlreq.o
                0x000000000800b7bc                USBD_StdEPReq
 .text.USBD_ParseSetupRequest
                0x000000000800b86a       0x28 build/Drivers/STM32_USB_Device_Library/Core/Src/usbd_ctlreq.o
                0x000000000800b86a                USBD_ParseSetupRequest
 .text.USBD_GetString
                0x000000000800b892       0x38 build/Drivers/STM32_USB_Device_Library/Core/Src/usbd_ctlreq.o
                0x000000000800b892                USBD_GetString
 .text.USBD_CtlSendData
                0x000000000800b8ca       0x1a build/Drivers/STM32_USB_Device_Library/Core/Src/usbd_ioreq.o
                0x000000000800b8ca                USBD_CtlSendData
 .text.USBD_CtlContinueSendData
                0x000000000800b8e4       0x10 build/Drivers/STM32_USB_Device_Library/Core/Src/usbd_ioreq.o
                0x000000000800b8e4                USBD_CtlContinueSendData
 .text.USBD_CtlPrepareRx
                0x000000000800b8f4       0x1a build/Drivers/STM32_USB_Device_Library/Core/Src/usbd_ioreq.o
                0x000000000800b8f4                USBD_CtlPrepareRx
 .text.USBD_CtlContinueRx
                0x000000000800b90e       0x10 build/Drivers/STM32_USB_Device_Library/Core/Src/usbd_ioreq.o
                0x000000000800b90e                USBD_CtlContinueRx
 .text.USBD_CtlSendStatus
                0x000000000800b91e       0x16 build/Drivers/STM32_USB_Device_Library/Core/Src/usbd_ioreq.o
                0x000000000800b91e                USBD_CtlSendStatus
 .text.USBD_CtlReceiveStatus
                0x000000000800b934       0x16 build/Drivers/STM32_USB_Device_Library/Core/Src/usbd_ioreq.o
                0x000000000800b934                USBD_CtlReceiveStatus
 .text.USBD_CDC_DataIn
                0x000000000800b94a       0x12 build/Drivers/STM32_USB_Device_Library/Class/CDC/Src/usbd_cdc.o
 .text.USBD_CDC_EP0_RxReady
                0x000000000800b95c       0x28 build/Drivers/STM32_USB_Device_Library/Class/CDC/Src/usbd_cdc.o
 .text.USBD_CDC_GetFSCfgDesc
                0x000000000800b984        0xc build/Drivers/STM32_USB_Device_Library/Class/CDC/Src/usbd_cdc.o
 .text.USBD_CDC_GetHSCfgDesc
                0x000000000800b990        0xc build/Drivers/STM32_USB_Device_Library/Class/CDC/Src/usbd_cdc.o
 .text.USBD_CDC_GetOtherSpeedCfgDesc
                0x000000000800b99c        0xc build/Drivers/STM32_USB_Device_Library/Class/CDC/Src/usbd_cdc.o
 .text.USBD_CDC_GetDeviceQualifierDescriptor
                0x000000000800b9a8        0xc build/Drivers/STM32_USB_Device_Library/Class/CDC/Src/usbd_cdc.o
                0x000000000800b9a8                USBD_CDC_GetDeviceQualifierDescriptor
 .text.USBD_CDC_DataOut
                0x000000000800b9b4       0x2e build/Drivers/STM32_USB_Device_Library/Class/CDC/Src/usbd_cdc.o
 .text.USBD_CDC_Setup
                0x000000000800b9e2       0x56 build/Drivers/STM32_USB_Device_Library/Class/CDC/Src/usbd_cdc.o
 .text.USBD_CDC_DeInit
                0x000000000800ba38       0x3a build/Drivers/STM32_USB_Device_Library/Class/CDC/Src/usbd_cdc.o
 .text.USBD_CDC_Init
                0x000000000800ba72       0x8c build/Drivers/STM32_USB_Device_Library/Class/CDC/Src/usbd_cdc.o
 .text.USBD_CDC_RegisterInterface
                0x000000000800bafe        0xe build/Drivers/STM32_USB_Device_Library/Class/CDC/Src/usbd_cdc.o
                0x000000000800bafe                USBD_CDC_RegisterInterface
 .text.USBD_CDC_SetTxBuffer
                0x000000000800bb0c       0x10 build/Drivers/STM32_USB_Device_Library/Class/CDC/Src/usbd_cdc.o
                0x000000000800bb0c                USBD_CDC_SetTxBuffer
 .text.USBD_CDC_SetRxBuffer
                0x000000000800bb1c        0xc build/Drivers/STM32_USB_Device_Library/Class/CDC/Src/usbd_cdc.o
                0x000000000800bb1c                USBD_CDC_SetRxBuffer
 .text.USBD_CDC_TransmitPacket
                0x000000000800bb28       0x2e build/Drivers/STM32_USB_Device_Library/Class/CDC/Src/usbd_cdc.o
                0x000000000800bb28                USBD_CDC_TransmitPacket
 .text.USBD_CDC_ReceivePacket
                0x000000000800bb56       0x2e build/Drivers/STM32_USB_Device_Library/Class/CDC/Src/usbd_cdc.o
                0x000000000800bb56                USBD_CDC_ReceivePacket
 .text.HAL_PCD_MspInit
                0x000000000800bb84       0x98 build/usbd_conf.o
                0x000000000800bb84                HAL_PCD_MspInit
 .text.HAL_PCD_SetupStageCallback
                0x000000000800bc1c        0xc build/usbd_conf.o
                0x000000000800bc1c                HAL_PCD_SetupStageCallback
 .text.HAL_PCD_DataOutStageCallback
                0x000000000800bc28       0x12 build/usbd_conf.o
                0x000000000800bc28                HAL_PCD_DataOutStageCallback
 .text.HAL_PCD_DataInStageCallback
                0x000000000800bc3a       0x10 build/usbd_conf.o
                0x000000000800bc3a                HAL_PCD_DataInStageCallback
 .text.HAL_PCD_SOFCallback
                0x000000000800bc4a        0x8 build/usbd_conf.o
                0x000000000800bc4a                HAL_PCD_SOFCallback
 .text.HAL_PCD_ResetCallback
                0x000000000800bc52       0x1a build/usbd_conf.o
                0x000000000800bc52                HAL_PCD_ResetCallback
 .text.HAL_PCD_SuspendCallback
                0x000000000800bc6c        0x2 build/usbd_conf.o
                0x000000000800bc6c                HAL_PCD_SuspendCallback
 .text.HAL_PCD_ResumeCallback
                0x000000000800bc6e        0x2 build/usbd_conf.o
                0x000000000800bc6e                HAL_PCD_ResumeCallback
 .text.USBD_LL_Init
                0x000000000800bc70       0x7c build/usbd_conf.o
                0x000000000800bc70                USBD_LL_Init
 .text.USBD_LL_Start
                0x000000000800bcec        0xe build/usbd_conf.o
                0x000000000800bcec                USBD_LL_Start
 .text.USBD_LL_OpenEP
                0x000000000800bcfa       0x14 build/usbd_conf.o
                0x000000000800bcfa                USBD_LL_OpenEP
 .text.USBD_LL_CloseEP
                0x000000000800bd0e        0xe build/usbd_conf.o
                0x000000000800bd0e                USBD_LL_CloseEP
 .text.USBD_LL_StallEP
                0x000000000800bd1c        0xe build/usbd_conf.o
                0x000000000800bd1c                USBD_LL_StallEP
 .text.USBD_LL_ClearStallEP
                0x000000000800bd2a        0xe build/usbd_conf.o
                0x000000000800bd2a                USBD_LL_ClearStallEP
 .text.USBD_LL_IsStallEP
                0x000000000800bd38       0x26 build/usbd_conf.o
                0x000000000800bd38                USBD_LL_IsStallEP
 .text.USBD_LL_SetUSBAddress
                0x000000000800bd5e        0xe build/usbd_conf.o
                0x000000000800bd5e                USBD_LL_SetUSBAddress
 .text.USBD_LL_Transmit
                0x000000000800bd6c        0xe build/usbd_conf.o
                0x000000000800bd6c                USBD_LL_Transmit
 .text.USBD_LL_PrepareReceive
                0x000000000800bd7a        0xe build/usbd_conf.o
                0x000000000800bd7a                USBD_LL_PrepareReceive
 .text.USBD_LL_GetRxDataSize
                0x000000000800bd88        0xc build/usbd_conf.o
                0x000000000800bd88                USBD_LL_GetRxDataSize
 .text.USBD_static_malloc
                0x000000000800bd94        0x8 build/usbd_conf.o
                0x000000000800bd94                USBD_static_malloc
 .text.USBD_static_free
                0x000000000800bd9c        0x2 build/usbd_conf.o
                0x000000000800bd9c                USBD_static_free
 *fill*         0x000000000800bd9e        0x2 
 .text.USBD_VCP_DeviceDescriptor
                0x000000000800bda0        0xc build/usbd_desc.o
                0x000000000800bda0                USBD_VCP_DeviceDescriptor
 .text.USBD_VCP_LangIDStrDescriptor
                0x000000000800bdac        0xc build/usbd_desc.o
                0x000000000800bdac                USBD_VCP_LangIDStrDescriptor
 .text.IntToUnicode
                0x000000000800bdb8       0x2a build/usbd_desc.o
 *fill*         0x000000000800bde2        0x2 
 .text.USBD_VCP_SerialStrDescriptor
                0x000000000800bde4       0x3c build/usbd_desc.o
                0x000000000800bde4                USBD_VCP_SerialStrDescriptor
 .text.USBD_VCP_ProductStrDescriptor
                0x000000000800be20       0x1c build/usbd_desc.o
                0x000000000800be20                USBD_VCP_ProductStrDescriptor
 .text.USBD_VCP_ManufacturerStrDescriptor
                0x000000000800be3c       0x1c build/usbd_desc.o
                0x000000000800be3c                USBD_VCP_ManufacturerStrDescriptor
 .text.USBD_VCP_ConfigStrDescriptor
                0x000000000800be58       0x1c build/usbd_desc.o
                0x000000000800be58                USBD_VCP_ConfigStrDescriptor
 .text.USBD_VCP_InterfaceStrDescriptor
                0x000000000800be74       0x1c build/usbd_desc.o
                0x000000000800be74                USBD_VCP_InterfaceStrDescriptor
 .text.CDC_Itf_DeInit
                0x000000000800be90        0x4 build/usbd_cdc_interface.o
 .text.CDC_Itf_Control
                0x000000000800be94       0x48 build/usbd_cdc_interface.o
 .text.CDC_Itf_Receive
                0x000000000800bedc       0x1c build/usbd_cdc_interface.o
 .text.CDC_Itf_Init
                0x000000000800bef8       0x18 build/usbd_cdc_interface.o
 .text.SPIx_Init
                0x000000000800bf10       0x88 build/Drivers/BSP/STM32F3-Discovery/stm32f3_discovery.o
 .text.SPIx_WriteRead
                0x000000000800bf98       0x40 build/Drivers/BSP/STM32F3-Discovery/stm32f3_discovery.o
 .text.I2Cx_Init
                0x000000000800bfd8       0x74 build/Drivers/BSP/STM32F3-Discovery/stm32f3_discovery.o
 .text.BSP_LED_Init
                0x000000000800c04c       0x6c build/Drivers/BSP/STM32F3-Discovery/stm32f3_discovery.o
                0x000000000800c04c                BSP_LED_Init
 .text.BSP_LED_On
                0x000000000800c0b8       0x1c build/Drivers/BSP/STM32F3-Discovery/stm32f3_discovery.o
                0x000000000800c0b8                BSP_LED_On
 .text.BSP_LED_Off
                0x000000000800c0d4       0x1c build/Drivers/BSP/STM32F3-Discovery/stm32f3_discovery.o
                0x000000000800c0d4                BSP_LED_Off
 .text.BSP_LED_Toggle
                0x000000000800c0f0       0x18 build/Drivers/BSP/STM32F3-Discovery/stm32f3_discovery.o
                0x000000000800c0f0                BSP_LED_Toggle
 .text.BSP_PB_Init
                0x000000000800c108       0x74 build/Drivers/BSP/STM32F3-Discovery/stm32f3_discovery.o
                0x000000000800c108                BSP_PB_Init
 .text.BSP_PB_GetState
                0x000000000800c17c       0x14 build/Drivers/BSP/STM32F3-Discovery/stm32f3_discovery.o
                0x000000000800c17c                BSP_PB_GetState
 .text.GYRO_IO_Init
                0x000000000800c190       0x60 build/Drivers/BSP/STM32F3-Discovery/stm32f3_discovery.o
                0x000000000800c190                GYRO_IO_Init
 .text.GYRO_IO_Write
                0x000000000800c1f0       0x44 build/Drivers/BSP/STM32F3-Discovery/stm32f3_discovery.o
                0x000000000800c1f0                GYRO_IO_Write
 .text.GYRO_IO_Read
                0x000000000800c234       0x48 build/Drivers/BSP/STM32F3-Discovery/stm32f3_discovery.o
                0x000000000800c234                GYRO_IO_Read
 .text.COMPASSACCELERO_IO_Init
                0x000000000800c27c       0x64 build/Drivers/BSP/STM32F3-Discovery/stm32f3_discovery.o
                0x000000000800c27c                COMPASSACCELERO_IO_Init
 .text.COMPASSACCELERO_IO_ITConfig
                0x000000000800c2e0       0x48 build/Drivers/BSP/STM32F3-Discovery/stm32f3_discovery.o
                0x000000000800c2e0                COMPASSACCELERO_IO_ITConfig
 .text.COMPASSACCELERO_IO_Write
                0x000000000800c328       0x3c build/Drivers/BSP/STM32F3-Discovery/stm32f3_discovery.o
                0x000000000800c328                COMPASSACCELERO_IO_Write
 .text.COMPASSACCELERO_IO_Read
                0x000000000800c364       0x40 build/Drivers/BSP/STM32F3-Discovery/stm32f3_discovery.o
                0x000000000800c364                COMPASSACCELERO_IO_Read
 .text.BSP_ACCELERO_Init
                0x000000000800c3a4       0x40 build/Drivers/BSP/STM32F3-Discovery/stm32f3_discovery_accelerometer.o
                0x000000000800c3a4                BSP_ACCELERO_Init
 .text.BSP_ACCELERO_GetXYZ
                0x000000000800c3e4       0x10 build/Drivers/BSP/STM32F3-Discovery/stm32f3_discovery_accelerometer.o
                0x000000000800c3e4                BSP_ACCELERO_GetXYZ
 .text.BSP_GYRO_Init
                0x000000000800c3f4       0x68 build/Drivers/BSP/STM32F3-Discovery/stm32f3_discovery_gyroscope.o
                0x000000000800c3f4                BSP_GYRO_Init
 .text.BSP_GYRO_GetXYZ
                0x000000000800c45c       0x10 build/Drivers/BSP/STM32F3-Discovery/stm32f3_discovery_gyroscope.o
                0x000000000800c45c                BSP_GYRO_GetXYZ
 .text.LSM303DLHC_AccDeInit
                0x000000000800c46c        0x2 build/Drivers/BSP/Components/lsm303dlhc/lsm303dlhc.o
                0x000000000800c46c                LSM303DLHC_AccDeInit
 .text.LSM303DLHC_AccInit
                0x000000000800c46e       0x20 build/Drivers/BSP/Components/lsm303dlhc/lsm303dlhc.o
                0x000000000800c46e                LSM303DLHC_AccInit
 .text.LSM303DLHC_AccReadID
                0x000000000800c48e       0x12 build/Drivers/BSP/Components/lsm303dlhc/lsm303dlhc.o
                0x000000000800c48e                LSM303DLHC_AccReadID
 .text.LSM303DLHC_AccRebootCmd
                0x000000000800c4a0       0x1c build/Drivers/BSP/Components/lsm303dlhc/lsm303dlhc.o
                0x000000000800c4a0                LSM303DLHC_AccRebootCmd
 .text.LSM303DLHC_AccFilterConfig
                0x000000000800c4bc       0x20 build/Drivers/BSP/Components/lsm303dlhc/lsm303dlhc.o
                0x000000000800c4bc                LSM303DLHC_AccFilterConfig
 .text.LSM303DLHC_AccFilterCmd
                0x000000000800c4dc       0x20 build/Drivers/BSP/Components/lsm303dlhc/lsm303dlhc.o
                0x000000000800c4dc                LSM303DLHC_AccFilterCmd
 .text.LSM303DLHC_AccReadXYZ
                0x000000000800c4fc       0xae build/Drivers/BSP/Components/lsm303dlhc/lsm303dlhc.o
                0x000000000800c4fc                LSM303DLHC_AccReadXYZ
 .text.LSM303DLHC_AccFilterClickCmd
                0x000000000800c5aa       0x20 build/Drivers/BSP/Components/lsm303dlhc/lsm303dlhc.o
                0x000000000800c5aa                LSM303DLHC_AccFilterClickCmd
 .text.LSM303DLHC_AccIT1Enable
                0x000000000800c5ca       0x1c build/Drivers/BSP/Components/lsm303dlhc/lsm303dlhc.o
                0x000000000800c5ca                LSM303DLHC_AccIT1Enable
 .text.LSM303DLHC_AccClickITEnable
                0x000000000800c5e6       0x44 build/Drivers/BSP/Components/lsm303dlhc/lsm303dlhc.o
                0x000000000800c5e6                LSM303DLHC_AccClickITEnable
 .text.LSM303DLHC_AccZClickITConfig
                0x000000000800c62a       0x1c build/Drivers/BSP/Components/lsm303dlhc/lsm303dlhc.o
                0x000000000800c62a                LSM303DLHC_AccZClickITConfig
 .text.L3GD20_DeInit
                0x000000000800c646        0x2 build/Drivers/BSP/Components/l3gd20/l3gd20.o
                0x000000000800c646                L3GD20_DeInit
 .text.L3GD20_Init
                0x000000000800c648       0x34 build/Drivers/BSP/Components/l3gd20/l3gd20.o
                0x000000000800c648                L3GD20_Init
 .text.L3GD20_LowPower
                0x000000000800c67c       0x18 build/Drivers/BSP/Components/l3gd20/l3gd20.o
                0x000000000800c67c                L3GD20_LowPower
 .text.L3GD20_ReadID
                0x000000000800c694       0x1c build/Drivers/BSP/Components/l3gd20/l3gd20.o
                0x000000000800c694                L3GD20_ReadID
 .text.L3GD20_RebootCmd
                0x000000000800c6b0       0x2c build/Drivers/BSP/Components/l3gd20/l3gd20.o
                0x000000000800c6b0                L3GD20_RebootCmd
 .text.L3GD20_INT1InterruptConfig
                0x000000000800c6dc       0x5e build/Drivers/BSP/Components/l3gd20/l3gd20.o
                0x000000000800c6dc                L3GD20_INT1InterruptConfig
 .text.L3GD20_EnableIT
                0x000000000800c73a       0x40 build/Drivers/BSP/Components/l3gd20/l3gd20.o
                0x000000000800c73a                L3GD20_EnableIT
 .text.L3GD20_DisableIT
                0x000000000800c77a       0x3c build/Drivers/BSP/Components/l3gd20/l3gd20.o
                0x000000000800c77a                L3GD20_DisableIT
 .text.L3GD20_FilterConfig
                0x000000000800c7b6       0x2e build/Drivers/BSP/Components/l3gd20/l3gd20.o
                0x000000000800c7b6                L3GD20_FilterConfig
 .text.L3GD20_FilterCmd
                0x000000000800c7e4       0x2e build/Drivers/BSP/Components/l3gd20/l3gd20.o
                0x000000000800c7e4                L3GD20_FilterCmd
 *fill*         0x000000000800c812        0x2 
 .text.L3GD20_ReadXYZAngRate
                0x000000000800c814       0xf0 build/Drivers/BSP/Components/l3gd20/l3gd20.o
                0x000000000800c814                L3GD20_ReadXYZAngRate
 .text.I3G4250D_DeInit
                0x000000000800c904        0x2 build/Drivers/BSP/Components/i3g4250d/i3g4250d.o
                0x000000000800c904                I3G4250D_DeInit
 .text.I3G4250D_Init
                0x000000000800c906       0x34 build/Drivers/BSP/Components/i3g4250d/i3g4250d.o
                0x000000000800c906                I3G4250D_Init
 .text.I3G4250D_LowPower
                0x000000000800c93a       0x18 build/Drivers/BSP/Components/i3g4250d/i3g4250d.o
                0x000000000800c93a                I3G4250D_LowPower
 .text.I3G4250D_ReadID
                0x000000000800c952       0x1c build/Drivers/BSP/Components/i3g4250d/i3g4250d.o
                0x000000000800c952                I3G4250D_ReadID
 .text.I3G4250D_RebootCmd
                0x000000000800c96e       0x2c build/Drivers/BSP/Components/i3g4250d/i3g4250d.o
                0x000000000800c96e                I3G4250D_RebootCmd
 .text.I3G4250D_INT1InterruptConfig
                0x000000000800c99a       0x5e build/Drivers/BSP/Components/i3g4250d/i3g4250d.o
                0x000000000800c99a                I3G4250D_INT1InterruptConfig
 .text.I3G4250D_EnableIT
                0x000000000800c9f8       0x40 build/Drivers/BSP/Components/i3g4250d/i3g4250d.o
                0x000000000800c9f8                I3G4250D_EnableIT
 .text.I3G4250D_DisableIT
                0x000000000800ca38       0x3c build/Drivers/BSP/Components/i3g4250d/i3g4250d.o
                0x000000000800ca38                I3G4250D_DisableIT
 .text.I3G4250D_FilterConfig
                0x000000000800ca74       0x2e build/Drivers/BSP/Components/i3g4250d/i3g4250d.o
                0x000000000800ca74                I3G4250D_FilterConfig
 .text.I3G4250D_FilterCmd
                0x000000000800caa2       0x2e build/Drivers/BSP/Components/i3g4250d/i3g4250d.o
                0x000000000800caa2                I3G4250D_FilterCmd
 .text.I3G4250D_ReadXYZAngRate
                0x000000000800cad0       0xf0 build/Drivers/BSP/Components/i3g4250d/i3g4250d.o
                0x000000000800cad0                I3G4250D_ReadXYZAngRate
 .text.LSM303AGR_AccDeInit
                0x000000000800cbc0        0x2 build/Drivers/BSP/Components/lsm303agr/lsm303agr.o
                0x000000000800cbc0                LSM303AGR_AccDeInit
 .text.LSM303AGR_AccInit
                0x000000000800cbc2       0x20 build/Drivers/BSP/Components/lsm303agr/lsm303agr.o
                0x000000000800cbc2                LSM303AGR_AccInit
 .text.LSM303AGR_AccReadID
                0x000000000800cbe2       0x12 build/Drivers/BSP/Components/lsm303agr/lsm303agr.o
                0x000000000800cbe2                LSM303AGR_AccReadID
 .text.LSM303AGR_AccRebootCmd
                0x000000000800cbf4       0x1c build/Drivers/BSP/Components/lsm303agr/lsm303agr.o
                0x000000000800cbf4                LSM303AGR_AccRebootCmd
 .text.LSM303AGR_AccFilterConfig
                0x000000000800cc10       0x20 build/Drivers/BSP/Components/lsm303agr/lsm303agr.o
                0x000000000800cc10                LSM303AGR_AccFilterConfig
 .text.LSM303AGR_AccFilterCmd
                0x000000000800cc30       0x20 build/Drivers/BSP/Components/lsm303agr/lsm303agr.o
                0x000000000800cc30                LSM303AGR_AccFilterCmd
 .text.LSM303AGR_AccReadXYZ
                0x000000000800cc50       0xae build/Drivers/BSP/Components/lsm303agr/lsm303agr.o
                0x000000000800cc50                LSM303AGR_AccReadXYZ
 .text.LSM303AGR_AccFilterClickCmd
                0x000000000800ccfe       0x20 build/Drivers/BSP/Components/lsm303agr/lsm303agr.o
                0x000000000800ccfe                LSM303AGR_AccFilterClickCmd
 .text.LSM303AGR_AccIT1Enable
                0x000000000800cd1e       0x1c build/Drivers/BSP/Components/lsm303agr/lsm303agr.o
                0x000000000800cd1e                LSM303AGR_AccIT1Enable
 .text.LSM303AGR_AccClickITEnable
                0x000000000800cd3a       0x44 build/Drivers/BSP/Components/lsm303agr/lsm303agr.o
                0x000000000800cd3a                LSM303AGR_AccClickITEnable
 .text.LSM303AGR_AccZClickITConfig
                0x000000000800cd7e       0x1c build/Drivers/BSP/Components/lsm303agr/lsm303agr.o
                0x000000000800cd7e                LSM303AGR_AccZClickITConfig
 *fill*         0x000000000800cd9a        0x2 
 .text.Reset_Handler
                0x000000000800cd9c       0x50 build/Drivers/CMSIS/Device/ST/STM32F3xx/Source/Templates/gcc/startup_stm32f303xc.o
                0x000000000800cd9c                Reset_Handler
 .text.Default_Handler
                0x000000000800cdec        0x2 build/Drivers/CMSIS/Device/ST/STM32F3xx/Source/Templates/gcc/startup_stm32f303xc.o
                0x000000000800cdec                RTC_Alarm_IRQHandler
                0x000000000800cdec                TIM8_TRG_COM_IRQHandler
                0x000000000800cdec                TIM8_CC_IRQHandler
                0x000000000800cdec                DebugMon_Handler
                0x000000000800cdec                TIM1_CC_IRQHandler
                0x000000000800cdec                HardFault_Handler
                0x000000000800cdec                USB_HP_IRQHandler
                0x000000000800cdec                PVD_IRQHandler
                0x000000000800cdec                TAMP_STAMP_IRQHandler
                0x000000000800cdec                PendSV_Handler
                0x000000000800cdec                NMI_Handler
                0x000000000800cdec                EXTI3_IRQHandler
                0x000000000800cdec                USB_HP_CAN_TX_IRQHandler
                0x000000000800cdec                I2C2_EV_IRQHandler
                0x000000000800cdec                FPU_IRQHandler
                0x000000000800cdec                TIM1_UP_TIM16_IRQHandler
                0x000000000800cdec                UsageFault_Handler
                0x000000000800cdec                ADC1_2_IRQHandler
                0x000000000800cdec                SPI1_IRQHandler
                0x000000000800cdec                CAN_SCE_IRQHandler
                0x000000000800cdec                TIM6_DAC_IRQHandler
                0x000000000800cdec                TIM8_UP_IRQHandler
                0x000000000800cdec                DMA2_Channel2_IRQHandler
                0x000000000800cdec                DMA1_Channel4_IRQHandler
                0x000000000800cdec                USART3_IRQHandler
                0x000000000800cdec                DMA1_Channel7_IRQHandler
                0x000000000800cdec                UART5_IRQHandler
                0x000000000800cdec                ADC3_IRQHandler
                0x000000000800cdec                TIM4_IRQHandler
                0x000000000800cdec                CAN_RX1_IRQHandler
                0x000000000800cdec                DMA2_Channel1_IRQHandler
                0x000000000800cdec                I2C1_EV_IRQHandler
                0x000000000800cdec                DMA1_Channel6_IRQHandler
                0x000000000800cdec                UART4_IRQHandler
                0x000000000800cdec                DMA2_Channel4_IRQHandler
                0x000000000800cdec                TIM3_IRQHandler
                0x000000000800cdec                RCC_IRQHandler
                0x000000000800cdec                DMA1_Channel1_IRQHandler
                0x000000000800cdec                Default_Handler
                0x000000000800cdec                USBWakeUp_RMP_IRQHandler
                0x000000000800cdec                EXTI15_10_IRQHandler
                0x000000000800cdec                TIM7_IRQHandler
                0x000000000800cdec                EXTI9_5_IRQHandler
                0x000000000800cdec                RTC_WKUP_IRQHandler
                0x000000000800cdec                SPI2_IRQHandler
                0x000000000800cdec                MemManage_Handler
                0x000000000800cdec                SVC_Handler
                0x000000000800cdec                DMA2_Channel5_IRQHandler
                0x000000000800cdec                DMA1_Channel5_IRQHandler
                0x000000000800cdec                USB_LP_IRQHandler
                0x000000000800cdec                EXTI4_IRQHandler
                0x000000000800cdec                TIM1_TRG_COM_TIM17_IRQHandler
                0x000000000800cdec                DMA1_Channel3_IRQHandler
                0x000000000800cdec                ADC4_IRQHandler
                0x000000000800cdec                WWDG_IRQHandler
                0x000000000800cdec                TIM2_IRQHandler
                0x000000000800cdec                COMP7_IRQHandler
                0x000000000800cdec                COMP1_2_3_IRQHandler
                0x000000000800cdec                EXTI1_IRQHandler
                0x000000000800cdec                USART2_IRQHandler
                0x000000000800cdec                COMP4_5_6_IRQHandler
                0x000000000800cdec                I2C2_ER_IRQHandler
                0x000000000800cdec                DMA1_Channel2_IRQHandler
                0x000000000800cdec                TIM8_BRK_IRQHandler
                0x000000000800cdec                FLASH_IRQHandler
                0x000000000800cdec                BusFault_Handler
                0x000000000800cdec                USART1_IRQHandler
                0x000000000800cdec                SPI3_IRQHandler
                0x000000000800cdec                I2C1_ER_IRQHandler
                0x000000000800cdec                USBWakeUp_IRQHandler
                0x000000000800cdec                DMA2_Channel3_IRQHandler
                0x000000000800cdec                EXTI2_TSC_IRQHandler
                0x000000000800cdec                TIM1_BRK_TIM15_IRQHandler
 *fill*         0x000000000800cdee        0x2 
 .text.startup  0x000000000800cdf0       0x14 /usr/lib/gcc/arm-none-eabi/10.3.1/../../../arm-none-eabi/lib/thumb/v7e-m+fp/hard/libg.a(lib_a-__call_atexit.o)
 *(.glue_7)
 .glue_7        0x000000000800ce04        0x0 linker stubs
 *(.glue_7t)
 .glue_7t       0x000000000800ce04        0x0 linker stubs
 *(.eh_frame)
 .eh_frame      0x000000000800ce04        0x0 /usr/lib/gcc/arm-none-eabi/10.3.1/thumb/v7e-m+fp/hard/crtbegin.o
 *(.init)
 .init          0x000000000800ce04        0x4 /usr/lib/gcc/arm-none-eabi/10.3.1/thumb/v7e-m+fp/hard/crti.o
                0x000000000800ce04                _init
 .init          0x000000000800ce08        0x8 /usr/lib/gcc/arm-none-eabi/10.3.1/thumb/v7e-m+fp/hard/crtn.o
 *(.fini)
 .fini          0x000000000800ce10        0x4 /usr/lib/gcc/arm-none-eabi/10.3.1/thumb/v7e-m+fp/hard/crti.o
                0x000000000800ce10                _fini
 .fini          0x000000000800ce14        0x8 /usr/lib/gcc/arm-none-eabi/10.3.1/thumb/v7e-m+fp/hard/crtn.o
                0x000000000800ce1c                . = ALIGN (0x4)
                0x000000000800ce1c                _etext = .

.vfp11_veneer   0x000000000800ce1c        0x0
 .vfp11_veneer  0x000000000800ce1c        0x0 linker stubs

.v4_bx          0x000000000800ce1c        0x0
 .v4_bx         0x000000000800ce1c        0x0 linker stubs

.iplt           0x000000000800ce1c        0x0
 .iplt          0x000000000800ce1c        0x0 /usr/lib/gcc/arm-none-eabi/10.3.1/thumb/v7e-m+fp/hard/crtbegin.o

.rodata         0x000000000800ce20     0xfdd8
                0x000000000800ce20                . = ALIGN (0x4)
 *(.rodata)
 .rodata        0x000000000800ce20      0x494 build/decoder/STM32F30x_decoder.o
 .rodata        0x000000000800d2b4      0x101 /usr/lib/gcc/arm-none-eabi/10.3.1/../../../arm-none-eabi/lib/thumb/v7e-m+fp/hard/libg.a(lib_a-ctype_.o)
                0x000000000800d2b4                _ctype_
 *fill*         0x000000000800d3b5        0x3 
 .rodata        0x000000000800d3b8        0x4 /usr/lib/gcc/arm-none-eabi/10.3.1/../../../arm-none-eabi/lib/thumb/v7e-m+fp/hard/libg.a(lib_a-impure.o)
                0x000000000800d3b8                _global_impure_ptr
 .rodata        0x000000000800d3bc       0x20 /usr/lib/gcc/arm-none-eabi/10.3.1/../../../arm-none-eabi/lib/thumb/v7e-m+fp/hard/libg.a(lib_a-vfprintf.o)
 *fill*         0x000000000800d3dc        0x4 
 .rodata        0x000000000800d3e0      0x128 /usr/lib/gcc/arm-none-eabi/10.3.1/../../../arm-none-eabi/lib/thumb/v7e-m+fp/hard/libg.a(lib_a-mprec.o)
                0x000000000800d3f0                __mprec_tens
                0x000000000800d4b8                __mprec_tinytens
                0x000000000800d4e0                __mprec_bigtens
 .rodata        0x000000000800d508       0x20 /usr/lib/gcc/arm-none-eabi/10.3.1/../../../arm-none-eabi/lib/thumb/v7e-m+fp/hard/libg.a(lib_a-vfiprintf.o)
 *(.rodata*)
 .rodata.CmdLED.str1.1
                0x000000000800d528       0x68 build/main.o
 .rodata.CmdAccel.str1.1
                0x000000000800d590       0x33 build/main.o
 .rodata.CmdGyro.str1.1
                0x000000000800d5c3       0x2f build/main.o
 .rodata.CmdButton.str1.1
                0x000000000800d5f2       0x2a build/main.o
 .rodata.main.str1.1
                0x000000000800d61c       0x41 build/main.o
 .rodata.str1.1
                0x000000000800d65d       0x9d build/main.o
                                         0xa4 (size before relaxing)
 .rodata.LEDs   0x000000000800d6fa        0x8 build/main.o
                0x000000000800d6fa                LEDs
 .rodata.getString.str1.1
                0x000000000800d702       0x39 build/mes/bc_hook.o
 .rodata.bcGame.str1.1
                0x000000000800d73b       0x40 build/mes/bc_hook.o
 .rodata.ticks.str1.1
                0x000000000800d77b       0x5b build/mes/bc_hook.o
 .rodata.AddTest.str1.1
                0x000000000800d7d6       0x4f build/mes/bc_hook.o
 .rodata._bc_A2.str1.1
                0x000000000800d825       0x7a build/mes/bc_hook.o
 .rodata.TiltGame.str1.1
                0x000000000800d89f       0x42 build/mes/bc_hook.o
 .rodata.lab_eight.str1.1
                0x000000000800d8e1       0x4d build/mes/bc_hook.o
 .rodata.wdogTest.str1.1
                0x000000000800d92e       0x43 build/mes/bc_hook.o
 .rodata.tickHandler.str1.1
                0x000000000800d971       0x46 build/mes/bc_hook.o
 .rodata.str1.1
                0x000000000800d9b7      0x12e build/mes/bc_hook.o
 .rodata.mes_InitIWDG.str1.1
                0x000000000800dae5       0x1a build/mes/watchdog.o
 .rodata.mes_IWDGStart.str1.1
                0x000000000800daff       0x11 build/mes/watchdog.o
 .rodata.mes_IWDGRefresh.str1.1
                0x000000000800db10       0x13 build/mes/watchdog.o
 .rodata.CmdTest.str1.1
                0x000000000800db23       0x47 build/mytest.o
 .rodata.str1.1
                0x000000000800db6a       0x16 build/mytest.o
 .rodata.CmdR.str1.1
                0x000000000800db80       0x10 build/monitor.o
 .rodata.str1.1
                0x000000000800db90       0x3b build/monitor.o
                                         0x3d (size before relaxing)
 .rodata.parse.str1.1
                0x000000000800dbcb       0xd6 build/parser.o
 .rodata.TaskInput.str1.1
                0x000000000800dca1        0xb build/parser.o
                                          0xe (size before relaxing)
 .rodata.__FUNCTION__.0
                0x000000000800dcac        0x6 build/parser.o
 .rodata.DumpBuffer.str1.1
                0x000000000800dcb2       0x16 build/dump.o
 .rodata.CmdDump.str1.1
                0x000000000800dcc8      0x1ca build/dump.o
 .rodata.str1.1
                0x000000000800de92       0x1c build/dump.o
                                         0x1e (size before relaxing)
 .rodata.CmdStats.str1.1
                0x000000000800deae       0x78 build/terminal.o
 .rodata._write_r.str1.1
                0x000000000800df26       0x78 build/terminal.o
                                          0x2 (size before relaxing)
 .rodata.str1.1
                0x000000000800df26       0x32 build/terminal.o
 .rodata.Uncompress.str1.1
                0x000000000800df58       0x26 build/decoder/decoder.o
 .rodata.DecodeReadRegister.str1.1
                0x000000000800df7e       0x35 build/decoder/decoder.o
 .rodata.DecodeField.str1.1
                0x000000000800dfb3       0x35 build/decoder/decoder.o
 .rodata.DecodeRegister.str1.1
                0x000000000800dfe8       0x3b build/decoder/decoder.o
 .rodata.DecodePeripheral.str1.1
                0x000000000800e023       0x28 build/decoder/decoder.o
 .rodata.DecodePrintPeripherals.str1.1
                0x000000000800e04b        0x3 build/decoder/decoder.o
                                          0x9 (size before relaxing)
 .rodata.CmdDecode.str1.1
                0x000000000800e04e      0x403 build/decoder/decoder.o
                                        0x405 (size before relaxing)
 .rodata.str1.1
                0x000000000800e451       0x21 build/decoder/decoder.o
                                         0x28 (size before relaxing)
 .rodata.str1.1
                0x000000000800e472     0x28bc build/decoder/STM32F30x_decoder.o
                                       0x2921 (size before relaxing)
 *fill*         0x0000000008010d2e        0x2 
 .rodata.ADC1_2_CCR_fields
                0x0000000008010d30       0x40 build/decoder/STM32F30x_decoder.o
                0x0000000008010d30                ADC1_2_CCR_fields
 .rodata.ADC1_2_CDR_fields
                0x0000000008010d70       0x10 build/decoder/STM32F30x_decoder.o
                0x0000000008010d70                ADC1_2_CDR_fields
 .rodata.ADC1_2_CSR_fields
                0x0000000008010d80       0xb0 build/decoder/STM32F30x_decoder.o
                0x0000000008010d80                ADC1_2_CSR_fields
 .rodata.ADC1_2_registers
                0x0000000008010e30       0x30 build/decoder/STM32F30x_decoder.o
                0x0000000008010e30                ADC1_2_registers
 .rodata.ADC1_AWD2CR_fields
                0x0000000008010e60        0x8 build/decoder/STM32F30x_decoder.o
                0x0000000008010e60                ADC1_AWD2CR_fields
 .rodata.ADC1_AWD3CR_fields
                0x0000000008010e68        0x8 build/decoder/STM32F30x_decoder.o
                0x0000000008010e68                ADC1_AWD3CR_fields
 .rodata.ADC1_CALFACT_fields
                0x0000000008010e70       0x10 build/decoder/STM32F30x_decoder.o
                0x0000000008010e70                ADC1_CALFACT_fields
 .rodata.ADC1_CFGR_fields
                0x0000000008010e80       0x98 build/decoder/STM32F30x_decoder.o
                0x0000000008010e80                ADC1_CFGR_fields
 .rodata.ADC1_CR_fields
                0x0000000008010f18       0x50 build/decoder/STM32F30x_decoder.o
                0x0000000008010f18                ADC1_CR_fields
 .rodata.ADC1_DIFSEL_fields
                0x0000000008010f68       0x10 build/decoder/STM32F30x_decoder.o
                0x0000000008010f68                ADC1_DIFSEL_fields
 .rodata.ADC1_DR_fields
                0x0000000008010f78        0x8 build/decoder/STM32F30x_decoder.o
                0x0000000008010f78                ADC1_DR_fields
 .rodata.ADC1_IER_fields
                0x0000000008010f80       0x58 build/decoder/STM32F30x_decoder.o
                0x0000000008010f80                ADC1_IER_fields
 .rodata.ADC1_ISR_fields
                0x0000000008010fd8       0x58 build/decoder/STM32F30x_decoder.o
                0x0000000008010fd8                ADC1_ISR_fields
 .rodata.ADC1_JDR1_fields
                0x0000000008011030        0x8 build/decoder/STM32F30x_decoder.o
                0x0000000008011030                ADC1_JDR1_fields
 .rodata.ADC1_JDR2_fields
                0x0000000008011038        0x8 build/decoder/STM32F30x_decoder.o
                0x0000000008011038                ADC1_JDR2_fields
 .rodata.ADC1_JDR3_fields
                0x0000000008011040        0x8 build/decoder/STM32F30x_decoder.o
                0x0000000008011040                ADC1_JDR3_fields
 .rodata.ADC1_JDR4_fields
                0x0000000008011048        0x8 build/decoder/STM32F30x_decoder.o
                0x0000000008011048                ADC1_JDR4_fields
 .rodata.ADC1_JSQR_fields
                0x0000000008011050       0x38 build/decoder/STM32F30x_decoder.o
                0x0000000008011050                ADC1_JSQR_fields
 .rodata.ADC1_OFR1_fields
                0x0000000008011088       0x18 build/decoder/STM32F30x_decoder.o
                0x0000000008011088                ADC1_OFR1_fields
 .rodata.ADC1_OFR2_fields
                0x00000000080110a0       0x18 build/decoder/STM32F30x_decoder.o
                0x00000000080110a0                ADC1_OFR2_fields
 .rodata.ADC1_OFR3_fields
                0x00000000080110b8       0x18 build/decoder/STM32F30x_decoder.o
                0x00000000080110b8                ADC1_OFR3_fields
 .rodata.ADC1_OFR4_fields
                0x00000000080110d0       0x18 build/decoder/STM32F30x_decoder.o
                0x00000000080110d0                ADC1_OFR4_fields
 .rodata.ADC1_SMPR1_fields
                0x00000000080110e8       0x48 build/decoder/STM32F30x_decoder.o
                0x00000000080110e8                ADC1_SMPR1_fields
 .rodata.ADC1_SMPR2_fields
                0x0000000008011130       0x48 build/decoder/STM32F30x_decoder.o
                0x0000000008011130                ADC1_SMPR2_fields
 .rodata.ADC1_SQR1_fields
                0x0000000008011178       0x28 build/decoder/STM32F30x_decoder.o
                0x0000000008011178                ADC1_SQR1_fields
 .rodata.ADC1_SQR2_fields
                0x00000000080111a0       0x28 build/decoder/STM32F30x_decoder.o
                0x00000000080111a0                ADC1_SQR2_fields
 .rodata.ADC1_SQR3_fields
                0x00000000080111c8       0x28 build/decoder/STM32F30x_decoder.o
                0x00000000080111c8                ADC1_SQR3_fields
 .rodata.ADC1_SQR4_fields
                0x00000000080111f0       0x10 build/decoder/STM32F30x_decoder.o
                0x00000000080111f0                ADC1_SQR4_fields
 .rodata.ADC1_TR1_fields
                0x0000000008011200       0x10 build/decoder/STM32F30x_decoder.o
                0x0000000008011200                ADC1_TR1_fields
 .rodata.ADC1_TR2_fields
                0x0000000008011210       0x10 build/decoder/STM32F30x_decoder.o
                0x0000000008011210                ADC1_TR2_fields
 .rodata.ADC1_TR3_fields
                0x0000000008011220       0x10 build/decoder/STM32F30x_decoder.o
                0x0000000008011220                ADC1_TR3_fields
 .rodata.ADC1_registers
                0x0000000008011230      0x1b0 build/decoder/STM32F30x_decoder.o
                0x0000000008011230                ADC1_registers
 .rodata.CAN_BTR_fields
                0x00000000080113e0       0x30 build/decoder/STM32F30x_decoder.o
                0x00000000080113e0                CAN_BTR_fields
 .rodata.CAN_ESR_fields
                0x0000000008011410       0x30 build/decoder/STM32F30x_decoder.o
                0x0000000008011410                CAN_ESR_fields
 .rodata.CAN_F0R1_fields
                0x0000000008011440      0x100 build/decoder/STM32F30x_decoder.o
                0x0000000008011440                CAN_F0R1_fields
 .rodata.CAN_F0R2_fields
                0x0000000008011540      0x100 build/decoder/STM32F30x_decoder.o
                0x0000000008011540                CAN_F0R2_fields
 .rodata.CAN_F10R1_fields
                0x0000000008011640      0x100 build/decoder/STM32F30x_decoder.o
                0x0000000008011640                CAN_F10R1_fields
 .rodata.CAN_F10R2_fields
                0x0000000008011740      0x100 build/decoder/STM32F30x_decoder.o
                0x0000000008011740                CAN_F10R2_fields
 .rodata.CAN_F11R1_fields
                0x0000000008011840      0x100 build/decoder/STM32F30x_decoder.o
                0x0000000008011840                CAN_F11R1_fields
 .rodata.CAN_F11R2_fields
                0x0000000008011940      0x100 build/decoder/STM32F30x_decoder.o
                0x0000000008011940                CAN_F11R2_fields
 .rodata.CAN_F12R1_fields
                0x0000000008011a40      0x100 build/decoder/STM32F30x_decoder.o
                0x0000000008011a40                CAN_F12R1_fields
 .rodata.CAN_F12R2_fields
                0x0000000008011b40      0x100 build/decoder/STM32F30x_decoder.o
                0x0000000008011b40                CAN_F12R2_fields
 .rodata.CAN_F13R1_fields
                0x0000000008011c40      0x100 build/decoder/STM32F30x_decoder.o
                0x0000000008011c40                CAN_F13R1_fields
 .rodata.CAN_F13R2_fields
                0x0000000008011d40      0x100 build/decoder/STM32F30x_decoder.o
                0x0000000008011d40                CAN_F13R2_fields
 .rodata.CAN_F14R1_fields
                0x0000000008011e40      0x100 build/decoder/STM32F30x_decoder.o
                0x0000000008011e40                CAN_F14R1_fields
 .rodata.CAN_F14R2_fields
                0x0000000008011f40      0x100 build/decoder/STM32F30x_decoder.o
                0x0000000008011f40                CAN_F14R2_fields
 .rodata.CAN_F15R1_fields
                0x0000000008012040      0x100 build/decoder/STM32F30x_decoder.o
                0x0000000008012040                CAN_F15R1_fields
 .rodata.CAN_F15R2_fields
                0x0000000008012140      0x100 build/decoder/STM32F30x_decoder.o
                0x0000000008012140                CAN_F15R2_fields
 .rodata.CAN_F16R1_fields
                0x0000000008012240      0x100 build/decoder/STM32F30x_decoder.o
                0x0000000008012240                CAN_F16R1_fields
 .rodata.CAN_F16R2_fields
                0x0000000008012340      0x100 build/decoder/STM32F30x_decoder.o
                0x0000000008012340                CAN_F16R2_fields
 .rodata.CAN_F17R1_fields
                0x0000000008012440      0x100 build/decoder/STM32F30x_decoder.o
                0x0000000008012440                CAN_F17R1_fields
 .rodata.CAN_F17R2_fields
                0x0000000008012540      0x100 build/decoder/STM32F30x_decoder.o
                0x0000000008012540                CAN_F17R2_fields
 .rodata.CAN_F18R1_fields
                0x0000000008012640      0x100 build/decoder/STM32F30x_decoder.o
                0x0000000008012640                CAN_F18R1_fields
 .rodata.CAN_F18R2_fields
                0x0000000008012740      0x100 build/decoder/STM32F30x_decoder.o
                0x0000000008012740                CAN_F18R2_fields
 .rodata.CAN_F19R1_fields
                0x0000000008012840      0x100 build/decoder/STM32F30x_decoder.o
                0x0000000008012840                CAN_F19R1_fields
 .rodata.CAN_F19R2_fields
                0x0000000008012940      0x100 build/decoder/STM32F30x_decoder.o
                0x0000000008012940                CAN_F19R2_fields
 .rodata.CAN_F1R1_fields
                0x0000000008012a40      0x100 build/decoder/STM32F30x_decoder.o
                0x0000000008012a40                CAN_F1R1_fields
 .rodata.CAN_F1R2_fields
                0x0000000008012b40      0x100 build/decoder/STM32F30x_decoder.o
                0x0000000008012b40                CAN_F1R2_fields
 .rodata.CAN_F20R1_fields
                0x0000000008012c40      0x100 build/decoder/STM32F30x_decoder.o
                0x0000000008012c40                CAN_F20R1_fields
 .rodata.CAN_F20R2_fields
                0x0000000008012d40      0x100 build/decoder/STM32F30x_decoder.o
                0x0000000008012d40                CAN_F20R2_fields
 .rodata.CAN_F21R1_fields
                0x0000000008012e40      0x100 build/decoder/STM32F30x_decoder.o
                0x0000000008012e40                CAN_F21R1_fields
 .rodata.CAN_F21R2_fields
                0x0000000008012f40      0x100 build/decoder/STM32F30x_decoder.o
                0x0000000008012f40                CAN_F21R2_fields
 .rodata.CAN_F22R1_fields
                0x0000000008013040      0x100 build/decoder/STM32F30x_decoder.o
                0x0000000008013040                CAN_F22R1_fields
 .rodata.CAN_F22R2_fields
                0x0000000008013140      0x100 build/decoder/STM32F30x_decoder.o
                0x0000000008013140                CAN_F22R2_fields
 .rodata.CAN_F23R1_fields
                0x0000000008013240      0x100 build/decoder/STM32F30x_decoder.o
                0x0000000008013240                CAN_F23R1_fields
 .rodata.CAN_F23R2_fields
                0x0000000008013340      0x100 build/decoder/STM32F30x_decoder.o
                0x0000000008013340                CAN_F23R2_fields
 .rodata.CAN_F24R1_fields
                0x0000000008013440      0x100 build/decoder/STM32F30x_decoder.o
                0x0000000008013440                CAN_F24R1_fields
 .rodata.CAN_F24R2_fields
                0x0000000008013540      0x100 build/decoder/STM32F30x_decoder.o
                0x0000000008013540                CAN_F24R2_fields
 .rodata.CAN_F25R1_fields
                0x0000000008013640      0x100 build/decoder/STM32F30x_decoder.o
                0x0000000008013640                CAN_F25R1_fields
 .rodata.CAN_F25R2_fields
                0x0000000008013740      0x100 build/decoder/STM32F30x_decoder.o
                0x0000000008013740                CAN_F25R2_fields
 .rodata.CAN_F26R1_fields
                0x0000000008013840      0x100 build/decoder/STM32F30x_decoder.o
                0x0000000008013840                CAN_F26R1_fields
 .rodata.CAN_F26R2_fields
                0x0000000008013940      0x100 build/decoder/STM32F30x_decoder.o
                0x0000000008013940                CAN_F26R2_fields
 .rodata.CAN_F27R1_fields
                0x0000000008013a40      0x100 build/decoder/STM32F30x_decoder.o
                0x0000000008013a40                CAN_F27R1_fields
 .rodata.CAN_F27R2_fields
                0x0000000008013b40      0x100 build/decoder/STM32F30x_decoder.o
                0x0000000008013b40                CAN_F27R2_fields
 .rodata.CAN_F2R1_fields
                0x0000000008013c40      0x100 build/decoder/STM32F30x_decoder.o
                0x0000000008013c40                CAN_F2R1_fields
 .rodata.CAN_F2R2_fields
                0x0000000008013d40      0x100 build/decoder/STM32F30x_decoder.o
                0x0000000008013d40                CAN_F2R2_fields
 .rodata.CAN_F3R1_fields
                0x0000000008013e40      0x100 build/decoder/STM32F30x_decoder.o
                0x0000000008013e40                CAN_F3R1_fields
 .rodata.CAN_F3R2_fields
                0x0000000008013f40      0x100 build/decoder/STM32F30x_decoder.o
                0x0000000008013f40                CAN_F3R2_fields
 .rodata.CAN_F4R1_fields
                0x0000000008014040      0x100 build/decoder/STM32F30x_decoder.o